<?xml version="1.0"?>
<link_info>
   <banner>TI ARM Linker PC v16.9.4.LTS</banner>
   <copyright>Copyright (c) 1996-2017 Texas Instruments Incorporated</copyright>
   <link_time>0x5a84addb</link_time>
   <link_errors>0x0</link_errors>
   <output_file>udp_socket.out</output_file>
   <entry_point>
      <name>_c_int00</name>
      <address>0x2000bff9</address>
   </entry_point>
   <input_file_list>
      <input_file id="fl-2">
         <path>.\</path>
         <kind>object</kind>
         <file>main.obj</file>
         <name>main.obj</name>
      </input_file>
      <input_file id="fl-3">
         <path>.\</path>
         <kind>object</kind>
         <file>network_common.obj</file>
         <name>network_common.obj</name>
      </input_file>
      <input_file id="fl-4">
         <path>.\</path>
         <kind>object</kind>
         <file>pinmux.obj</file>
         <name>pinmux.obj</name>
      </input_file>
      <input_file id="fl-5">
         <path>.\</path>
         <kind>object</kind>
         <file>startup_ccs.obj</file>
         <name>startup_ccs.obj</name>
      </input_file>
      <input_file id="fl-6">
         <path>.\</path>
         <kind>object</kind>
         <file>uart_if.obj</file>
         <name>uart_if.obj</name>
      </input_file>
      <input_file id="fl-7">
         <path>.\</path>
         <kind>object</kind>
         <file>udma_if.obj</file>
         <name>udma_if.obj</name>
      </input_file>
      <input_file id="fl-d">
         <kind>object</kind>
         <file>&lt;internal&gt;</file>
         <name>&lt;internal&gt;</name>
      </input_file>
      <input_file id="fl-c3">
         <path>C:\ti\ccsv7\tools\compiler\ti-cgt-arm_16.9.4.LTS\lib\</path>
         <kind>archive</kind>
         <file>rtsv7M4_T_le_eabi.lib</file>
         <name>boot.obj</name>
      </input_file>
      <input_file id="fl-c4">
         <path>C:\ti\ccsv7\tools\compiler\ti-cgt-arm_16.9.4.LTS\lib\</path>
         <kind>archive</kind>
         <file>rtsv7M4_T_le_eabi.lib</file>
         <name>copy_decompress_lzss.obj</name>
      </input_file>
      <input_file id="fl-c5">
         <path>C:\ti\ccsv7\tools\compiler\ti-cgt-arm_16.9.4.LTS\lib\</path>
         <kind>archive</kind>
         <file>rtsv7M4_T_le_eabi.lib</file>
         <name>copy_decompress_none.obj</name>
      </input_file>
      <input_file id="fl-c6">
         <path>C:\ti\ccsv7\tools\compiler\ti-cgt-arm_16.9.4.LTS\lib\</path>
         <kind>archive</kind>
         <file>rtsv7M4_T_le_eabi.lib</file>
         <name>copy_zero_init.obj</name>
      </input_file>
      <input_file id="fl-c7">
         <path>C:\ti\ccsv7\tools\compiler\ti-cgt-arm_16.9.4.LTS\lib\</path>
         <kind>archive</kind>
         <file>rtsv7M4_T_le_eabi.lib</file>
         <name>exit.obj</name>
      </input_file>
      <input_file id="fl-c8">
         <path>C:\ti\ccsv7\tools\compiler\ti-cgt-arm_16.9.4.LTS\lib\</path>
         <kind>archive</kind>
         <file>rtsv7M4_T_le_eabi.lib</file>
         <name>memcpy_t2.obj</name>
      </input_file>
      <input_file id="fl-c9">
         <path>C:\ti\ccsv7\tools\compiler\ti-cgt-arm_16.9.4.LTS\lib\</path>
         <kind>archive</kind>
         <file>rtsv7M4_T_le_eabi.lib</file>
         <name>memmov.obj</name>
      </input_file>
      <input_file id="fl-ca">
         <path>C:\ti\ccsv7\tools\compiler\ti-cgt-arm_16.9.4.LTS\lib\</path>
         <kind>archive</kind>
         <file>rtsv7M4_T_le_eabi.lib</file>
         <name>memory.obj</name>
      </input_file>
      <input_file id="fl-cb">
         <path>C:\ti\ccsv7\tools\compiler\ti-cgt-arm_16.9.4.LTS\lib\</path>
         <kind>archive</kind>
         <file>rtsv7M4_T_le_eabi.lib</file>
         <name>memset_t2.obj</name>
      </input_file>
      <input_file id="fl-cc">
         <path>C:\ti\ccsv7\tools\compiler\ti-cgt-arm_16.9.4.LTS\lib\</path>
         <kind>archive</kind>
         <file>rtsv7M4_T_le_eabi.lib</file>
         <name>mpu_init.obj</name>
      </input_file>
      <input_file id="fl-cd">
         <path>C:\ti\ccsv7\tools\compiler\ti-cgt-arm_16.9.4.LTS\lib\</path>
         <kind>archive</kind>
         <file>rtsv7M4_T_le_eabi.lib</file>
         <name>pre_init.obj</name>
      </input_file>
      <input_file id="fl-ce">
         <path>C:\ti\ccsv7\tools\compiler\ti-cgt-arm_16.9.4.LTS\lib\</path>
         <kind>archive</kind>
         <file>rtsv7M4_T_le_eabi.lib</file>
         <name>stkdepth_vars.obj</name>
      </input_file>
      <input_file id="fl-cf">
         <path>C:\ti\ccsv7\tools\compiler\ti-cgt-arm_16.9.4.LTS\lib\</path>
         <kind>archive</kind>
         <file>rtsv7M4_T_le_eabi.lib</file>
         <name>strlen.obj</name>
      </input_file>
      <input_file id="fl-d0">
         <path>C:\ti\ccsv7\tools\compiler\ti-cgt-arm_16.9.4.LTS\lib\</path>
         <kind>archive</kind>
         <file>rtsv7M4_T_le_eabi.lib</file>
         <name>strtok.obj</name>
      </input_file>
      <input_file id="fl-d1">
         <path>C:\ti\ccsv7\tools\compiler\ti-cgt-arm_16.9.4.LTS\lib\</path>
         <kind>archive</kind>
         <file>rtsv7M4_T_le_eabi.lib</file>
         <name>strtoul.obj</name>
      </input_file>
      <input_file id="fl-d2">
         <path>C:\ti\ccsv7\tools\compiler\ti-cgt-arm_16.9.4.LTS\lib\</path>
         <kind>archive</kind>
         <file>rtsv7M4_T_le_eabi.lib</file>
         <name>vsnprintf.obj</name>
      </input_file>
      <input_file id="fl-d3">
         <path>C:\ti\ccsv7\tools\compiler\ti-cgt-arm_16.9.4.LTS\lib\</path>
         <kind>archive</kind>
         <file>rtsv7M4_T_le_eabi.lib</file>
         <name>_lock.obj</name>
      </input_file>
      <input_file id="fl-d4">
         <path>C:\ti\ccsv7\tools\compiler\ti-cgt-arm_16.9.4.LTS\lib\</path>
         <kind>archive</kind>
         <file>rtsv7M4_T_le_eabi.lib</file>
         <name>_printfi.obj</name>
      </input_file>
      <input_file id="fl-d5">
         <path>C:\ti\ccsv7\tools\compiler\ti-cgt-arm_16.9.4.LTS\lib\</path>
         <kind>archive</kind>
         <file>rtsv7M4_T_le_eabi.lib</file>
         <name>args_main.obj</name>
      </input_file>
      <input_file id="fl-d6">
         <path>C:\ti\ccsv7\tools\compiler\ti-cgt-arm_16.9.4.LTS\lib\</path>
         <kind>archive</kind>
         <file>rtsv7M4_T_le_eabi.lib</file>
         <name>atoi.obj</name>
      </input_file>
      <input_file id="fl-d7">
         <path>C:\ti\ccsv7\tools\compiler\ti-cgt-arm_16.9.4.LTS\lib\</path>
         <kind>archive</kind>
         <file>rtsv7M4_T_le_eabi.lib</file>
         <name>autoinit.obj</name>
      </input_file>
      <input_file id="fl-d8">
         <path>C:\ti\ccsv7\tools\compiler\ti-cgt-arm_16.9.4.LTS\lib\</path>
         <kind>archive</kind>
         <file>rtsv7M4_T_le_eabi.lib</file>
         <name>cpy_tbl.obj</name>
      </input_file>
      <input_file id="fl-d9">
         <path>C:\ti\ccsv7\tools\compiler\ti-cgt-arm_16.9.4.LTS\lib\</path>
         <kind>archive</kind>
         <file>rtsv7M4_T_le_eabi.lib</file>
         <name>ctype.obj</name>
      </input_file>
      <input_file id="fl-da">
         <path>C:\ti\ccsv7\tools\compiler\ti-cgt-arm_16.9.4.LTS\lib\</path>
         <kind>archive</kind>
         <file>rtsv7M4_T_le_eabi.lib</file>
         <name>errno.obj</name>
      </input_file>
      <input_file id="fl-db">
         <path>C:\ti\ccsv7\tools\compiler\ti-cgt-arm_16.9.4.LTS\lib\</path>
         <kind>archive</kind>
         <file>rtsv7M4_T_le_eabi.lib</file>
         <name>fd_add_t2.obj</name>
      </input_file>
      <input_file id="fl-dc">
         <path>C:\ti\ccsv7\tools\compiler\ti-cgt-arm_16.9.4.LTS\lib\</path>
         <kind>archive</kind>
         <file>rtsv7M4_T_le_eabi.lib</file>
         <name>fd_cmp_t2.obj</name>
      </input_file>
      <input_file id="fl-dd">
         <path>C:\ti\ccsv7\tools\compiler\ti-cgt-arm_16.9.4.LTS\lib\</path>
         <kind>archive</kind>
         <file>rtsv7M4_T_le_eabi.lib</file>
         <name>fd_div_t2.obj</name>
      </input_file>
      <input_file id="fl-de">
         <path>C:\ti\ccsv7\tools\compiler\ti-cgt-arm_16.9.4.LTS\lib\</path>
         <kind>archive</kind>
         <file>rtsv7M4_T_le_eabi.lib</file>
         <name>fd_mul_t2.obj</name>
      </input_file>
      <input_file id="fl-df">
         <path>C:\ti\ccsv7\tools\compiler\ti-cgt-arm_16.9.4.LTS\lib\</path>
         <kind>archive</kind>
         <file>rtsv7M4_T_le_eabi.lib</file>
         <name>fd_toi_t2.obj</name>
      </input_file>
      <input_file id="fl-e0">
         <path>C:\ti\ccsv7\tools\compiler\ti-cgt-arm_16.9.4.LTS\lib\</path>
         <kind>archive</kind>
         <file>rtsv7M4_T_le_eabi.lib</file>
         <name>i_tofd_t2.obj</name>
      </input_file>
      <input_file id="fl-e1">
         <path>C:\ti\ccsv7\tools\compiler\ti-cgt-arm_16.9.4.LTS\lib\</path>
         <kind>archive</kind>
         <file>rtsv7M4_T_le_eabi.lib</file>
         <name>ltoa.obj</name>
      </input_file>
      <input_file id="fl-e2">
         <path>C:\ti\ccsv7\tools\compiler\ti-cgt-arm_16.9.4.LTS\lib\</path>
         <kind>archive</kind>
         <file>rtsv7M4_T_le_eabi.lib</file>
         <name>memccpy.obj</name>
      </input_file>
      <input_file id="fl-e3">
         <path>C:\ti\ccsv7\tools\compiler\ti-cgt-arm_16.9.4.LTS\lib\</path>
         <kind>archive</kind>
         <file>rtsv7M4_T_le_eabi.lib</file>
         <name>s_frexp.obj</name>
      </input_file>
      <input_file id="fl-e4">
         <path>C:\ti\ccsv7\tools\compiler\ti-cgt-arm_16.9.4.LTS\lib\</path>
         <kind>archive</kind>
         <file>rtsv7M4_T_le_eabi.lib</file>
         <name>s_scalbn.obj</name>
      </input_file>
      <input_file id="fl-e5">
         <path>C:\ti\ccsv7\tools\compiler\ti-cgt-arm_16.9.4.LTS\lib\</path>
         <kind>archive</kind>
         <file>rtsv7M4_T_le_eabi.lib</file>
         <name>startup.obj</name>
      </input_file>
      <input_file id="fl-e6">
         <path>C:\ti\ccsv7\tools\compiler\ti-cgt-arm_16.9.4.LTS\lib\</path>
         <kind>archive</kind>
         <file>rtsv7M4_T_le_eabi.lib</file>
         <name>strchr.obj</name>
      </input_file>
      <input_file id="fl-e7">
         <path>C:\ti\ccsv7\tools\compiler\ti-cgt-arm_16.9.4.LTS\lib\</path>
         <kind>archive</kind>
         <file>rtsv7M4_T_le_eabi.lib</file>
         <name>strcspn.obj</name>
      </input_file>
      <input_file id="fl-e8">
         <path>C:\ti\ccsv7\tools\compiler\ti-cgt-arm_16.9.4.LTS\lib\</path>
         <kind>archive</kind>
         <file>rtsv7M4_T_le_eabi.lib</file>
         <name>strspn.obj</name>
      </input_file>
      <input_file id="fl-e9">
         <path>C:\ti\ccsv7\tools\compiler\ti-cgt-arm_16.9.4.LTS\lib\</path>
         <kind>archive</kind>
         <file>rtsv7M4_T_le_eabi.lib</file>
         <name>ull_div_t2.obj</name>
      </input_file>
      <input_file id="fl-ea">
         <path>C:\ti\ccsv7\tools\compiler\ti-cgt-arm_16.9.4.LTS\lib\</path>
         <kind>archive</kind>
         <file>rtsv7M4_T_le_eabi.lib</file>
         <name>s_copysign.obj</name>
      </input_file>
      <input_file id="fl-eb">
         <path>C:\ti\CC3200SDK_1.3.0\cc3200-sdk\simplelink\ccs\NON_OS\</path>
         <kind>archive</kind>
         <file>simplelink.a</file>
         <name>device.obj</name>
      </input_file>
      <input_file id="fl-ec">
         <path>C:\ti\CC3200SDK_1.3.0\cc3200-sdk\simplelink\ccs\NON_OS\</path>
         <kind>archive</kind>
         <file>simplelink.a</file>
         <name>driver.obj</name>
      </input_file>
      <input_file id="fl-ed">
         <path>C:\ti\CC3200SDK_1.3.0\cc3200-sdk\simplelink\ccs\NON_OS\</path>
         <kind>archive</kind>
         <file>simplelink.a</file>
         <name>netapp.obj</name>
      </input_file>
      <input_file id="fl-ee">
         <path>C:\ti\CC3200SDK_1.3.0\cc3200-sdk\simplelink\ccs\NON_OS\</path>
         <kind>archive</kind>
         <file>simplelink.a</file>
         <name>netcfg.obj</name>
      </input_file>
      <input_file id="fl-ef">
         <path>C:\ti\CC3200SDK_1.3.0\cc3200-sdk\simplelink\ccs\NON_OS\</path>
         <kind>archive</kind>
         <file>simplelink.a</file>
         <name>nonos.obj</name>
      </input_file>
      <input_file id="fl-f0">
         <path>C:\ti\CC3200SDK_1.3.0\cc3200-sdk\simplelink\ccs\NON_OS\</path>
         <kind>archive</kind>
         <file>simplelink.a</file>
         <name>socket.obj</name>
      </input_file>
      <input_file id="fl-f1">
         <path>C:\ti\CC3200SDK_1.3.0\cc3200-sdk\simplelink\ccs\NON_OS\</path>
         <kind>archive</kind>
         <file>simplelink.a</file>
         <name>wlan.obj</name>
      </input_file>
      <input_file id="fl-f2">
         <path>C:\ti\CC3200SDK_1.3.0\cc3200-sdk\simplelink\ccs\NON_OS\</path>
         <kind>archive</kind>
         <file>simplelink.a</file>
         <name>cc_pal.obj</name>
      </input_file>
      <input_file id="fl-f3">
         <path>C:\ti\CC3200SDK_1.3.0\cc3200-sdk\driverlib\ccs\Release\</path>
         <kind>archive</kind>
         <file>driverlib.a</file>
         <name>interrupt.obj</name>
      </input_file>
      <input_file id="fl-f4">
         <path>C:\ti\CC3200SDK_1.3.0\cc3200-sdk\driverlib\ccs\Release\</path>
         <kind>archive</kind>
         <file>driverlib.a</file>
         <name>pin.obj</name>
      </input_file>
      <input_file id="fl-f5">
         <path>C:\ti\CC3200SDK_1.3.0\cc3200-sdk\driverlib\ccs\Release\</path>
         <kind>archive</kind>
         <file>driverlib.a</file>
         <name>prcm.obj</name>
      </input_file>
      <input_file id="fl-f6">
         <path>C:\ti\CC3200SDK_1.3.0\cc3200-sdk\driverlib\ccs\Release\</path>
         <kind>archive</kind>
         <file>driverlib.a</file>
         <name>spi.obj</name>
      </input_file>
      <input_file id="fl-f7">
         <path>C:\ti\CC3200SDK_1.3.0\cc3200-sdk\driverlib\ccs\Release\</path>
         <kind>archive</kind>
         <file>driverlib.a</file>
         <name>timer.obj</name>
      </input_file>
      <input_file id="fl-f8">
         <path>C:\ti\CC3200SDK_1.3.0\cc3200-sdk\driverlib\ccs\Release\</path>
         <kind>archive</kind>
         <file>driverlib.a</file>
         <name>uart.obj</name>
      </input_file>
      <input_file id="fl-f9">
         <path>C:\ti\CC3200SDK_1.3.0\cc3200-sdk\driverlib\ccs\Release\</path>
         <kind>archive</kind>
         <file>driverlib.a</file>
         <name>udma.obj</name>
      </input_file>
      <input_file id="fl-fa">
         <path>C:\ti\CC3200SDK_1.3.0\cc3200-sdk\driverlib\ccs\Release\</path>
         <kind>archive</kind>
         <file>driverlib.a</file>
         <name>utils.obj</name>
      </input_file>
      <input_file id="fl-fb">
         <path>C:\ti\CC3200SDK_1.3.0\cc3200-sdk\driverlib\ccs\Release\</path>
         <kind>archive</kind>
         <file>driverlib.a</file>
         <name>cpu.obj</name>
      </input_file>
      <input_file id="fl-fc">
         <path>C:\ti\CC3200SDK_1.3.0\cc3200-sdk\driverlib\ccs\Release\</path>
         <kind>archive</kind>
         <file>driverlib.a</file>
         <name>flash.obj</name>
      </input_file>
   </input_file_list>
   <object_component_list>
      <object_component id="oc-f">
         <name>.intvecs</name>
         <load_address>0x20004000</load_address>
         <run_address>0x20004000</run_address>
         <size>0x400</size>
         <input_file_ref idref="fl-5"/>
      </object_component>
      <object_component id="oc-a8">
         <name>.text</name>
         <load_address>0x20004400</load_address>
         <run_address>0x20004400</run_address>
         <size>0x13a8</size>
         <input_file_ref idref="fl-2"/>
      </object_component>
      <object_component id="oc-3fa">
         <name>.text</name>
         <load_address>0x200057a8</load_address>
         <run_address>0x200057a8</run_address>
         <size>0x1122</size>
         <input_file_ref idref="fl-d4"/>
      </object_component>
      <object_component id="oc-64c">
         <name>.text:IntDefaultHandler</name>
         <load_address>0x200068ca</load_address>
         <run_address>0x200068ca</run_address>
         <size>0x2</size>
         <input_file_ref idref="fl-f3"/>
      </object_component>
      <object_component id="oc-65b">
         <name>.text:_SlDrvMsgRead</name>
         <load_address>0x200068cc</load_address>
         <run_address>0x200068cc</run_address>
         <size>0x590</size>
         <input_file_ref idref="fl-ec"/>
      </object_component>
      <object_component id="oc-209">
         <name>.text</name>
         <load_address>0x20006e5c</load_address>
         <run_address>0x20006e5c</run_address>
         <size>0x3d0</size>
         <input_file_ref idref="fl-ca"/>
      </object_component>
      <object_component id="oc-d8">
         <name>.text</name>
         <load_address>0x2000722c</load_address>
         <run_address>0x2000722c</run_address>
         <size>0x280</size>
         <input_file_ref idref="fl-6"/>
      </object_component>
      <object_component id="oc-171">
         <name>.text:sl_WlanConnect</name>
         <load_address>0x200074ac</load_address>
         <run_address>0x200074ac</run_address>
         <size>0x27c</size>
         <input_file_ref idref="fl-f1"/>
      </object_component>
      <object_component id="oc-6d5">
         <name>.text:_SlDrvRxHdrRead</name>
         <load_address>0x20007728</load_address>
         <run_address>0x20007728</run_address>
         <size>0x24c</size>
         <input_file_ref idref="fl-ec"/>
      </object_component>
      <object_component id="oc-5b2">
         <name>.text</name>
         <load_address>0x20007974</load_address>
         <run_address>0x20007974</run_address>
         <size>0x1f4</size>
         <input_file_ref idref="fl-e9"/>
      </object_component>
      <object_component id="oc-32f">
         <name>.text:_SlDrvDataReadOp</name>
         <load_address>0x20007b68</load_address>
         <run_address>0x20007b68</run_address>
         <size>0x1e4</size>
         <input_file_ref idref="fl-ec"/>
      </object_component>
      <object_component id="oc-25b">
         <name>.text:_SlDrvReleasePoolObj</name>
         <load_address>0x20007d4c</load_address>
         <run_address>0x20007d4c</run_address>
         <size>0x1d0</size>
         <input_file_ref idref="fl-ec"/>
      </object_component>
      <object_component id="oc-196">
         <name>.text</name>
         <load_address>0x20007f1c</load_address>
         <run_address>0x20007f1c</run_address>
         <size>0x1cc</size>
         <input_file_ref idref="fl-7"/>
      </object_component>
      <object_component id="oc-5db">
         <name>.text</name>
         <load_address>0x200080e8</load_address>
         <run_address>0x200080e8</run_address>
         <size>0x1b6</size>
         <input_file_ref idref="fl-db"/>
      </object_component>
      <object_component id="oc-59">
         <name>.text</name>
         <load_address>0x2000829e</load_address>
         <run_address>0x2000829e</run_address>
         <size>0x2</size>
         <input_file_ref idref="fl-cc"/>
      </object_component>
      <object_component id="oc-231">
         <name>.text:_SlDrvDriverCBInit</name>
         <load_address>0x200082a0</load_address>
         <run_address>0x200082a0</run_address>
         <size>0x1b4</size>
         <input_file_ref idref="fl-ec"/>
      </object_component>
      <object_component id="oc-4fb">
         <name>.text:_SlDrvMsgWrite</name>
         <load_address>0x20008454</load_address>
         <run_address>0x20008454</run_address>
         <size>0x19c</size>
         <input_file_ref idref="fl-ec"/>
      </object_component>
      <object_component id="oc-486">
         <name>.text:_SlDrvWaitForPoolObj</name>
         <load_address>0x200085f0</load_address>
         <run_address>0x200085f0</run_address>
         <size>0x190</size>
         <input_file_ref idref="fl-ec"/>
      </object_component>
      <object_component id="oc-18b">
         <name>.text:PRCMCC3200MCUInit</name>
         <load_address>0x20008780</load_address>
         <run_address>0x20008780</run_address>
         <size>0x178</size>
         <input_file_ref idref="fl-f5"/>
      </object_component>
      <object_component id="oc-6e7">
         <name>.text:_SlFindAndSetActiveObj</name>
         <load_address>0x200088f8</load_address>
         <run_address>0x200088f8</run_address>
         <size>0x170</size>
         <input_file_ref idref="fl-ec"/>
      </object_component>
      <object_component id="oc-31d">
         <name>.text:_SlDrvDataWriteOp</name>
         <load_address>0x20008a68</load_address>
         <run_address>0x20008a68</run_address>
         <size>0x150</size>
         <input_file_ref idref="fl-ec"/>
      </object_component>
      <object_component id="oc-237">
         <name>.text:spi_Open</name>
         <load_address>0x20008bb8</load_address>
         <run_address>0x20008bb8</run_address>
         <size>0x148</size>
         <input_file_ref idref="fl-f2"/>
      </object_component>
      <object_component id="oc-501">
         <name>.text:_SlDrvMsgReadCmdCtx</name>
         <load_address>0x20008d00</load_address>
         <run_address>0x20008d00</run_address>
         <size>0x144</size>
         <input_file_ref idref="fl-ec"/>
      </object_component>
      <object_component id="oc-159">
         <name>.text:sl_SendTo</name>
         <load_address>0x20008e44</load_address>
         <run_address>0x20008e44</run_address>
         <size>0x144</size>
         <input_file_ref idref="fl-f0"/>
      </object_component>
      <object_component id="oc-16b">
         <name>.text:sl_RecvFrom</name>
         <load_address>0x20008f88</load_address>
         <run_address>0x20008f88</run_address>
         <size>0x13c</size>
         <input_file_ref idref="fl-f0"/>
      </object_component>
      <object_component id="oc-5c1">
         <name>.text</name>
         <load_address>0x200090c4</load_address>
         <run_address>0x200090c4</run_address>
         <size>0x136</size>
         <input_file_ref idref="fl-dd"/>
      </object_component>
      <object_component id="oc-a0">
         <name>.text</name>
         <load_address>0x200091fa</load_address>
         <run_address>0x200091fa</run_address>
         <size>0x2</size>
         <input_file_ref idref="fl-e5"/>
      </object_component>
      <object_component id="oc-2a0">
         <name>.text:_SlDrvDriverCBDeinit</name>
         <load_address>0x200091fc</load_address>
         <run_address>0x200091fc</run_address>
         <size>0x130</size>
         <input_file_ref idref="fl-ec"/>
      </object_component>
      <object_component id="oc-13a">
         <name>.text</name>
         <load_address>0x2000932c</load_address>
         <run_address>0x2000932c</run_address>
         <size>0x114</size>
         <input_file_ref idref="fl-d1"/>
      </object_component>
      <object_component id="oc-73b">
         <name>.text:_SlDrvNetAppEventHandler</name>
         <load_address>0x20009440</load_address>
         <run_address>0x20009440</run_address>
         <size>0x104</size>
         <input_file_ref idref="fl-ed"/>
      </object_component>
      <object_component id="oc-5bc">
         <name>.text</name>
         <load_address>0x20009544</load_address>
         <run_address>0x20009544</run_address>
         <size>0xfc</size>
         <input_file_ref idref="fl-de"/>
      </object_component>
      <object_component id="oc-f7">
         <name>.text:sl_Stop</name>
         <load_address>0x20009640</load_address>
         <run_address>0x20009640</run_address>
         <size>0xf0</size>
         <input_file_ref idref="fl-eb"/>
      </object_component>
      <object_component id="oc-6e1">
         <name>.text:spi_Read</name>
         <load_address>0x20009730</load_address>
         <run_address>0x20009730</run_address>
         <size>0xf0</size>
         <input_file_ref idref="fl-f2"/>
      </object_component>
      <object_component id="oc-3ca">
         <name>.text:uDMAChannelTransferSet</name>
         <load_address>0x20009820</load_address>
         <run_address>0x20009820</run_address>
         <size>0xf0</size>
         <input_file_ref idref="fl-f9"/>
      </object_component>
      <object_component id="oc-e5">
         <name>.text:sl_Start</name>
         <load_address>0x20009910</load_address>
         <run_address>0x20009910</run_address>
         <size>0xec</size>
         <input_file_ref idref="fl-eb"/>
      </object_component>
      <object_component id="oc-661">
         <name>.text:_SlAsyncEventGenericHandler</name>
         <load_address>0x200099fc</load_address>
         <run_address>0x200099fc</run_address>
         <size>0xe8</size>
         <input_file_ref idref="fl-ec"/>
      </object_component>
      <object_component id="oc-4e2">
         <name>.text:_SlDrvMsgReadSpawnCtx</name>
         <load_address>0x20009ae4</load_address>
         <run_address>0x20009ae4</run_address>
         <size>0xe8</size>
         <input_file_ref idref="fl-ec"/>
      </object_component>
      <object_component id="oc-2db">
         <name>.text:sl_NetAppMDNSRegisterUnregisterService</name>
         <load_address>0x20009bcc</load_address>
         <run_address>0x20009bcc</run_address>
         <size>0xe4</size>
         <input_file_ref idref="fl-ed"/>
      </object_component>
      <object_component id="oc-6db">
         <name>.text:_SlDrvClassifyRxMsg</name>
         <load_address>0x20009cb0</load_address>
         <run_address>0x20009cb0</run_address>
         <size>0xdc</size>
         <input_file_ref idref="fl-ec"/>
      </object_component>
      <object_component id="oc-5e6">
         <name>.text</name>
         <load_address>0x20009d8c</load_address>
         <run_address>0x20009d8c</run_address>
         <size>0xd0</size>
         <input_file_ref idref="fl-e4"/>
      </object_component>
      <object_component id="oc-797">
         <name>.text:_sl_HandleAsync_DnsGetHostByService</name>
         <load_address>0x20009e5c</load_address>
         <run_address>0x20009e5c</run_address>
         <size>0xcc</size>
         <input_file_ref idref="fl-ed"/>
      </object_component>
      <object_component id="oc-fd">
         <name>.text:sl_DevGet</name>
         <load_address>0x20009f28</load_address>
         <run_address>0x20009f28</run_address>
         <size>0xcc</size>
         <input_file_ref idref="fl-eb"/>
      </object_component>
      <object_component id="oc-4c2">
         <name>.text:_SlRemoveFromList</name>
         <load_address>0x20009ff4</load_address>
         <run_address>0x20009ff4</run_address>
         <size>0xc4</size>
         <input_file_ref idref="fl-ec"/>
      </object_component>
      <object_component id="oc-284">
         <name>.text:_SlDrvCmdOp</name>
         <load_address>0x2000a0b8</load_address>
         <run_address>0x2000a0b8</run_address>
         <size>0xc0</size>
         <input_file_ref idref="fl-ec"/>
      </object_component>
      <object_component id="oc-165">
         <name>.text:sl_Bind</name>
         <load_address>0x2000a178</load_address>
         <run_address>0x2000a178</run_address>
         <size>0xb8</size>
         <input_file_ref idref="fl-f0"/>
      </object_component>
      <object_component id="oc-420">
         <name>.text:_SlNonOsSemGet</name>
         <load_address>0x2000a230</load_address>
         <run_address>0x2000a230</run_address>
         <size>0xb0</size>
         <input_file_ref idref="fl-ef"/>
      </object_component>
      <object_component id="oc-4a1">
         <name>.text:IntDisable</name>
         <load_address>0x2000a2e0</load_address>
         <run_address>0x2000a2e0</run_address>
         <size>0xa8</size>
         <input_file_ref idref="fl-f3"/>
      </object_component>
      <object_component id="oc-185">
         <name>.text:IntEnable</name>
         <load_address>0x2000a388</load_address>
         <run_address>0x2000a388</run_address>
         <size>0xa8</size>
         <input_file_ref idref="fl-f3"/>
      </object_component>
      <object_component id="oc-4bb">
         <name>.text:_SlDriverHandleError</name>
         <load_address>0x2000a430</load_address>
         <run_address>0x2000a430</run_address>
         <size>0xa4</size>
         <input_file_ref idref="fl-ec"/>
      </object_component>
      <object_component id="oc-43d">
         <name>.text:SPIConfigSetExpClk</name>
         <load_address>0x2000a4d4</load_address>
         <run_address>0x2000a4d4</run_address>
         <size>0xa0</size>
         <input_file_ref idref="fl-f6"/>
      </object_component>
      <object_component id="oc-41">
         <name>.text</name>
         <load_address>0x2000a574</load_address>
         <run_address>0x2000a574</run_address>
         <size>0x9c</size>
         <input_file_ref idref="fl-c8"/>
      </object_component>
      <object_component id="oc-789">
         <name>.text:_SlDrvDeviceEventHandler</name>
         <load_address>0x2000a610</load_address>
         <run_address>0x2000a610</run_address>
         <size>0x9a</size>
         <input_file_ref idref="fl-eb"/>
      </object_component>
      <object_component id="oc-115">
         <name>.text:sl_NetCfgSet</name>
         <load_address>0x2000a6ac</load_address>
         <run_address>0x2000a6ac</run_address>
         <size>0x98</size>
         <input_file_ref idref="fl-ee"/>
      </object_component>
      <object_component id="oc-11b">
         <name>.text:sl_WlanSet</name>
         <load_address>0x2000a744</load_address>
         <run_address>0x2000a744</run_address>
         <size>0x98</size>
         <input_file_ref idref="fl-f1"/>
      </object_component>
      <object_component id="oc-66a">
         <name>.text:spi_Write</name>
         <load_address>0x2000a7dc</load_address>
         <run_address>0x2000a7dc</run_address>
         <size>0x98</size>
         <input_file_ref idref="fl-f2"/>
      </object_component>
      <object_component id="oc-1d9">
         <name>.text:PRCMPeripheralClockGet</name>
         <load_address>0x2000a874</load_address>
         <run_address>0x2000a874</run_address>
         <size>0x94</size>
         <input_file_ref idref="fl-f5"/>
      </object_component>
      <object_component id="oc-791">
         <name>.text:_sl_HandleAsync_DnsGetHostByName</name>
         <load_address>0x2000a908</load_address>
         <run_address>0x2000a908</run_address>
         <size>0x90</size>
         <input_file_ref idref="fl-ed"/>
      </object_component>
      <object_component id="oc-741">
         <name>.text:_sl_HandleAsync_PingResponse</name>
         <load_address>0x2000a998</load_address>
         <run_address>0x2000a998</run_address>
         <size>0x90</size>
         <input_file_ref idref="fl-ed"/>
      </object_component>
      <object_component id="oc-103">
         <name>.text:sl_WlanPolicySet</name>
         <load_address>0x2000aa28</load_address>
         <run_address>0x2000aa28</run_address>
         <size>0x90</size>
         <input_file_ref idref="fl-f1"/>
      </object_component>
      <object_component id="oc-748">
         <name>.text:SetupDMAReceive</name>
         <load_address>0x2000aab8</load_address>
         <run_address>0x2000aab8</run_address>
         <size>0x8c</size>
         <input_file_ref idref="fl-f2"/>
      </object_component>
      <object_component id="oc-6f2">
         <name>.text:SetupDMASend</name>
         <load_address>0x2000ab44</load_address>
         <run_address>0x2000ab44</run_address>
         <size>0x8c</size>
         <input_file_ref idref="fl-f2"/>
      </object_component>
      <object_component id="oc-619">
         <name>.text:_SlDrvIsTimeoutExpired</name>
         <load_address>0x2000abd0</load_address>
         <run_address>0x2000abd0</run_address>
         <size>0x8c</size>
         <input_file_ref idref="fl-ec"/>
      </object_component>
      <object_component id="oc-7d2">
         <name>.text:_sl_HandleAsync_InitComplete</name>
         <load_address>0x2000ac5c</load_address>
         <run_address>0x2000ac5c</run_address>
         <size>0x8c</size>
         <input_file_ref idref="fl-eb"/>
      </object_component>
      <object_component id="oc-153">
         <name>.text:sl_Socket</name>
         <load_address>0x2000ace8</load_address>
         <run_address>0x2000ace8</run_address>
         <size>0x8c</size>
         <input_file_ref idref="fl-f0"/>
      </object_component>
      <object_component id="oc-5a9">
         <name>.text:PinConfigSet</name>
         <load_address>0x2000ad74</load_address>
         <run_address>0x2000ad74</run_address>
         <size>0x88</size>
         <input_file_ref idref="fl-f4"/>
      </object_component>
      <object_component id="oc-1eb">
         <name>.text</name>
         <load_address>0x2000adfc</load_address>
         <run_address>0x2000adfc</run_address>
         <size>0x88</size>
         <input_file_ref idref="fl-d2"/>
      </object_component>
      <object_component id="oc-5b7">
         <name>.text:__aeabi_cdcmple</name>
         <load_address>0x2000ae84</load_address>
         <run_address>0x2000ae84</run_address>
         <size>0x86</size>
         <input_file_ref idref="fl-dc"/>
      </object_component>
      <object_component id="oc-5c6">
         <name>.text:__aeabi_cdrcmple</name>
         <load_address>0x2000af0a</load_address>
         <run_address>0x2000af0a</run_address>
         <size>0x86</size>
         <input_file_ref idref="fl-dc"/>
      </object_component>
      <object_component id="oc-12d">
         <name>.text:sl_WlanRxFilterSet</name>
         <load_address>0x2000af90</load_address>
         <run_address>0x2000af90</run_address>
         <size>0x84</size>
         <input_file_ref idref="fl-f1"/>
      </object_component>
      <object_component id="oc-7b9">
         <name>.text:_sl_HandleAsync_Connect</name>
         <load_address>0x2000b014</load_address>
         <run_address>0x2000b014</run_address>
         <size>0x80</size>
         <input_file_ref idref="fl-f0"/>
      </object_component>
      <object_component id="oc-74e">
         <name>.text:spi_Read_CPU</name>
         <load_address>0x2000b094</load_address>
         <run_address>0x2000b094</run_address>
         <size>0x80</size>
         <input_file_ref idref="fl-f2"/>
      </object_component>
      <object_component id="oc-704">
         <name>.text:spi_Write_CPU</name>
         <load_address>0x2000b114</load_address>
         <run_address>0x2000b114</run_address>
         <size>0x80</size>
         <input_file_ref idref="fl-f2"/>
      </object_component>
      <object_component id="oc-4d">
         <name>.text</name>
         <load_address>0x2000b194</load_address>
         <run_address>0x2000b194</run_address>
         <size>0x7a</size>
         <input_file_ref idref="fl-cb"/>
      </object_component>
      <object_component id="oc-29a">
         <name>.text:spi_Close</name>
         <load_address>0x2000b210</load_address>
         <run_address>0x2000b210</run_address>
         <size>0x78</size>
         <input_file_ref idref="fl-f2"/>
      </object_component>
      <object_component id="oc-1df">
         <name>.text:UARTConfigSetExpClk</name>
         <load_address>0x2000b288</load_address>
         <run_address>0x2000b288</run_address>
         <size>0x76</size>
         <input_file_ref idref="fl-f8"/>
      </object_component>
      <object_component id="oc-eb">
         <name>.text:_SlNonOsMainLoopTask</name>
         <load_address>0x2000b300</load_address>
         <run_address>0x2000b300</run_address>
         <size>0x74</size>
         <input_file_ref idref="fl-ef"/>
      </object_component>
      <object_component id="oc-65">
         <name>.text</name>
         <load_address>0x2000b374</load_address>
         <run_address>0x2000b374</run_address>
         <size>0x70</size>
         <input_file_ref idref="fl-d7"/>
      </object_component>
      <object_component id="oc-7dc">
         <name>.text:_SlDrvCmdSend</name>
         <load_address>0x2000b3e4</load_address>
         <run_address>0x2000b3e4</run_address>
         <size>0x6c</size>
         <input_file_ref idref="fl-ec"/>
      </object_component>
      <object_component id="oc-7a3">
         <name>.text:_sl_NetAppSendTokenValue</name>
         <load_address>0x2000b450</load_address>
         <run_address>0x2000b450</run_address>
         <size>0x6c</size>
         <input_file_ref idref="fl-ed"/>
      </object_component>
      <object_component id="oc-12">
         <name>.text:decompress:lzss</name>
         <load_address>0x2000b4bc</load_address>
         <run_address>0x2000b4bc</run_address>
         <size>0x68</size>
         <input_file_ref idref="fl-c4"/>
      </object_component>
      <object_component id="oc-4dc">
         <name>.text:_SlNonOsSpawn</name>
         <load_address>0x2000b524</load_address>
         <run_address>0x2000b524</run_address>
         <size>0x64</size>
         <input_file_ref idref="fl-ef"/>
      </object_component>
      <object_component id="oc-7b3">
         <name>.text:_sl_HandleAsync_Accept</name>
         <load_address>0x2000b588</load_address>
         <run_address>0x2000b588</run_address>
         <size>0x64</size>
         <input_file_ref idref="fl-f0"/>
      </object_component>
      <object_component id="oc-121">
         <name>.text:sl_NetAppMDNSUnRegisterService</name>
         <load_address>0x2000b5ec</load_address>
         <run_address>0x2000b5ec</run_address>
         <size>0x64</size>
         <input_file_ref idref="fl-ed"/>
      </object_component>
      <object_component id="oc-3a0">
         <name>.text:uDMAChannelAttributeDisable</name>
         <load_address>0x2000b650</load_address>
         <run_address>0x2000b650</run_address>
         <size>0x64</size>
         <input_file_ref idref="fl-f9"/>
      </object_component>
      <object_component id="oc-3c4">
         <name>.text:uDMAChannelAttributeEnable</name>
         <load_address>0x2000b6b4</load_address>
         <run_address>0x2000b6b4</run_address>
         <size>0x64</size>
         <input_file_ref idref="fl-f9"/>
      </object_component>
      <object_component id="oc-15f">
         <name>.text:sl_Close</name>
         <load_address>0x2000b718</load_address>
         <run_address>0x2000b718</run_address>
         <size>0x60</size>
         <input_file_ref idref="fl-f0"/>
      </object_component>
      <object_component id="oc-109">
         <name>.text:sl_WlanProfileDel</name>
         <load_address>0x2000b778</load_address>
         <run_address>0x2000b778</run_address>
         <size>0x60</size>
         <input_file_ref idref="fl-f1"/>
      </object_component>
      <object_component id="oc-f1">
         <name>.text:sl_WlanSetMode</name>
         <load_address>0x2000b7d8</load_address>
         <run_address>0x2000b7d8</run_address>
         <size>0x60</size>
         <input_file_ref idref="fl-f1"/>
      </object_component>
      <object_component id="oc-5e0">
         <name>.text</name>
         <load_address>0x2000b838</load_address>
         <run_address>0x2000b838</run_address>
         <size>0x5c</size>
         <input_file_ref idref="fl-e3"/>
      </object_component>
      <object_component id="oc-4ad">
         <name>.text:IntPendClear</name>
         <load_address>0x2000b894</load_address>
         <run_address>0x2000b894</run_address>
         <size>0x58</size>
         <input_file_ref idref="fl-f3"/>
      </object_component>
      <object_component id="oc-367">
         <name>.text:PRCMPeripheralReset</name>
         <load_address>0x2000b8ec</load_address>
         <run_address>0x2000b8ec</run_address>
         <size>0x58</size>
         <input_file_ref idref="fl-f5"/>
      </object_component>
      <object_component id="oc-382">
         <name>.text:IntPrioritySet</name>
         <load_address>0x2000b944</load_address>
         <run_address>0x2000b944</run_address>
         <size>0x54</size>
         <input_file_ref idref="fl-f3"/>
      </object_component>
      <object_component id="oc-26d">
         <name>.text:_SlDrvRxIrqHandler</name>
         <load_address>0x2000b998</load_address>
         <run_address>0x2000b998</run_address>
         <size>0x54</size>
         <input_file_ref idref="fl-ec"/>
      </object_component>
      <object_component id="oc-7bf">
         <name>.text:_sl_HandleAsync_Select</name>
         <load_address>0x2000b9ec</load_address>
         <run_address>0x2000b9ec</run_address>
         <size>0x54</size>
         <input_file_ref idref="fl-f0"/>
      </object_component>
      <object_component id="oc-71">
         <name>.text</name>
         <load_address>0x2000ba40</load_address>
         <run_address>0x2000ba40</run_address>
         <size>0x54</size>
         <input_file_ref idref="fl-c7"/>
      </object_component>
      <object_component id="oc-5d0">
         <name>.text</name>
         <load_address>0x2000ba94</load_address>
         <run_address>0x2000ba94</run_address>
         <size>0x54</size>
         <input_file_ref idref="fl-e1"/>
      </object_component>
      <object_component id="oc-7c5">
         <name>.text:_sl_HandleAsync_Stop</name>
         <load_address>0x2000bae8</load_address>
         <run_address>0x2000bae8</run_address>
         <size>0x50</size>
         <input_file_ref idref="fl-eb"/>
      </object_component>
      <object_component id="oc-467">
         <name>.text:SPIIntEnable</name>
         <load_address>0x2000bb38</load_address>
         <run_address>0x2000bb38</run_address>
         <size>0x4c</size>
         <input_file_ref idref="fl-f6"/>
      </object_component>
      <object_component id="oc-675">
         <name>.text:SPIIntNumberGet</name>
         <load_address>0x2000bb84</load_address>
         <run_address>0x2000bb84</run_address>
         <size>0x4c</size>
         <input_file_ref idref="fl-f6"/>
      </object_component>
      <object_component id="oc-23d">
         <name>.text:_SlDrvProtectAsyncRespSetting</name>
         <load_address>0x2000bbd0</load_address>
         <run_address>0x2000bbd0</run_address>
         <size>0x4c</size>
         <input_file_ref idref="fl-ec"/>
      </object_component>
      <object_component id="oc-317">
         <name>.text:_sl_BuildAddress</name>
         <load_address>0x2000bc1c</load_address>
         <run_address>0x2000bc1c</run_address>
         <size>0x4c</size>
         <input_file_ref idref="fl-f0"/>
      </object_component>
      <object_component id="oc-5f2">
         <name>.text</name>
         <load_address>0x2000bc68</load_address>
         <run_address>0x2000bc68</run_address>
         <size>0x4c</size>
         <input_file_ref idref="fl-d6"/>
      </object_component>
      <object_component id="oc-9a">
         <name>.text</name>
         <load_address>0x2000bcb4</load_address>
         <run_address>0x2000bcb4</run_address>
         <size>0x4c</size>
         <input_file_ref idref="fl-d8"/>
      </object_component>
      <object_component id="oc-39a">
         <name>.text:uDMAChannelAssign</name>
         <load_address>0x2000bd00</load_address>
         <run_address>0x2000bd00</run_address>
         <size>0x4c</size>
         <input_file_ref idref="fl-f9"/>
      </object_component>
      <object_component id="oc-640">
         <name>.text:SPIIntClear</name>
         <load_address>0x2000bd4c</load_address>
         <run_address>0x2000bd4c</run_address>
         <size>0x48</size>
         <input_file_ref idref="fl-f6"/>
      </object_component>
      <object_component id="oc-2c6">
         <name>.text:_SlDrvBasicCmd</name>
         <load_address>0x2000bd94</load_address>
         <run_address>0x2000bd94</run_address>
         <size>0x48</size>
         <input_file_ref idref="fl-ec"/>
      </object_component>
      <object_component id="oc-5cb">
         <name>.text</name>
         <load_address>0x2000bddc</load_address>
         <run_address>0x2000bddc</run_address>
         <size>0x48</size>
         <input_file_ref idref="fl-df"/>
      </object_component>
      <object_component id="oc-62f">
         <name>.text:SPIDmaMaskGet</name>
         <load_address>0x2000be24</load_address>
         <run_address>0x2000be24</run_address>
         <size>0x44</size>
         <input_file_ref idref="fl-f6"/>
      </object_component>
      <object_component id="oc-769">
         <name>.text:TimerConfigure</name>
         <load_address>0x2000be68</load_address>
         <run_address>0x2000be68</run_address>
         <size>0x44</size>
         <input_file_ref idref="fl-f7"/>
      </object_component>
      <object_component id="oc-255">
         <name>.text:_SlDrvSyncObjWaitTimeout</name>
         <load_address>0x2000beac</load_address>
         <run_address>0x2000beac</run_address>
         <size>0x44</size>
         <input_file_ref idref="fl-ec"/>
      </object_component>
      <object_component id="oc-75b">
         <name>.text:cc_SetupTransfer</name>
         <load_address>0x2000bef0</load_address>
         <run_address>0x2000bef0</run_address>
         <size>0x44</size>
         <input_file_ref idref="fl-f2"/>
      </object_component>
      <object_component id="oc-14d">
         <name>.text:sl_Htonl</name>
         <load_address>0x2000bf34</load_address>
         <run_address>0x2000bf34</run_address>
         <size>0x42</size>
         <input_file_ref idref="fl-f0"/>
      </object_component>
      <object_component id="oc-5a3">
         <name>.text:PinModeSet</name>
         <load_address>0x2000bf78</load_address>
         <run_address>0x2000bf78</run_address>
         <size>0x40</size>
         <input_file_ref idref="fl-f4"/>
      </object_component>
      <object_component id="oc-311">
         <name>.text:_sl_TruncatePayloadByProtocol</name>
         <load_address>0x2000bfb8</load_address>
         <run_address>0x2000bfb8</run_address>
         <size>0x40</size>
         <input_file_ref idref="fl-f0"/>
      </object_component>
      <object_component id="oc-24">
         <name>.text</name>
         <load_address>0x2000bff8</load_address>
         <run_address>0x2000bff8</run_address>
         <size>0x40</size>
         <input_file_ref idref="fl-c3"/>
      </object_component>
      <object_component id="oc-134">
         <name>.text</name>
         <load_address>0x2000c038</load_address>
         <run_address>0x2000c038</run_address>
         <size>0x40</size>
         <input_file_ref idref="fl-d0"/>
      </object_component>
      <object_component id="oc-249">
         <name>.text:NwpRegisterInterruptHandler</name>
         <load_address>0x2000c078</load_address>
         <run_address>0x2000c078</run_address>
         <size>0x3e</size>
         <input_file_ref idref="fl-f2"/>
      </object_component>
      <object_component id="oc-7aa">
         <name>.text:CopyPingResultsToReport</name>
         <load_address>0x2000c0b6</load_address>
         <run_address>0x2000c0b6</run_address>
         <size>0x3c</size>
         <input_file_ref idref="fl-ed"/>
      </object_component>
      <object_component id="oc-361">
         <name>.text:PRCMPeripheralClkEnable</name>
         <load_address>0x2000c0f4</load_address>
         <run_address>0x2000c0f4</run_address>
         <size>0x3c</size>
         <input_file_ref idref="fl-f5"/>
      </object_component>
      <object_component id="oc-721">
         <name>.text:simplelink_timerA2_start</name>
         <load_address>0x2000c130</load_address>
         <run_address>0x2000c130</run_address>
         <size>0x3c</size>
         <input_file_ref idref="fl-f2"/>
      </object_component>
      <object_component id="oc-147">
         <name>.text:sl_Htons</name>
         <load_address>0x2000c16c</load_address>
         <run_address>0x2000c16c</run_address>
         <size>0x3c</size>
         <input_file_ref idref="fl-f0"/>
      </object_component>
      <object_component id="oc-3be">
         <name>.text:uDMAChannelControlSet</name>
         <load_address>0x2000c1a8</load_address>
         <run_address>0x2000c1a8</run_address>
         <size>0x3c</size>
         <input_file_ref idref="fl-f9"/>
      </object_component>
      <object_component id="oc-243">
         <name>.text:NwpPowerOff</name>
         <load_address>0x2000c1e4</load_address>
         <run_address>0x2000c1e4</run_address>
         <size>0x38</size>
         <input_file_ref idref="fl-f2"/>
      </object_component>
      <object_component id="oc-10f">
         <name>.text:sl_WlanDisconnect</name>
         <load_address>0x2000c21c</load_address>
         <run_address>0x2000c21c</run_address>
         <size>0x38</size>
         <input_file_ref idref="fl-f1"/>
      </object_component>
      <object_component id="oc-443">
         <name>.text:PRCMPeripheralStatusGet</name>
         <load_address>0x2000c254</load_address>
         <run_address>0x2000c254</run_address>
         <size>0x34</size>
         <input_file_ref idref="fl-f5"/>
      </object_component>
      <object_component id="oc-45b">
         <name>.text:SPIFIFOLevelSet</name>
         <load_address>0x2000c288</load_address>
         <run_address>0x2000c288</run_address>
         <size>0x34</size>
         <input_file_ref idref="fl-f6"/>
      </object_component>
      <object_component id="oc-3ec">
         <name>.text:UARTDisable</name>
         <load_address>0x2000c2bc</load_address>
         <run_address>0x2000c2bc</run_address>
         <size>0x30</size>
         <input_file_ref idref="fl-f8"/>
      </object_component>
      <object_component id="oc-5d6">
         <name>.text</name>
         <load_address>0x2000c2ec</load_address>
         <run_address>0x2000c2ec</run_address>
         <size>0x2e</size>
         <input_file_ref idref="fl-e0"/>
      </object_component>
      <object_component id="oc-24f">
         <name>.text:NwpPowerOn</name>
         <load_address>0x2000c31c</load_address>
         <run_address>0x2000c31c</run_address>
         <size>0x2c</size>
         <input_file_ref idref="fl-f2"/>
      </object_component>
      <object_component id="oc-34f">
         <name>.text:PRCMSysResetCauseGet</name>
         <load_address>0x2000c348</load_address>
         <run_address>0x2000c348</run_address>
         <size>0x2c</size>
         <input_file_ref idref="fl-f5"/>
      </object_component>
      <object_component id="oc-4ef">
         <name>.text:_SlDrvObjGlobalLockWaitForever</name>
         <load_address>0x2000c374</load_address>
         <run_address>0x2000c374</run_address>
         <size>0x2c</size>
         <input_file_ref idref="fl-ec"/>
      </object_component>
      <object_component id="oc-48c">
         <name>.text:_SlDrvProtectionObjLockWaitForever</name>
         <load_address>0x2000c3a0</load_address>
         <run_address>0x2000c3a0</run_address>
         <size>0x2c</size>
         <input_file_ref idref="fl-ec"/>
      </object_component>
      <object_component id="oc-775">
         <name>.text:TimerLoadSet</name>
         <load_address>0x2000c3cc</load_address>
         <run_address>0x2000c3cc</run_address>
         <size>0x2a</size>
         <input_file_ref idref="fl-f7"/>
      </object_component>
      <object_component id="oc-76f">
         <name>.text:TimerPrescaleSet</name>
         <load_address>0x2000c3f6</load_address>
         <run_address>0x2000c3f6</run_address>
         <size>0x2a</size>
         <input_file_ref idref="fl-f7"/>
      </object_component>
      <object_component id="oc-2eb">
         <name>.text</name>
         <load_address>0x2000c420</load_address>
         <run_address>0x2000c420</run_address>
         <size>0x2a</size>
         <input_file_ref idref="fl-e8"/>
      </object_component>
      <object_component id="oc-36d">
         <name>.text:PRCMPeripheralClkDisable</name>
         <load_address>0x2000c44c</load_address>
         <run_address>0x2000c44c</run_address>
         <size>0x28</size>
         <input_file_ref idref="fl-f5"/>
      </object_component>
      <object_component id="oc-4f5">
         <name>.text:_SlDrvGlobalObjUnLock</name>
         <load_address>0x2000c474</load_address>
         <run_address>0x2000c474</run_address>
         <size>0x28</size>
         <input_file_ref idref="fl-ec"/>
      </object_component>
      <object_component id="oc-492">
         <name>.text:_SlDrvProtectionObjUnLock</name>
         <load_address>0x2000c49c</load_address>
         <run_address>0x2000c49c</run_address>
         <size>0x28</size>
         <input_file_ref idref="fl-ec"/>
      </object_component>
      <object_component id="oc-562">
         <name>.text:_SlDrvSyncObjWaitForever</name>
         <load_address>0x2000c4c4</load_address>
         <run_address>0x2000c4c4</run_address>
         <size>0x28</size>
         <input_file_ref idref="fl-ec"/>
      </object_component>
      <object_component id="oc-556">
         <name>.text:_SlDrvObjLockWaitForever</name>
         <load_address>0x2000c4ec</load_address>
         <run_address>0x2000c4ec</run_address>
         <size>0x26</size>
         <input_file_ref idref="fl-ec"/>
      </object_component>
      <object_component id="oc-479">
         <name>.text:DmaSpiSwIntHandler</name>
         <load_address>0x2000c514</load_address>
         <run_address>0x2000c514</run_address>
         <size>0x24</size>
         <input_file_ref idref="fl-f2"/>
      </object_component>
      <object_component id="oc-4a7">
         <name>.text:IntUnregister</name>
         <load_address>0x2000c538</load_address>
         <run_address>0x2000c538</run_address>
         <size>0x24</size>
         <input_file_ref idref="fl-f3"/>
      </object_component>
      <object_component id="oc-3f2">
         <name>.text:UARTEnable</name>
         <load_address>0x2000c55c</load_address>
         <run_address>0x2000c55c</run_address>
         <size>0x24</size>
         <input_file_ref idref="fl-f8"/>
      </object_component>
      <object_component id="oc-203">
         <name>.text</name>
         <load_address>0x2000c580</load_address>
         <run_address>0x2000c580</run_address>
         <size>0x24</size>
         <input_file_ref idref="fl-c9"/>
      </object_component>
      <object_component id="oc-2f1">
         <name>.text</name>
         <load_address>0x2000c5a4</load_address>
         <run_address>0x2000c5a4</run_address>
         <size>0x24</size>
         <input_file_ref idref="fl-e7"/>
      </object_component>
      <object_component id="oc-437">
         <name>.text:SPIReset</name>
         <load_address>0x2000c5c8</load_address>
         <run_address>0x2000c5c8</run_address>
         <size>0x22</size>
         <input_file_ref idref="fl-f6"/>
      </object_component>
      <object_component id="oc-6fe">
         <name>.text:SPIWordCountSet</name>
         <load_address>0x2000c5ea</load_address>
         <run_address>0x2000c5ea</run_address>
         <size>0x22</size>
         <input_file_ref idref="fl-f6"/>
      </object_component>
      <object_component id="oc-461">
         <name>.text:IntRegister</name>
         <load_address>0x2000c60c</load_address>
         <run_address>0x2000c60c</run_address>
         <size>0x20</size>
         <input_file_ref idref="fl-f3"/>
      </object_component>
      <object_component id="oc-294">
         <name>.text:NwpPrePowerOffTimout0</name>
         <load_address>0x2000c62c</load_address>
         <run_address>0x2000c62c</run_address>
         <size>0x20</size>
         <input_file_ref idref="fl-f2"/>
      </object_component>
      <object_component id="oc-6c5">
         <name>.text:TimerGetCurrentTimestamp</name>
         <load_address>0x2000c64c</load_address>
         <run_address>0x2000c64c</run_address>
         <size>0x20</size>
         <input_file_ref idref="fl-f2"/>
      </object_component>
      <object_component id="oc-55c">
         <name>.text:_SlDrvObjUnLock</name>
         <load_address>0x2000c66c</load_address>
         <run_address>0x2000c66c</run_address>
         <size>0x20</size>
         <input_file_ref idref="fl-ec"/>
      </object_component>
      <object_component id="oc-4c8">
         <name>.text:_SlDrvSyncObjSignal</name>
         <load_address>0x2000c68c</load_address>
         <run_address>0x2000c68c</run_address>
         <size>0x20</size>
         <input_file_ref idref="fl-ec"/>
      </object_component>
      <object_component id="oc-77b">
         <name>.text:TimerEnable</name>
         <load_address>0x2000c6ac</load_address>
         <run_address>0x2000c6ac</run_address>
         <size>0x1e</size>
         <input_file_ref idref="fl-f7"/>
      </object_component>
      <object_component id="oc-1e5">
         <name>.text:UARTCharPut</name>
         <load_address>0x2000c6ca</load_address>
         <run_address>0x2000c6ca</run_address>
         <size>0x1e</size>
         <input_file_ref idref="fl-f8"/>
      </object_component>
      <object_component id="oc-449">
         <name>.text:cc_UDMAChannelSelect</name>
         <load_address>0x2000c6e8</load_address>
         <run_address>0x2000c6e8</run_address>
         <size>0x1e</size>
         <input_file_ref idref="fl-f2"/>
      </object_component>
      <object_component id="oc-727">
         <name>.text:TimerValueGet</name>
         <load_address>0x2000c706</load_address>
         <run_address>0x2000c706</run_address>
         <size>0x1c</size>
         <input_file_ref idref="fl-f7"/>
      </object_component>
      <object_component id="oc-1f7">
         <name>.text:UARTCharGetNonBlocking</name>
         <load_address>0x2000c722</load_address>
         <run_address>0x2000c722</run_address>
         <size>0x1c</size>
         <input_file_ref idref="fl-f8"/>
      </object_component>
      <object_component id="oc-613">
         <name>.text:_SlDrvStartMeasureTimeout</name>
         <load_address>0x2000c73e</load_address>
         <run_address>0x2000c73e</run_address>
         <size>0x1c</size>
         <input_file_ref idref="fl-ec"/>
      </object_component>
      <object_component id="oc-19c">
         <name>.text</name>
         <load_address>0x2000c75a</load_address>
         <run_address>0x2000c75a</run_address>
         <size>0x1c</size>
         <input_file_ref idref="fl-4"/>
      </object_component>
      <object_component id="oc-5f8">
         <name>.text</name>
         <load_address>0x2000c776</load_address>
         <run_address>0x2000c776</run_address>
         <size>0x1c</size>
         <input_file_ref idref="fl-e2"/>
      </object_component>
      <object_component id="oc-3ac">
         <name>.text:uDMAChannelDisable</name>
         <load_address>0x2000c794</load_address>
         <run_address>0x2000c794</run_address>
         <size>0x1c</size>
         <input_file_ref idref="fl-f9"/>
      </object_component>
      <object_component id="oc-3d0">
         <name>.text:uDMAChannelEnable</name>
         <load_address>0x2000c7b0</load_address>
         <run_address>0x2000c7b0</run_address>
         <size>0x1c</size>
         <input_file_ref idref="fl-f9"/>
      </object_component>
      <object_component id="oc-3a6">
         <name>.text:uDMAChannelRequest</name>
         <load_address>0x2000c7cc</load_address>
         <run_address>0x2000c7cc</run_address>
         <size>0x1c</size>
         <input_file_ref idref="fl-f9"/>
      </object_component>
      <object_component id="oc-3e1">
         <name>.text:PinTypeUART</name>
         <load_address>0x2000c7e8</load_address>
         <run_address>0x2000c7e8</run_address>
         <size>0x1a</size>
         <input_file_ref idref="fl-f4"/>
      </object_component>
      <object_component id="oc-519">
         <name>.text:SPIDmaDisable</name>
         <load_address>0x2000c802</load_address>
         <run_address>0x2000c802</run_address>
         <size>0x1a</size>
         <input_file_ref idref="fl-f6"/>
      </object_component>
      <object_component id="oc-455">
         <name>.text:SPIDmaEnable</name>
         <load_address>0x2000c81c</load_address>
         <run_address>0x2000c81c</run_address>
         <size>0x1a</size>
         <input_file_ref idref="fl-f6"/>
      </object_component>
      <object_component id="oc-513">
         <name>.text:SPIFIFODisable</name>
         <load_address>0x2000c836</load_address>
         <run_address>0x2000c836</run_address>
         <size>0x1a</size>
         <input_file_ref idref="fl-f6"/>
      </object_component>
      <object_component id="oc-44f">
         <name>.text:SPIFIFOEnable</name>
         <load_address>0x2000c850</load_address>
         <run_address>0x2000c850</run_address>
         <size>0x1a</size>
         <input_file_ref idref="fl-f6"/>
      </object_component>
      <object_component id="oc-50d">
         <name>.text:SPIIntUnregister</name>
         <load_address>0x2000c86a</load_address>
         <run_address>0x2000c86a</run_address>
         <size>0x1a</size>
         <input_file_ref idref="fl-f6"/>
      </object_component>
      <object_component id="oc-42b">
         <name>.text:SPICSDisable</name>
         <load_address>0x2000c884</load_address>
         <run_address>0x2000c884</run_address>
         <size>0x18</size>
         <input_file_ref idref="fl-f6"/>
      </object_component>
      <object_component id="oc-6f8">
         <name>.text:SPICSEnable</name>
         <load_address>0x2000c89c</load_address>
         <run_address>0x2000c89c</run_address>
         <size>0x18</size>
         <input_file_ref idref="fl-f6"/>
      </object_component>
      <object_component id="oc-431">
         <name>.text:SPIDisable</name>
         <load_address>0x2000c8b4</load_address>
         <run_address>0x2000c8b4</run_address>
         <size>0x18</size>
         <input_file_ref idref="fl-f6"/>
      </object_component>
      <object_component id="oc-46d">
         <name>.text:SPIEnable</name>
         <load_address>0x2000c8cc</load_address>
         <run_address>0x2000c8cc</run_address>
         <size>0x18</size>
         <input_file_ref idref="fl-f6"/>
      </object_component>
      <object_component id="oc-1f1">
         <name>.text:UARTCharsAvail</name>
         <load_address>0x2000c8e4</load_address>
         <run_address>0x2000c8e4</run_address>
         <size>0x18</size>
         <input_file_ref idref="fl-f8"/>
      </object_component>
      <object_component id="oc-41a">
         <name>.text:_SlNonOsSemSet</name>
         <load_address>0x2000c8fc</load_address>
         <run_address>0x2000c8fc</run_address>
         <size>0x18</size>
         <input_file_ref idref="fl-ef"/>
      </object_component>
      <object_component id="oc-261">
         <name>.text:_sl_GetStartResponseConvert</name>
         <load_address>0x2000c914</load_address>
         <run_address>0x2000c914</run_address>
         <size>0x18</size>
         <input_file_ref idref="fl-eb"/>
      </object_component>
      <object_component id="oc-6b">
         <name>.text</name>
         <load_address>0x2000c92c</load_address>
         <run_address>0x2000c92c</run_address>
         <size>0x18</size>
         <input_file_ref idref="fl-d5"/>
      </object_component>
      <object_component id="oc-355">
         <name>.text:PRCMHIBRegRead</name>
         <load_address>0x2000c944</load_address>
         <run_address>0x2000c944</run_address>
         <size>0x16</size>
         <input_file_ref idref="fl-f5"/>
      </object_component>
      <object_component id="oc-35b">
         <name>.text:PRCMHIBRegWrite</name>
         <load_address>0x2000c95a</load_address>
         <run_address>0x2000c95a</run_address>
         <size>0x16</size>
         <input_file_ref idref="fl-f5"/>
      </object_component>
      <object_component id="oc-140">
         <name>.text:UARTCharGet</name>
         <load_address>0x2000c970</load_address>
         <run_address>0x2000c970</run_address>
         <size>0x16</size>
         <input_file_ref idref="fl-f8"/>
      </object_component>
      <object_component id="oc-339">
         <name>.text:_SlDrvMemZero</name>
         <load_address>0x2000c986</load_address>
         <run_address>0x2000c986</run_address>
         <size>0x16</size>
         <input_file_ref idref="fl-ec"/>
      </object_component>
      <object_component id="oc-5ec">
         <name>.text</name>
         <load_address>0x2000c99c</load_address>
         <run_address>0x2000c99c</run_address>
         <size>0x16</size>
         <input_file_ref idref="fl-e6"/>
      </object_component>
      <object_component id="oc-388">
         <name>.text:uDMAIntRegister</name>
         <load_address>0x2000c9b2</load_address>
         <run_address>0x2000c9b2</run_address>
         <size>0x16</size>
         <input_file_ref idref="fl-f9"/>
      </object_component>
      <object_component id="oc-344">
         <name>.text:CPUcpsie</name>
         <load_address>0x2000c9c8</load_address>
         <run_address>0x2000c9c8</run_address>
         <size>0x14</size>
         <input_file_ref idref="fl-fb"/>
      </object_component>
      <object_component id="oc-179">
         <name>.text:IntVTableBaseSet</name>
         <load_address>0x2000c9dc</load_address>
         <run_address>0x2000c9dc</run_address>
         <size>0x14</size>
         <input_file_ref idref="fl-f3"/>
      </object_component>
      <object_component id="oc-1c1">
         <name>.text</name>
         <load_address>0x2000c9f0</load_address>
         <run_address>0x2000c9f0</run_address>
         <size>0x14</size>
         <input_file_ref idref="fl-d3"/>
      </object_component>
      <object_component id="oc-1fd">
         <name>.text</name>
         <load_address>0x2000ca04</load_address>
         <run_address>0x2000ca04</run_address>
         <size>0x14</size>
         <input_file_ref idref="fl-cf"/>
      </object_component>
      <object_component id="oc-394">
         <name>.text:uDMAControlBaseSet</name>
         <load_address>0x2000ca18</load_address>
         <run_address>0x2000ca18</run_address>
         <size>0x14</size>
         <input_file_ref idref="fl-f9"/>
      </object_component>
      <object_component id="oc-37c">
         <name>.text:uDMAIntClear</name>
         <load_address>0x2000ca2c</load_address>
         <run_address>0x2000ca2c</run_address>
         <size>0x14</size>
         <input_file_ref idref="fl-f9"/>
      </object_component>
      <object_component id="oc-3b2">
         <name>.text:uDMAIntUnregister</name>
         <load_address>0x2000ca40</load_address>
         <run_address>0x2000ca40</run_address>
         <size>0x12</size>
         <input_file_ref idref="fl-f9"/>
      </object_component>
      <object_component id="oc-79d">
         <name>.text:_SlDrvDispatchHttpServerEvents</name>
         <load_address>0x2000ca52</load_address>
         <run_address>0x2000ca52</run_address>
         <size>0x10</size>
         <input_file_ref idref="fl-ec"/>
      </object_component>
      <object_component id="oc-2af">
         <name>.text:_SlDrvResetCmdExt</name>
         <load_address>0x2000ca62</load_address>
         <run_address>0x2000ca62</run_address>
         <size>0xe</size>
         <input_file_ref idref="fl-ec"/>
      </object_component>
      <object_component id="oc-18">
         <name>.text:decompress:none</name>
         <load_address>0x2000ca70</load_address>
         <run_address>0x2000ca70</run_address>
         <size>0xe</size>
         <input_file_ref idref="fl-c5"/>
      </object_component>
      <object_component id="oc-2d">
         <name>.text</name>
         <load_address>0x2000ca7e</load_address>
         <run_address>0x2000ca7e</run_address>
         <size>0xe</size>
         <input_file_ref idref="fl-5"/>
      </object_component>
      <object_component id="oc-49a">
         <name>.text:NwpMaskInterrupt</name>
         <load_address>0x2000ca8c</load_address>
         <run_address>0x2000ca8c</run_address>
         <size>0xc</size>
         <input_file_ref idref="fl-f2"/>
      </object_component>
      <object_component id="oc-4b4">
         <name>.text:NwpUnMaskInterrupt</name>
         <load_address>0x2000ca98</load_address>
         <run_address>0x2000ca98</run_address>
         <size>0xc</size>
         <input_file_ref idref="fl-f2"/>
      </object_component>
      <object_component id="oc-1e">
         <name>.text:decompress:ZI</name>
         <load_address>0x2000caa4</load_address>
         <run_address>0x2000caa4</run_address>
         <size>0xc</size>
         <input_file_ref idref="fl-c6"/>
      </object_component>
      <object_component id="oc-3b8">
         <name>.text:uDMADisable</name>
         <load_address>0x2000cab0</load_address>
         <run_address>0x2000cab0</run_address>
         <size>0xc</size>
         <input_file_ref idref="fl-f9"/>
      </object_component>
      <object_component id="oc-38e">
         <name>.text:uDMAEnable</name>
         <load_address>0x2000cabc</load_address>
         <run_address>0x2000cabc</run_address>
         <size>0xc</size>
         <input_file_ref idref="fl-f9"/>
      </object_component>
      <object_component id="oc-376">
         <name>.text:uDMAIntStatus</name>
         <load_address>0x2000cac8</load_address>
         <run_address>0x2000cac8</run_address>
         <size>0xc</size>
         <input_file_ref idref="fl-f9"/>
      </object_component>
      <object_component id="oc-17f">
         <name>.text:IntMasterEnable</name>
         <load_address>0x2000cad4</load_address>
         <run_address>0x2000cad4</run_address>
         <size>0xa</size>
         <input_file_ref idref="fl-f3"/>
      </object_component>
      <object_component id="oc-6b0">
         <name>.text</name>
         <load_address>0x2000cade</load_address>
         <run_address>0x2000cade</run_address>
         <size>0x8</size>
         <input_file_ref idref="fl-ea"/>
      </object_component>
      <object_component id="oc-499">
         <name>.text:UtilsDelay</name>
         <load_address>0x2000cae6</load_address>
         <run_address>0x2000cae6</run_address>
         <size>0x6</size>
         <input_file_ref idref="fl-fa"/>
      </object_component>
      <object_component id="oc-5f">
         <name>.text</name>
         <load_address>0x2000caec</load_address>
         <run_address>0x2000caec</run_address>
         <size>0x4</size>
         <input_file_ref idref="fl-cd"/>
      </object_component>
      <object_component id="oc-2fc">
         <name>.const:.string:_ctypes_</name>
         <load_address>0x2000caf0</load_address>
         <run_address>0x2000caf0</run_address>
         <size>0x101</size>
         <input_file_ref idref="fl-d9"/>
      </object_component>
      <object_component id="oc-69a">
         <name>.const:g_ulPinToPadMap</name>
         <load_address>0x2000cbf4</load_address>
         <run_address>0x2000cbf4</run_address>
         <size>0x100</size>
         <input_file_ref idref="fl-f4"/>
      </object_component>
      <object_component id="oc-585">
         <name>.const:g_pulRegs</name>
         <load_address>0x2000ccf4</load_address>
         <run_address>0x2000ccf4</run_address>
         <size>0xd4</size>
         <input_file_ref idref="fl-f3"/>
      </object_component>
      <object_component id="oc-57c">
         <name>.const:PRCM_PeriphRegsList</name>
         <load_address>0x2000cdc8</load_address>
         <run_address>0x2000cdc8</run_address>
         <size>0xa8</size>
         <input_file_ref idref="fl-f5"/>
      </object_component>
      <object_component id="oc-34b">
         <name>.const</name>
         <load_address>0x2000ce70</load_address>
         <run_address>0x2000ce70</run_address>
         <size>0x80</size>
         <input_file_ref idref="fl-f3"/>
      </object_component>
      <object_component id="oc-6ee">
         <name>.const:OpcodeTranslateTable</name>
         <load_address>0x2000cef0</load_address>
         <run_address>0x2000cef0</run_address>
         <size>0x3c</size>
         <input_file_ref idref="fl-ec"/>
      </object_component>
      <object_component id="oc-755">
         <name>.const:_SlActionLookupTable</name>
         <load_address>0x2000cf2c</load_address>
         <run_address>0x2000cf2c</run_address>
         <size>0x38</size>
         <input_file_ref idref="fl-ec"/>
      </object_component>
      <object_component id="oc-127">
         <name>.const:$P$T1$2</name>
         <load_address>0x2000cf64</load_address>
         <run_address>0x2000cf64</run_address>
         <size>0x2c</size>
         <input_file_ref idref="fl-2"/>
      </object_component>
      <object_component id="oc-70d">
         <name>.const:g_ppulSPIIntMap</name>
         <load_address>0x2000cf90</load_address>
         <run_address>0x2000cf90</run_address>
         <size>0x24</size>
         <input_file_ref idref="fl-f6"/>
      </object_component>
      <object_component id="oc-133">
         <name>.const:.string:$P$T0$1</name>
         <load_address>0x2000cfb4</load_address>
         <run_address>0x2000cfb4</run_address>
         <size>0x22</size>
         <input_file_ref idref="fl-2"/>
      </object_component>
      <object_component id="oc-738">
         <name>.const:RxMsgClassLUT</name>
         <load_address>0x2000cfd8</load_address>
         <run_address>0x2000cfd8</run_address>
         <size>0x20</size>
         <input_file_ref idref="fl-ec"/>
      </object_component>
      <object_component id="oc-6cf">
         <name>.const</name>
         <load_address>0x2000cff8</load_address>
         <run_address>0x2000cff8</run_address>
         <size>0x18</size>
         <input_file_ref idref="fl-f6"/>
      </object_component>
      <object_component id="oc-731">
         <name>.const:$P$T0$1</name>
         <load_address>0x2000d010</load_address>
         <run_address>0x2000d010</run_address>
         <size>0x14</size>
         <input_file_ref idref="fl-ec"/>
      </object_component>
      <object_component id="oc-61f">
         <name>.const:$P$T0$1</name>
         <load_address>0x2000d024</load_address>
         <run_address>0x2000d024</run_address>
         <size>0x14</size>
         <input_file_ref idref="fl-ef"/>
      </object_component>
      <object_component id="oc-12a">
         <name>.const:$P$T2$3</name>
         <load_address>0x2000d038</load_address>
         <run_address>0x2000d038</run_address>
         <size>0x14</size>
         <input_file_ref idref="fl-2"/>
      </object_component>
      <object_component id="oc-551">
         <name>.const:.string:_SlPayloadByProtocolLUT</name>
         <load_address>0x2000d04c</load_address>
         <run_address>0x2000d04c</run_address>
         <size>0x10</size>
         <input_file_ref idref="fl-f0"/>
      </object_component>
      <object_component id="oc-178">
         <name>.const:.string:$P$T4$5</name>
         <load_address>0x2000d05c</load_address>
         <run_address>0x2000d05c</run_address>
         <size>0xd</size>
         <input_file_ref idref="fl-2"/>
      </object_component>
      <object_component id="oc-191">
         <name>.const:.string:$P$T5$6</name>
         <load_address>0x2000d069</load_address>
         <run_address>0x2000d069</run_address>
         <size>0xd</size>
         <input_file_ref idref="fl-2"/>
      </object_component>
      <object_component id="oc-192">
         <name>.const:$P$T7$8</name>
         <load_address>0x2000d078</load_address>
         <run_address>0x2000d078</run_address>
         <size>0xc</size>
         <input_file_ref idref="fl-2"/>
      </object_component>
      <object_component id="oc-195">
         <name>.const:.string:$P$T6$7</name>
         <load_address>0x2000d084</load_address>
         <run_address>0x2000d084</run_address>
         <size>0xc</size>
         <input_file_ref idref="fl-2"/>
      </object_component>
      <object_component id="oc-146">
         <name>.const:.string:$P$T3$4</name>
         <load_address>0x2000d090</load_address>
         <run_address>0x2000d090</run_address>
         <size>0xa</size>
         <input_file_ref idref="fl-2"/>
      </object_component>
      <object_component id="oc-4cf">
         <name>.const:StartResponseLUT</name>
         <load_address>0x2000d09a</load_address>
         <run_address>0x2000d09a</run_address>
         <size>0x8</size>
         <input_file_ref idref="fl-eb"/>
      </object_component>
      <object_component id="oc-734">
         <name>.const:g_H2NCnysPattern</name>
         <load_address>0x2000d0a4</load_address>
         <run_address>0x2000d0a4</run_address>
         <size>0x8</size>
         <input_file_ref idref="fl-ec"/>
      </object_component>
      <object_component id="oc-670">
         <name>.const:g_H2NSyncPattern</name>
         <load_address>0x2000d0ac</load_address>
         <run_address>0x2000d0ac</run_address>
         <size>0x8</size>
         <input_file_ref idref="fl-ec"/>
      </object_component>
      <object_component id="oc-1a2">
         <name>.const:.string:$P$T8$9</name>
         <load_address>0x2000d0b4</load_address>
         <run_address>0x2000d0b4</run_address>
         <size>0x5</size>
         <input_file_ref idref="fl-2"/>
      </object_component>
      <object_component id="oc-32b">
         <name>.const:$P$T0$1</name>
         <load_address>0x2000d0ba</load_address>
         <run_address>0x2000d0ba</run_address>
         <size>0x4</size>
         <input_file_ref idref="fl-f0"/>
      </object_component>
      <object_component id="oc-33f">
         <name>.const:$P$T0$1</name>
         <load_address>0x2000d0be</load_address>
         <run_address>0x2000d0be</run_address>
         <size>0x4</size>
         <input_file_ref idref="fl-f1"/>
      </object_component>
      <object_component id="oc-323">
         <name>.const:$P$T1$2</name>
         <load_address>0x2000d0c2</load_address>
         <run_address>0x2000d0c2</run_address>
         <size>0x4</size>
         <input_file_ref idref="fl-f0"/>
      </object_component>
      <object_component id="oc-2b5">
         <name>.const:_SlDeviceGetCmdCtrl</name>
         <load_address>0x2000d0c6</load_address>
         <run_address>0x2000d0c6</run_address>
         <size>0x4</size>
         <input_file_ref idref="fl-eb"/>
      </object_component>
      <object_component id="oc-7e2">
         <name>.const:_SlNetAppSendTokenValueCmdCtrl</name>
[...]
         <value>0x200184d0</value>
         <object_component_ref idref="oc-26a"/>
      </symbol>
      <symbol id="sm-a5d">
         <name>_SlDrvCmdSend</name>
         <value>0x2000b3e5</value>
         <object_component_ref idref="oc-7dc"/>
      </symbol>
      <symbol id="sm-a5e">
         <name>_SlActionLookupTable</name>
         <value>0x2000cf2c</value>
         <object_component_ref idref="oc-755"/>
      </symbol>
      <symbol id="sm-ae5">
         <name>sl_NetAppMDNSUnRegisterService</name>
         <value>0x2000b5ed</value>
         <object_component_ref idref="oc-121"/>
      </symbol>
      <symbol id="sm-ae6">
         <name>_SlNetAppSendTokenValueCmdCtrl</name>
         <value>0x2000d0ca</value>
         <object_component_ref idref="oc-7e2"/>
      </symbol>
      <symbol id="sm-ae7">
         <name>_sl_HandleAsync_DnsGetHostByName</name>
         <value>0x2000a909</value>
         <object_component_ref idref="oc-791"/>
      </symbol>
      <symbol id="sm-ae8">
         <name>_sl_HandleAsync_PingResponse</name>
         <value>0x2000a999</value>
         <object_component_ref idref="oc-741"/>
      </symbol>
      <symbol id="sm-ae9">
         <name>_SlDrvNetAppEventHandler</name>
         <value>0x20009441</value>
         <object_component_ref idref="oc-73b"/>
      </symbol>
      <symbol id="sm-aea">
         <name>_sl_HandleAsync_DnsGetHostByService</name>
         <value>0x20009e5d</value>
         <object_component_ref idref="oc-797"/>
      </symbol>
      <symbol id="sm-aeb">
         <name>_sl_NetAppSendTokenValue</name>
         <value>0x2000b451</value>
         <object_component_ref idref="oc-7a3"/>
      </symbol>
      <symbol id="sm-aec">
         <name>sl_NetAppMDNSRegisterUnregisterService</name>
         <value>0x20009bcd</value>
         <object_component_ref idref="oc-2db"/>
      </symbol>
      <symbol id="sm-b0e">
         <name>sl_NetCfgSet</name>
         <value>0x2000a6ad</value>
         <object_component_ref idref="oc-115"/>
      </symbol>
      <symbol id="sm-b56">
         <name>_SlNonOsSemSet</name>
         <value>0x2000c8fd</value>
         <object_component_ref idref="oc-41a"/>
      </symbol>
      <symbol id="sm-b57">
         <name>_SlNonOsSpawn</name>
         <value>0x2000b525</value>
         <object_component_ref idref="oc-4dc"/>
      </symbol>
      <symbol id="sm-b58">
         <name>_SlNonOsSemGet</name>
         <value>0x2000a231</value>
         <object_component_ref idref="oc-420"/>
      </symbol>
      <symbol id="sm-b59">
         <name>_SlNonOsMainLoopTask</name>
         <value>0x2000b301</value>
         <object_component_ref idref="oc-eb"/>
      </symbol>
      <symbol id="sm-b5a">
         <name>g__SlNonOsCB</name>
         <value>0x20018478</value>
         <object_component_ref idref="oc-27f"/>
      </symbol>
      <symbol id="sm-c43">
         <name>sl_SendTo</name>
         <value>0x20008e45</value>
         <object_component_ref idref="oc-159"/>
      </symbol>
      <symbol id="sm-c44">
         <name>_sl_HandleAsync_Connect</name>
         <value>0x2000b015</value>
         <object_component_ref idref="oc-7b9"/>
      </symbol>
      <symbol id="sm-c45">
         <name>sl_Htonl</name>
         <value>0x2000bf35</value>
         <object_component_ref idref="oc-14d"/>
      </symbol>
      <symbol id="sm-c46">
         <name>sl_Htons</name>
         <value>0x2000c16d</value>
         <object_component_ref idref="oc-147"/>
      </symbol>
      <symbol id="sm-c47">
         <name>sl_Socket</name>
         <value>0x2000ace9</value>
         <object_component_ref idref="oc-153"/>
      </symbol>
      <symbol id="sm-c48">
         <name>_sl_HandleAsync_Select</name>
         <value>0x2000b9ed</value>
         <object_component_ref idref="oc-7bf"/>
      </symbol>
      <symbol id="sm-c49">
         <name>sl_RecvFrom</name>
         <value>0x20008f89</value>
         <object_component_ref idref="oc-16b"/>
      </symbol>
      <symbol id="sm-c4a">
         <name>sl_Close</name>
         <value>0x2000b719</value>
         <object_component_ref idref="oc-15f"/>
      </symbol>
      <symbol id="sm-c4b">
         <name>_sl_HandleAsync_Accept</name>
         <value>0x2000b589</value>
         <object_component_ref idref="oc-7b3"/>
      </symbol>
      <symbol id="sm-c4c">
         <name>sl_Bind</name>
         <value>0x2000a179</value>
         <object_component_ref idref="oc-165"/>
      </symbol>
      <symbol id="sm-d06">
         <name>sl_WlanDisconnect</name>
         <value>0x2000c21d</value>
         <object_component_ref idref="oc-10f"/>
      </symbol>
      <symbol id="sm-d07">
         <name>sl_WlanPolicySet</name>
         <value>0x2000aa29</value>
         <object_component_ref idref="oc-103"/>
      </symbol>
      <symbol id="sm-d08">
         <name>sl_WlanProfileDel</name>
         <value>0x2000b779</value>
         <object_component_ref idref="oc-109"/>
      </symbol>
      <symbol id="sm-d09">
         <name>sl_WlanRxFilterSet</name>
         <value>0x2000af91</value>
         <object_component_ref idref="oc-12d"/>
      </symbol>
      <symbol id="sm-d0a">
         <name>sl_WlanConnect</name>
         <value>0x200074ad</value>
         <object_component_ref idref="oc-171"/>
      </symbol>
      <symbol id="sm-d0b">
         <name>sl_WlanSet</name>
         <value>0x2000a745</value>
         <object_component_ref idref="oc-11b"/>
      </symbol>
      <symbol id="sm-d0c">
         <name>sl_WlanSetMode</name>
         <value>0x2000b7d9</value>
         <object_component_ref idref="oc-f1"/>
      </symbol>
      <symbol id="sm-e27">
         <name>g_ucDinDout</name>
         <value>0x20017c00</value>
      </symbol>
      <symbol id="sm-e28">
         <name>g_cDummy</name>
         <value>0x200177ee</value>
      </symbol>
      <symbol id="sm-e29">
         <name>NwpMaskInterrupt</name>
         <value>0x2000ca8d</value>
         <object_component_ref idref="oc-49a"/>
      </symbol>
      <symbol id="sm-e2a">
         <name>NwpPrePowerOffTimout0</name>
         <value>0x2000c62d</value>
         <object_component_ref idref="oc-294"/>
      </symbol>
      <symbol id="sm-e2b">
         <name>NwpRegisterInterruptHandler</name>
         <value>0x2000c079</value>
         <object_component_ref idref="oc-249"/>
      </symbol>
      <symbol id="sm-e2c">
         <name>g_pHostIntHdl</name>
         <value>0x200184fc</value>
         <object_component_ref idref="oc-473"/>
      </symbol>
      <symbol id="sm-e2d">
         <name>simplelink_timerA2_start</name>
         <value>0x2000c131</value>
         <object_component_ref idref="oc-721"/>
      </symbol>
      <symbol id="sm-e2e">
         <name>NwpUnMaskInterrupt</name>
         <value>0x2000ca99</value>
         <object_component_ref idref="oc-4b4"/>
      </symbol>
      <symbol id="sm-e2f">
         <name>NwpPowerOff</name>
         <value>0x2000c1e5</value>
         <object_component_ref idref="oc-243"/>
      </symbol>
      <symbol id="sm-e30">
         <name>TimerGetCurrentTimestamp</name>
         <value>0x2000c64d</value>
         <object_component_ref idref="oc-6c5"/>
      </symbol>
      <symbol id="sm-e31">
         <name>spi_Read</name>
         <value>0x20009731</value>
         <object_component_ref idref="oc-6e1"/>
      </symbol>
      <symbol id="sm-e32">
         <name>DmaSpiSwIntHandler</name>
         <value>0x2000c515</value>
         <object_component_ref idref="oc-479"/>
      </symbol>
      <symbol id="sm-e33">
         <name>NwpPowerOn</name>
         <value>0x2000c31d</value>
         <object_component_ref idref="oc-24f"/>
      </symbol>
      <symbol id="sm-e34">
         <name>spi_Close</name>
         <value>0x2000b211</value>
         <object_component_ref idref="oc-29a"/>
      </symbol>
      <symbol id="sm-e35">
         <name>spi_Write</name>
         <value>0x2000a7dd</value>
         <object_component_ref idref="oc-66a"/>
      </symbol>
      <symbol id="sm-e36">
         <name>spi_Open</name>
         <value>0x20008bb9</value>
         <object_component_ref idref="oc-237"/>
      </symbol>
      <symbol id="sm-e37">
         <name>g_ucDMAEnabled</name>
         <value>0x20018500</value>
         <object_component_ref idref="oc-473"/>
      </symbol>
      <symbol id="sm-e38">
         <name>g_SpiFd</name>
         <value>0x200184f8</value>
         <object_component_ref idref="oc-473"/>
      </symbol>
      <symbol id="sm-ebe">
         <name>IntPendClear</name>
         <value>0x2000b895</value>
         <object_component_ref idref="oc-4ad"/>
      </symbol>
      <symbol id="sm-ebf">
         <name>IntPrioritySet</name>
         <value>0x2000b945</value>
         <object_component_ref idref="oc-382"/>
      </symbol>
      <symbol id="sm-ec0">
         <name>IntVTableBaseSet</name>
         <value>0x2000c9dd</value>
         <object_component_ref idref="oc-179"/>
      </symbol>
      <symbol id="sm-ec1">
         <name>IntEnable</name>
         <value>0x2000a389</value>
         <object_component_ref idref="oc-185"/>
      </symbol>
      <symbol id="sm-ec2">
         <name>IntDisable</name>
         <value>0x2000a2e1</value>
         <object_component_ref idref="oc-4a1"/>
      </symbol>
      <symbol id="sm-ec3">
         <name>IntRegister</name>
         <value>0x2000c60d</value>
         <object_component_ref idref="oc-461"/>
      </symbol>
      <symbol id="sm-ec4">
         <name>IntUnregister</name>
         <value>0x2000c539</value>
         <object_component_ref idref="oc-4a7"/>
      </symbol>
      <symbol id="sm-ec5">
         <name>IntMasterEnable</name>
         <value>0x2000cad5</value>
         <object_component_ref idref="oc-17f"/>
      </symbol>
      <symbol id="sm-ef2">
         <name>PinTypeUART</name>
         <value>0x2000c7e9</value>
         <object_component_ref idref="oc-3e1"/>
      </symbol>
      <symbol id="sm-ef3">
         <name>PinConfigSet</name>
         <value>0x2000ad75</value>
         <object_component_ref idref="oc-5a9"/>
      </symbol>
      <symbol id="sm-ef4">
         <name>PinModeSet</name>
         <value>0x2000bf79</value>
         <object_component_ref idref="oc-5a3"/>
      </symbol>
      <symbol id="sm-f87">
         <name>PRCMPeripheralReset</name>
         <value>0x2000b8ed</value>
         <object_component_ref idref="oc-367"/>
      </symbol>
      <symbol id="sm-f88">
         <name>PRCMPeripheralClkEnable</name>
         <value>0x2000c0f5</value>
         <object_component_ref idref="oc-361"/>
      </symbol>
      <symbol id="sm-f89">
         <name>PRCMPeripheralClockGet</name>
         <value>0x2000a875</value>
         <object_component_ref idref="oc-1d9"/>
      </symbol>
      <symbol id="sm-f8a">
         <name>PRCMCC3200MCUInit</name>
         <value>0x20008781</value>
         <object_component_ref idref="oc-18b"/>
      </symbol>
      <symbol id="sm-f8b">
         <name>PRCMHIBRegWrite</name>
         <value>0x2000c95b</value>
         <object_component_ref idref="oc-35b"/>
      </symbol>
      <symbol id="sm-f8c">
         <name>PRCMSysResetCauseGet</name>
         <value>0x2000c349</value>
         <object_component_ref idref="oc-34f"/>
      </symbol>
      <symbol id="sm-f8d">
         <name>PRCMPeripheralStatusGet</name>
         <value>0x2000c255</value>
         <object_component_ref idref="oc-443"/>
      </symbol>
      <symbol id="sm-f8e">
         <name>PRCMPeripheralClkDisable</name>
         <value>0x2000c44d</value>
         <object_component_ref idref="oc-36d"/>
      </symbol>
      <symbol id="sm-f8f">
         <name>PRCMHIBRegRead</name>
         <value>0x2000c945</value>
         <object_component_ref idref="oc-355"/>
      </symbol>
      <symbol id="sm-104a">
         <name>SPIFIFODisable</name>
         <value>0x2000c837</value>
         <object_component_ref idref="oc-513"/>
      </symbol>
      <symbol id="sm-104b">
         <name>SPICSEnable</name>
         <value>0x2000c89d</value>
         <object_component_ref idref="oc-6f8"/>
      </symbol>
      <symbol id="sm-104c">
         <name>SPIDisable</name>
         <value>0x2000c8b5</value>
         <object_component_ref idref="oc-431"/>
      </symbol>
      <symbol id="sm-104d">
         <name>SPIFIFOEnable</name>
         <value>0x2000c851</value>
         <object_component_ref idref="oc-44f"/>
      </symbol>
      <symbol id="sm-104e">
         <name>SPIWordCountSet</name>
         <value>0x2000c5eb</value>
         <object_component_ref idref="oc-6fe"/>
      </symbol>
      <symbol id="sm-104f">
         <name>SPIEnable</name>
         <value>0x2000c8cd</value>
         <object_component_ref idref="oc-46d"/>
      </symbol>
      <symbol id="sm-1050">
         <name>SPIDmaEnable</name>
         <value>0x2000c81d</value>
         <object_component_ref idref="oc-455"/>
      </symbol>
      <symbol id="sm-1051">
         <name>SPIConfigSetExpClk</name>
         <value>0x2000a4d5</value>
         <object_component_ref idref="oc-43d"/>
      </symbol>
      <symbol id="sm-1052">
         <name>SPIIntUnregister</name>
         <value>0x2000c86b</value>
         <object_component_ref idref="oc-50d"/>
      </symbol>
      <symbol id="sm-1053">
         <name>SPIFIFOLevelSet</name>
         <value>0x2000c289</value>
         <object_component_ref idref="oc-45b"/>
      </symbol>
      <symbol id="sm-1054">
         <name>SPIDmaDisable</name>
         <value>0x2000c803</value>
         <object_component_ref idref="oc-519"/>
      </symbol>
      <symbol id="sm-1055">
         <name>SPIReset</name>
         <value>0x2000c5c9</value>
         <object_component_ref idref="oc-437"/>
      </symbol>
      <symbol id="sm-1056">
         <name>SPIIntEnable</name>
         <value>0x2000bb39</value>
         <object_component_ref idref="oc-467"/>
      </symbol>
      <symbol id="sm-1057">
         <name>SPIIntClear</name>
         <value>0x2000bd4d</value>
         <object_component_ref idref="oc-640"/>
      </symbol>
      <symbol id="sm-1058">
         <name>SPICSDisable</name>
         <value>0x2000c885</value>
         <object_component_ref idref="oc-42b"/>
      </symbol>
      <symbol id="sm-108b">
         <name>TimerLoadSet</name>
         <value>0x2000c3cd</value>
         <object_component_ref idref="oc-775"/>
      </symbol>
      <symbol id="sm-108c">
         <name>TimerEnable</name>
         <value>0x2000c6ad</value>
         <object_component_ref idref="oc-77b"/>
      </symbol>
      <symbol id="sm-108d">
         <name>TimerValueGet</name>
         <value>0x2000c707</value>
         <object_component_ref idref="oc-727"/>
      </symbol>
      <symbol id="sm-108e">
         <name>TimerPrescaleSet</name>
         <value>0x2000c3f7</value>
         <object_component_ref idref="oc-76f"/>
      </symbol>
      <symbol id="sm-108f">
         <name>TimerConfigure</name>
         <value>0x2000be69</value>
         <object_component_ref idref="oc-769"/>
      </symbol>
      <symbol id="sm-10d4">
         <name>UARTConfigSetExpClk</name>
         <value>0x2000b289</value>
         <object_component_ref idref="oc-1df"/>
      </symbol>
      <symbol id="sm-10d5">
         <name>UARTDisable</name>
         <value>0x2000c2bd</value>
         <object_component_ref idref="oc-3ec"/>
      </symbol>
      <symbol id="sm-10d6">
         <name>UARTCharsAvail</name>
         <value>0x2000c8e5</value>
         <object_component_ref idref="oc-1f1"/>
      </symbol>
      <symbol id="sm-10d7">
         <name>UARTCharGetNonBlocking</name>
         <value>0x2000c723</value>
         <object_component_ref idref="oc-1f7"/>
      </symbol>
      <symbol id="sm-10d8">
         <name>UARTCharPut</name>
         <value>0x2000c6cb</value>
         <object_component_ref idref="oc-1e5"/>
      </symbol>
      <symbol id="sm-10d9">
         <name>UARTEnable</name>
         <value>0x2000c55d</value>
         <object_component_ref idref="oc-3f2"/>
      </symbol>
      <symbol id="sm-10da">
         <name>UARTCharGet</name>
         <value>0x2000c971</value>
         <object_component_ref idref="oc-140"/>
      </symbol>
      <symbol id="sm-1187">
         <name>uDMAChannelControlSet</name>
         <value>0x2000c1a9</value>
         <object_component_ref idref="oc-3be"/>
      </symbol>
      <symbol id="sm-1188">
         <name>uDMAIntClear</name>
         <value>0x2000ca2d</value>
         <object_component_ref idref="oc-37c"/>
      </symbol>
      <symbol id="sm-1189">
         <name>uDMAChannelDisable</name>
         <value>0x2000c795</value>
         <object_component_ref idref="oc-3ac"/>
      </symbol>
      <symbol id="sm-118a">
         <name>uDMAIntUnregister</name>
         <value>0x2000ca41</value>
         <object_component_ref idref="oc-3b2"/>
      </symbol>
      <symbol id="sm-118b">
         <name>uDMAChannelAttributeEnable</name>
         <value>0x2000b6b5</value>
         <object_component_ref idref="oc-3c4"/>
      </symbol>
      <symbol id="sm-118c">
         <name>uDMADisable</name>
         <value>0x2000cab1</value>
         <object_component_ref idref="oc-3b8"/>
      </symbol>
      <symbol id="sm-118d">
         <name>uDMAChannelTransferSet</name>
         <value>0x20009821</value>
         <object_component_ref idref="oc-3ca"/>
      </symbol>
      <symbol id="sm-118e">
         <name>uDMAIntStatus</name>
         <value>0x2000cac9</value>
         <object_component_ref idref="oc-376"/>
      </symbol>
      <symbol id="sm-118f">
         <name>uDMAChannelAssign</name>
         <value>0x2000bd01</value>
         <object_component_ref idref="oc-39a"/>
      </symbol>
      <symbol id="sm-1190">
         <name>uDMAIntRegister</name>
         <value>0x2000c9b3</value>
         <object_component_ref idref="oc-388"/>
      </symbol>
      <symbol id="sm-1191">
         <name>uDMAEnable</name>
         <value>0x2000cabd</value>
         <object_component_ref idref="oc-38e"/>
      </symbol>
      <symbol id="sm-1192">
         <name>uDMAControlBaseSet</name>
         <value>0x2000ca19</value>
         <object_component_ref idref="oc-394"/>
      </symbol>
      <symbol id="sm-1193">
         <name>uDMAChannelAttributeDisable</name>
         <value>0x2000b651</value>
         <object_component_ref idref="oc-3a0"/>
      </symbol>
      <symbol id="sm-1194">
         <name>uDMAChannelEnable</name>
         <value>0x2000c7b1</value>
         <object_component_ref idref="oc-3d0"/>
      </symbol>
      <symbol id="sm-1195">
         <name>uDMAChannelRequest</name>
         <value>0x2000c7cd</value>
         <object_component_ref idref="oc-3a6"/>
      </symbol>
      <symbol id="sm-1199">
         <name>UtilsDelay</name>
         <value>0x2000cae7</value>
         <object_component_ref idref="oc-499"/>
      </symbol>
      <symbol id="sm-11a3">
         <name>CPUcpsie</name>
         <value>0x2000c9c9</value>
         <object_component_ref idref="oc-344"/>
      </symbol>
      <symbol id="sm-11a5">
         <name>__TI_static_base__</name>
         <value>0x2000d100</value>
      </symbol>
      <symbol id="sm-11a8">
         <name>SHT$$INIT_ARRAY$$Limit</name>
         <value>0x0</value>
      </symbol>
      <symbol id="sm-11a9">
         <name>SHT$$INIT_ARRAY$$Base</name>
         <value>0x0</value>
      </symbol>
   </symbol_table>
   <title>Link successful</title>
</link_info>
