******************************************************************************
                  TI ARM Linker PC v16.9.4                     
******************************************************************************
>> Linked Tue Jun 18 13:05:54 2019

OUTPUT FILE NAME:   <USR telemetry udp VOLTAGE.out>
ENTRY POINT SYMBOL: "_c_int00"  address: 2000b771


MEMORY CONFIGURATION

         name            origin    length      used     unused   attr    fill
----------------------  --------  ---------  --------  --------  ----  --------
  SRAM_CODE             20004000   00013000  00008968  0000a698  RW X
  SRAM_DATA             20017000   00019000  000012fc  00017d04  RW X


SEGMENT ALLOCATION MAP

run origin  load origin   length   init length attrs members
----------  ----------- ---------- ----------- ----- -------
20004000    20004000    00008968   00008968    r-x
  20004000    20004000    00000400   00000400    r-- .intvecs
  20004400    20004400    00007f00   00007f00    r-x .text
  2000c300    2000c300    00000608   00000608    r-- .const
  2000c908    2000c908    00000060   00000060    r-- .cinit
20017000    20017000    00000afc   00000000    rw-
  20017000    20017000    00000800   00000000    rw- .sysmem
  20017800    20017800    00000250   00000000    rw- .bss
  20017a50    20017a50    000000ac   00000000    rw- .data
2002f800    2002f800    00000800   00000000    rw-
  2002f800    2002f800    00000800   00000000    rw- .stack


SECTION ALLOCATION MAP

 output                                  attributes/
section   page    origin      length       input sections
--------  ----  ----------  ----------   ----------------
.intvecs   0    20004000    00000400     
                  20004000    00000400     startup_ccs.obj (.intvecs)

.init_array 
*          0    20004000    00000000     UNINITIALIZED

.text      0    20004400    00007f00     
                  20004400    00001122     rtsv7M4_T_le_eabi.lib : _printfi.obj (.text)
                  20005522    00000002     driverlib.a : interrupt.obj (.text:IntDefaultHandler)
                  20005524    00000ed4     main.obj (.text)
                  200063f8    00000590     simplelink.a : driver.obj (.text:_SlDrvMsgRead)
                  20006988    000003d0     rtsv7M4_T_le_eabi.lib : memory.obj (.text)
                  20006d58    00000280     uart_if.obj (.text)
                  20006fd8    0000024c     simplelink.a : driver.obj (.text:_SlDrvRxHdrRead)
                  20007224    000001f4     rtsv7M4_T_le_eabi.lib : ull_div_t2.obj (.text)
                  20007418    000001d0     simplelink.a : driver.obj (.text:_SlDrvReleasePoolObj)
                  200075e8    000001b6     rtsv7M4_T_le_eabi.lib : fd_add_t2.obj (.text)
                  2000779e    00000002                           : mpu_init.obj (.text)
                  200077a0    000001b4     simplelink.a : driver.obj (.text:_SlDrvDriverCBInit)
                  20007954    0000019c                  : driver.obj (.text:_SlDrvMsgWrite)
                  20007af0    00000198     timer_if.obj (.text)
                  20007c88    00000190     simplelink.a : driver.obj (.text:_SlDrvWaitForPoolObj)
                  20007e18    00000178     driverlib.a : prcm.obj (.text:PRCMCC3200MCUInit)
                  20007f90    00000170     simplelink.a : driver.obj (.text:_SlFindAndSetActiveObj)
                  20008100    00000150                  : driver.obj (.text:_SlDrvDataWriteOp)
                  20008250    00000148                  : cc_pal.obj (.text:spi_Open)
                  20008398    00000144                  : driver.obj (.text:_SlDrvMsgReadCmdCtx)
                  200084dc    00000144                  : socket.obj (.text:sl_SendTo)
                  20008620    00000136     rtsv7M4_T_le_eabi.lib : fd_div_t2.obj (.text)
                  20008756    00000002                           : startup.obj (.text)
                  20008758    00000130     simplelink.a : driver.obj (.text:_SlDrvDriverCBDeinit)
                  20008888    00000104                  : netapp.obj (.text:_SlDrvNetAppEventHandler)
                  2000898c    000000fc     rtsv7M4_T_le_eabi.lib : fd_mul_t2.obj (.text)
                  20008a88    000000f0     simplelink.a : device.obj (.text:sl_Stop)
                  20008b78    000000f0                  : cc_pal.obj (.text:spi_Read)
                  20008c68    000000f0     driverlib.a : udma.obj (.text:uDMAChannelTransferSet)
                  20008d58    000000ec     simplelink.a : device.obj (.text:sl_Start)
                  20008e44    000000e8                  : driver.obj (.text:_SlAsyncEventGenericHandler)
                  20008f2c    000000e8                  : driver.obj (.text:_SlDrvMsgReadSpawnCtx)
                  20009014    000000e4                  : netapp.obj (.text:sl_NetAppMDNSRegisterUnregisterService)
                  200090f8    000000dc                  : driver.obj (.text:_SlDrvClassifyRxMsg)
                  200091d4    000000d8                  : netcfg.obj (.text:sl_NetCfgGet)
                  200092ac    000000d4     pin_mux_config.obj (.text)
                  20009380    000000d0     rtsv7M4_T_le_eabi.lib : s_scalbn.obj (.text)
                  20009450    000000cc     simplelink.a : netapp.obj (.text:_sl_HandleAsync_DnsGetHostByService)
                  2000951c    000000cc                  : device.obj (.text:sl_DevGet)
                  200095e8    000000c4                  : driver.obj (.text:_SlRemoveFromList)
                  200096ac    000000c0                  : driver.obj (.text:_SlDrvCmdOp)
                  2000976c    000000b0                  : nonos.obj (.text:_SlNonOsSemGet)
                  2000981c    000000a8     driverlib.a : interrupt.obj (.text:IntDisable)
                  200098c4    000000a8                 : interrupt.obj (.text:IntEnable)
                  2000996c    000000a4     simplelink.a : driver.obj (.text:_SlDriverHandleError)
                  20009a10    000000a0     driverlib.a : spi.obj (.text:SPIConfigSetExpClk)
                  20009ab0    0000009c     rtsv7M4_T_le_eabi.lib : memcpy_t2.obj (.text)
                  20009b4c    0000009a     simplelink.a : device.obj (.text:_SlDrvDeviceEventHandler)
                  20009be6    00000002     --HOLE-- [fill = 0]
                  20009be8    00000098                  : netcfg.obj (.text:sl_NetCfgSet)
                  20009c80    00000098                  : wlan.obj (.text:sl_WlanSet)
                  20009d18    00000098                  : cc_pal.obj (.text:spi_Write)
                  20009db0    00000094     driverlib.a : prcm.obj (.text:PRCMPeripheralClockGet)
                  20009e44    00000092     rtsv7M4_T_le_eabi.lib : fs_div_t2.obj (.text)
                  20009ed6    00000002     --HOLE-- [fill = 0]
                  20009ed8    00000090     simplelink.a : netapp.obj (.text:_sl_HandleAsync_DnsGetHostByName)
                  20009f68    00000090                  : netapp.obj (.text:_sl_HandleAsync_PingResponse)
                  20009ff8    00000090                  : wlan.obj (.text:sl_WlanPolicySet)
                  2000a088    0000008c                  : cc_pal.obj (.text:SetupDMAReceive)
                  2000a114    0000008c                  : cc_pal.obj (.text:SetupDMASend)
                  2000a1a0    0000008c                  : driver.obj (.text:_SlDrvIsTimeoutExpired)
                  2000a22c    0000008c                  : device.obj (.text:_sl_HandleAsync_InitComplete)
                  2000a2b8    0000008c                  : socket.obj (.text:sl_Socket)
                  2000a344    00000088     driverlib.a : pin.obj (.text:PinConfigSet)
                  2000a3cc    00000088     rtsv7M4_T_le_eabi.lib : vsnprintf.obj (.text)
                  2000a454    00000086                           : fd_cmp_t2.obj (.text:__aeabi_cdcmple)
                  2000a4da    00000086                           : fd_cmp_t2.obj (.text:__aeabi_cdrcmple)
                  2000a560    00000084     simplelink.a : wlan.obj (.text:sl_WlanRxFilterSet)
                  2000a5e4    00000080                  : socket.obj (.text:_sl_HandleAsync_Connect)
                  2000a664    00000080                  : cc_pal.obj (.text:spi_Read_CPU)
                  2000a6e4    00000080                  : cc_pal.obj (.text:spi_Write_CPU)
                  2000a764    0000007a     rtsv7M4_T_le_eabi.lib : memset_t2.obj (.text)
                  2000a7de    00000002     --HOLE-- [fill = 0]
                  2000a7e0    00000078     simplelink.a : cc_pal.obj (.text:spi_Close)
                  2000a858    00000076     driverlib.a : uart.obj (.text:UARTConfigSetExpClk)
                  2000a8ce    00000002     --HOLE-- [fill = 0]
                  2000a8d0    00000074     simplelink.a : nonos.obj (.text:_SlNonOsMainLoopTask)
                  2000a944    00000070     driverlib.a : timer.obj (.text:TimerIntRegister)
                  2000a9b4    00000070     rtsv7M4_T_le_eabi.lib : autoinit.obj (.text)
                  2000aa24    0000006e                           : fd_tos_t2.obj (.text)
                  2000aa92    00000002     --HOLE-- [fill = 0]
                  2000aa94    0000006c     simplelink.a : driver.obj (.text:_SlDrvCmdSend)
                  2000ab00    0000006c                  : netapp.obj (.text:_sl_NetAppSendTokenValue)
                  2000ab6c    00000068     driverlib.a : timer.obj (.text:TimerIntUnregister)
                  2000abd4    00000068     rtsv7M4_T_le_eabi.lib : copy_decompress_lzss.obj (.text:decompress:lzss)
                  2000ac3c    00000064     simplelink.a : nonos.obj (.text:_SlNonOsSpawn)
                  2000aca0    00000064                  : socket.obj (.text:_sl_HandleAsync_Accept)
                  2000ad04    00000064                  : netapp.obj (.text:sl_NetAppMDNSUnRegisterService)
                  2000ad68    00000064     driverlib.a : udma.obj (.text:uDMAChannelAttributeDisable)
                  2000adcc    00000064                 : udma.obj (.text:uDMAChannelAttributeEnable)
                  2000ae30    00000060     rtsv7M4_T_le_eabi.lib : sprintf.obj (.text)
                  2000ae90    00000060     simplelink.a : socket.obj (.text:sl_Close)
                  2000aef0    00000060                  : wlan.obj (.text:sl_WlanProfileDel)
                  2000af50    00000060                  : wlan.obj (.text:sl_WlanSetMode)
                  2000afb0    0000005c     rtsv7M4_T_le_eabi.lib : s_frexp.obj (.text)
                  2000b00c    00000058     driverlib.a : interrupt.obj (.text:IntPendClear)
                  2000b064    00000058                 : prcm.obj (.text:PRCMPeripheralReset)
                  2000b0bc    00000054                 : interrupt.obj (.text:IntPrioritySet)
                  2000b110    00000054     simplelink.a : driver.obj (.text:_SlDrvRxIrqHandler)
                  2000b164    00000054                  : socket.obj (.text:_sl_HandleAsync_Select)
                  2000b1b8    00000054     rtsv7M4_T_le_eabi.lib : exit.obj (.text)
                  2000b20c    00000054                           : ltoa.obj (.text)
                  2000b260    00000050     simplelink.a : device.obj (.text:_sl_HandleAsync_Stop)
                  2000b2b0    0000004c     driverlib.a : spi.obj (.text:SPIIntEnable)
                  2000b2fc    0000004c                 : spi.obj (.text:SPIIntNumberGet)
                  2000b348    0000004c     simplelink.a : driver.obj (.text:_SlDrvProtectAsyncRespSetting)
                  2000b394    0000004c                  : socket.obj (.text:_sl_BuildAddress)
                  2000b3e0    0000004c     rtsv7M4_T_le_eabi.lib : atoi.obj (.text)
                  2000b42c    0000004c                           : cpy_tbl.obj (.text)
                  2000b478    0000004c     driverlib.a : udma.obj (.text:uDMAChannelAssign)
                  2000b4c4    00000048                 : spi.obj (.text:SPIIntClear)
                  2000b50c    00000048     simplelink.a : driver.obj (.text:_SlDrvBasicCmd)
                  2000b554    00000048     rtsv7M4_T_le_eabi.lib : fd_toi_t2.obj (.text)
                  2000b59c    00000044     driverlib.a : spi.obj (.text:SPIDmaMaskGet)
                  2000b5e0    00000044                 : timer.obj (.text:TimerConfigure)
                  2000b624    00000044     simplelink.a : driver.obj (.text:_SlDrvSyncObjWaitTimeout)
                  2000b668    00000044                  : cc_pal.obj (.text:cc_SetupTransfer)
                  2000b6ac    00000042                  : socket.obj (.text:sl_Htonl)
                  2000b6ee    00000002     --HOLE-- [fill = 0]
                  2000b6f0    00000040     driverlib.a : pin.obj (.text:PinModeSet)
                  2000b730    00000040     simplelink.a : socket.obj (.text:_sl_TruncatePayloadByProtocol)
                  2000b770    00000040     rtsv7M4_T_le_eabi.lib : boot.obj (.text)
                  2000b7b0    0000003e     simplelink.a : cc_pal.obj (.text:NwpRegisterInterruptHandler)
                  2000b7ee    0000003c                  : netapp.obj (.text:CopyPingResultsToReport)
                  2000b82a    00000002     --HOLE-- [fill = 0]
                  2000b82c    0000003c     driverlib.a : prcm.obj (.text:PRCMPeripheralClkEnable)
                  2000b868    0000003c     simplelink.a : cc_pal.obj (.text:simplelink_timerA2_start)
                  2000b8a4    0000003c                  : socket.obj (.text:sl_Htons)
                  2000b8e0    0000003c     driverlib.a : udma.obj (.text:uDMAChannelControlSet)
                  2000b91c    00000038                 : adc.obj (.text:ADCChannelDisable)
                  2000b954    00000038                 : adc.obj (.text:ADCChannelEnable)
                  2000b98c    00000038     simplelink.a : cc_pal.obj (.text:NwpPowerOff)
                  2000b9c4    00000038                  : wlan.obj (.text:sl_WlanDisconnect)
                  2000b9fc    00000036     driverlib.a : timer.obj (.text:TimerControlStall)
                  2000ba32    00000002     --HOLE-- [fill = 0]
                  2000ba34    00000034                 : prcm.obj (.text:PRCMPeripheralStatusGet)
                  2000ba68    00000034                 : spi.obj (.text:SPIFIFOLevelSet)
                  2000ba9c    00000030                 : uart.obj (.text:UARTDisable)
                  2000bacc    0000002e     rtsv7M4_T_le_eabi.lib : i_tofd_t2.obj (.text)
                  2000bafa    00000002     --HOLE-- [fill = 0]
                  2000bafc    0000002c     simplelink.a : cc_pal.obj (.text:NwpPowerOn)
                  2000bb28    0000002c     driverlib.a : prcm.obj (.text:PRCMSysResetCauseGet)
                  2000bb54    0000002c     simplelink.a : driver.obj (.text:_SlDrvObjGlobalLockWaitForever)
                  2000bb80    0000002c                  : driver.obj (.text:_SlDrvProtectionObjLockWaitForever)
                  2000bbac    0000002a     driverlib.a : timer.obj (.text:TimerLoadSet)
                  2000bbd6    0000002a                 : timer.obj (.text:TimerPrescaleSet)
                  2000bc00    00000028                 : prcm.obj (.text:PRCMPeripheralClkDisable)
                  2000bc28    00000028     simplelink.a : driver.obj (.text:_SlDrvGlobalObjUnLock)
                  2000bc50    00000028                  : driver.obj (.text:_SlDrvProtectionObjUnLock)
                  2000bc78    00000028                  : driver.obj (.text:_SlDrvSyncObjWaitForever)
                  2000bca0    00000026                  : driver.obj (.text:_SlDrvObjLockWaitForever)
                  2000bcc6    00000002     --HOLE-- [fill = 0]
                  2000bcc8    00000024                  : cc_pal.obj (.text:DmaSpiSwIntHandler)
                  2000bcec    00000024     driverlib.a : interrupt.obj (.text:IntUnregister)
                  2000bd10    00000024                 : uart.obj (.text:UARTEnable)
                  2000bd34    00000024     rtsv7M4_T_le_eabi.lib : memmov.obj (.text)
                  2000bd58    00000022     driverlib.a : adc.obj (.text:ADCTimerConfig)
                  2000bd7a    00000022                 : spi.obj (.text:SPIReset)
                  2000bd9c    00000022                 : spi.obj (.text:SPIWordCountSet)
                  2000bdbe    00000002     --HOLE-- [fill = 0]
                  2000bdc0    00000020                 : interrupt.obj (.text:IntRegister)
                  2000bde0    00000020     simplelink.a : cc_pal.obj (.text:NwpPrePowerOffTimout0)
                  2000be00    00000020                  : cc_pal.obj (.text:TimerGetCurrentTimestamp)
                  2000be20    00000020                  : driver.obj (.text:_SlDrvObjUnLock)
                  2000be40    00000020                  : driver.obj (.text:_SlDrvSyncObjSignal)
                  2000be60    00000020     rtsv7M4_T_le_eabi.lib : u_tofd_t2.obj (.text)
                  2000be80    0000001e     driverlib.a : timer.obj (.text:TimerDisable)
                  2000be9e    0000001e                 : timer.obj (.text:TimerEnable)
                  2000bebc    0000001e                 : timer.obj (.text:TimerIntStatus)
                  2000beda    0000001e                 : uart.obj (.text:UARTCharPut)
                  2000bef8    0000001e     simplelink.a : cc_pal.obj (.text:cc_UDMAChannelSelect)
                  2000bf16    0000001c     driverlib.a : adc.obj (.text:ADCFIFOLvlGet)
                  2000bf32    0000001c                 : timer.obj (.text:TimerValueGet)
                  2000bf4e    0000001c                 : uart.obj (.text:UARTCharGetNonBlocking)
                  2000bf6a    0000001c     simplelink.a : driver.obj (.text:_SlDrvStartMeasureTimeout)
                  2000bf86    0000001c     rtsv7M4_T_le_eabi.lib : memccpy.obj (.text)
                  2000bfa2    00000002     --HOLE-- [fill = 0]
                  2000bfa4    0000001c     driverlib.a : udma.obj (.text:uDMAChannelEnable)
                  2000bfc0    0000001a                 : pin.obj (.text:PinTypeUART)
                  2000bfda    0000001a                 : spi.obj (.text:SPIDmaDisable)
                  2000bff4    0000001a                 : spi.obj (.text:SPIDmaEnable)
                  2000c00e    0000001a                 : spi.obj (.text:SPIFIFODisable)
                  2000c028    0000001a                 : spi.obj (.text:SPIFIFOEnable)
                  2000c042    0000001a                 : spi.obj (.text:SPIIntUnregister)
                  2000c05c    00000018                 : adc.obj (.text:ADCFIFORead)
                  2000c074    00000018                 : spi.obj (.text:SPICSDisable)
                  2000c08c    00000018                 : spi.obj (.text:SPICSEnable)
                  2000c0a4    00000018                 : spi.obj (.text:SPIDisable)
                  2000c0bc    00000018                 : spi.obj (.text:SPIEnable)
                  2000c0d4    00000018                 : timer.obj (.text:TimerIntDisable)
                  2000c0ec    00000018                 : timer.obj (.text:TimerIntEnable)
                  2000c104    00000018                 : uart.obj (.text:UARTCharsAvail)
                  2000c11c    00000018     simplelink.a : nonos.obj (.text:_SlNonOsSemSet)
                  2000c134    00000018                  : device.obj (.text:_sl_GetStartResponseConvert)
                  2000c14c    00000018     rtsv7M4_T_le_eabi.lib : args_main.obj (.text)
                  2000c164    00000016     driverlib.a : adc.obj (.text:ADCTimerDisable)
                  2000c17a    00000016                 : adc.obj (.text:ADCTimerEnable)
                  2000c190    00000016                 : prcm.obj (.text:PRCMHIBRegRead)
                  2000c1a6    00000016                 : prcm.obj (.text:PRCMHIBRegWrite)
                  2000c1bc    00000016     simplelink.a : driver.obj (.text:_SlDrvMemZero)
                  2000c1d2    00000016     rtsv7M4_T_le_eabi.lib : strchr.obj (.text)
                  2000c1e8    00000014     driverlib.a : adc.obj (.text:ADCDisable)
                  2000c1fc    00000014                 : adc.obj (.text:ADCEnable)
                  2000c210    00000014                 : cpu.obj (.text:CPUcpsie)
                  2000c224    00000014                 : interrupt.obj (.text:IntVTableBaseSet)
                  2000c238    00000014                 : pin.obj (.text:PinTypeADC)
                  2000c24c    00000014     rtsv7M4_T_le_eabi.lib : _lock.obj (.text)
                  2000c260    00000014                           : strlen.obj (.text)
                  2000c274    00000012     driverlib.a : timer.obj (.text:TimerIntClear)
                  2000c286    00000010     simplelink.a : driver.obj (.text:_SlDrvDispatchHttpServerEvents)
                  2000c296    0000000e                  : driver.obj (.text:_SlDrvResetCmdExt)
                  2000c2a4    0000000e     rtsv7M4_T_le_eabi.lib : copy_decompress_none.obj (.text:decompress:none)
                  2000c2b2    0000000e     startup_ccs.obj (.text)
                  2000c2c0    0000000c     simplelink.a : cc_pal.obj (.text:NwpMaskInterrupt)
                  2000c2cc    0000000c                  : cc_pal.obj (.text:NwpUnMaskInterrupt)
                  2000c2d8    0000000c     rtsv7M4_T_le_eabi.lib : copy_zero_init.obj (.text:decompress:ZI)
                  2000c2e4    0000000a     driverlib.a : interrupt.obj (.text:IntMasterEnable)
                  2000c2ee    00000008     rtsv7M4_T_le_eabi.lib : s_copysign.obj (.text)
                  2000c2f6    00000006     driverlib.a : utils.obj (.text:UtilsDelay)
                  2000c2fc    00000004     rtsv7M4_T_le_eabi.lib : pre_init.obj (.text)

.const     0    2000c300    00000608     
                  2000c300    00000101     rtsv7M4_T_le_eabi.lib : ctype.obj (.const:.string:_ctypes_)
                  2000c401    00000003     --HOLE-- [fill = 0]
                  2000c404    00000100     driverlib.a : pin.obj (.const:g_ulPinToPadMap)
                  2000c504    000000d4                 : interrupt.obj (.const:g_pulRegs)
                  2000c5d8    000000a8                 : prcm.obj (.const:PRCM_PeriphRegsList)
                  2000c680    00000080                 : interrupt.obj (.const)
                  2000c700    0000003c     simplelink.a : driver.obj (.const:OpcodeTranslateTable)
                  2000c73c    00000038                  : driver.obj (.const:_SlActionLookupTable)
                  2000c774    0000002c     main.obj (.const:$P$T1$2)
                  2000c7a0    00000024     driverlib.a : spi.obj (.const:g_ppulSPIIntMap)
                  2000c7c4    00000022     main.obj (.const:.string:$P$T0$1)
                  2000c7e6    00000021     main.obj (.const:.string:$P$T5$6)
                  2000c807    00000001     --HOLE-- [fill = 0]
                  2000c808    00000020     simplelink.a : driver.obj (.const:RxMsgClassLUT)
                  2000c828    00000018     driverlib.a : spi.obj (.const)
                  2000c840    00000014     simplelink.a : driver.obj (.const:$P$T0$1)
                  2000c854    00000014                  : nonos.obj (.const:$P$T0$1)
                  2000c868    00000014     main.obj (.const:$P$T2$3)
                  2000c87c    00000010     main.obj (.const:$P$T6$7)
                  2000c88c    00000010     simplelink.a : socket.obj (.const:.string:_SlPayloadByProtocolLUT)
                  2000c89c    0000000e     main.obj (.const:.string:$P$T4$5)
                  2000c8aa    0000000c     main.obj (.const:.string:$P$T3$4)
                  2000c8b6    00000008     simplelink.a : device.obj (.const:StartResponseLUT)
                  2000c8be    00000002     --HOLE-- [fill = 0]
                  2000c8c0    00000008                  : driver.obj (.const:g_H2NCnysPattern)
                  2000c8c8    00000008                  : driver.obj (.const:g_H2NSyncPattern)
                  2000c8d0    00000004                  : socket.obj (.const:$P$T1$2)
                  2000c8d4    00000004                  : device.obj (.const:_SlDeviceGetCmdCtrl)
                  2000c8d8    00000004                  : netapp.obj (.const:_SlNetAppSendTokenValueCmdCtrl)
                  2000c8dc    00000004                  : netcfg.obj (.const:_SlNetCfgGetCmdCtrl)
                  2000c8e0    00000004                  : netcfg.obj (.const:_SlNetCfgSetCmdCtrl)
                  2000c8e4    00000004                  : wlan.obj (.const:_SlPolicySetCmdCtrl)
                  2000c8e8    00000004                  : wlan.obj (.const:_SlProfileDelCmdCtrl)
                  2000c8ec    00000004                  : netapp.obj (.const:_SlRegisterServiceCtrl)
                  2000c8f0    00000004                  : wlan.obj (.const:_SlRxFilterSetCmdCtrl)
                  2000c8f4    00000004                  : socket.obj (.const:_SlSockCloseCmdCtrl)
                  2000c8f8    00000004                  : socket.obj (.const:_SlSockSocketCmdCtrl)
                  2000c8fc    00000004                  : device.obj (.const:_SlStopCmdCtrl)
                  2000c900    00000004                  : wlan.obj (.const:_SlWlanCfgSetCmdCtrl)
                  2000c904    00000004                  : wlan.obj (.const:_SlWlanSetModeCmdCtrl)

.cinit     0    2000c908    00000060     
                  2000c908    00000036     (.cinit..data.load) [load image, compression = lzss]
                  2000c93e    00000002     --HOLE-- [fill = 0]
                  2000c940    0000000c     (__TI_handler_table)
                  2000c94c    00000004     --HOLE-- [fill = 0]
                  2000c950    00000008     (.cinit..bss.load) [load image, compression = zero_init]
                  2000c958    00000010     (__TI_cinit_table)

.sysmem    0    20017000    00000800     UNINITIALIZED
                  20017000    00000008     rtsv7M4_T_le_eabi.lib : memory.obj (.sysmem)
                  20017008    000007f8     --HOLE--

.bss       0    20017800    00000250     UNINITIALIZED
                  20017800    00000168     simplelink.a : driver.obj (.bss:g_StatMem)
                  20017968    00000080     (.common:g_cBsdBuf)
                  200179e8    00000050     (.common:g_ucDinDout)
                  20017a38    00000004     uart_if.obj (.bss)
                  20017a3c    00000004     (.common:ms)
                  20017a40    00000004     (.common:temp)
                  20017a44    00000004     (.common:x)
                  20017a48    00000004     (.common:y)
                  20017a4c    00000001     (.common:RxIrqCnt)
                  20017a4d    00000001     (.common:g_bDeviceRestartIsRequired)
                  20017a4e    00000001     (.common:g_cDummy)
                  20017a4f    00000001     (.common:ucDHCP)

.data      0    20017a50    000000ac     UNINITIALIZED
                  20017a50    0000003c     simplelink.a : nonos.obj (.data:g__SlNonOsCB)
                  20017a8c    0000002c     main.obj (.data)
                  20017ab8    0000000d     simplelink.a : driver.obj (.data)
                  20017ac5    00000003     --HOLE--
                  20017ac8    0000000c     rtsv7M4_T_le_eabi.lib : exit.obj (.data:$O1$$)
                  20017ad4    0000000c                           : memory.obj (.data:$O1$$)
                  20017ae0    00000009     simplelink.a : cc_pal.obj (.data)
                  20017ae9    00000003     --HOLE--
                  20017aec    00000008     rtsv7M4_T_le_eabi.lib : _lock.obj (.data:$O1$$)
                  20017af4    00000004                           : errno.obj (.data)
                  20017af8    00000004                           : stkdepth_vars.obj (.data)

.stack     0    2002f800    00000800     UNINITIALIZED
                  2002f800    00000800     --HOLE--

MODULE SUMMARY

       Module                     code    ro data   rw data
       ------                     ----    -------   -------
    .\
       main.obj                   3796    173       189    
       startup_ccs.obj            14      1024      0      
       uart_if.obj                640     0         4      
       timer_if.obj               408     0         0      
       pin_mux_config.obj         212     0         0      
    +--+--------------------------+-------+---------+---------+
       Total:                     5070    1197      193    
                                                           
    C:/ti/CC3200SDK_1.3.0/cc3200-sdk/driverlib/ccs/Release/driverlib.a
       prcm.obj                   852     168       0      
       interrupt.obj              608     340       0      
       spi.obj                    798     60        0      
       timer.obj                  606     0         0      
       udma.obj                   604     0         0      
       pin.obj                    246     256       0      
       uart.obj                   284     0         0      
       adc.obj                    282     0         0      
       cpu.obj                    20      0         0      
       utils.obj                  6       0         0      
    +--+--------------------------+-------+---------+---------+
       Total:                     4306    824       0      
                                                           
    C:/ti/CC3200SDK_1.3.0/cc3200-sdk/simplelink/ccs/NON_OS/simplelink.a
       driver.obj                 7230    184       375    
       cc_pal.obj                 1820    0         90     
       netapp.obj                 1248    8         0      
       socket.obj                 1138    28        0      
       device.obj                 1078    16        0      
       wlan.obj                   676     20        0      
       nonos.obj                  416     20        60     
       netcfg.obj                 368     8         0      
    +--+--------------------------+-------+---------+---------+
       Total:                     13974   284       525    
                                                           
    C:\ti\ccsv7\tools\compiler\ti-cgt-arm_16.9.4.LTS\lib\rtsv7M4_T_le_eabi.lib
       _printfi.obj               4386    0         0      
       memory.obj                 976     0         12     
       ull_div_t2.obj             500     0         0      
       fd_add_t2.obj              438     0         0      
       fd_div_t2.obj              310     0         0      
       fd_cmp_t2.obj              268     0         0      
       ctype.obj                  0       257       0      
       fd_mul_t2.obj              252     0         0      
       s_scalbn.obj               208     0         0      
       memcpy_t2.obj              156     0         0      
       fs_div_t2.obj              146     0         0      
       vsnprintf.obj              136     0         0      
       memset_t2.obj              122     0         0      
       autoinit.obj               112     0         0      
       fd_tos_t2.obj              110     0         0      
       copy_decompress_lzss.obj   104     0         0      
       exit.obj                   84      0         12     
       sprintf.obj                96      0         0      
       s_frexp.obj                92      0         0      
       ltoa.obj                   84      0         0      
       atoi.obj                   76      0         0      
       cpy_tbl.obj                76      0         0      
       fd_toi_t2.obj              72      0         0      
       boot.obj                   64      0         0      
       i_tofd_t2.obj              46      0         0      
       memmov.obj                 36      0         0      
       u_tofd_t2.obj              32      0         0      
       _lock.obj                  20      0         8      
       memccpy.obj                28      0         0      
       args_main.obj              24      0         0      
       strchr.obj                 22      0         0      
       strlen.obj                 20      0         0      
       copy_decompress_none.obj   14      0         0      
       copy_zero_init.obj         12      0         0      
       s_copysign.obj             8       0         0      
       errno.obj                  0       0         4      
       pre_init.obj               4       0         0      
       stkdepth_vars.obj          0       0         4      
       mpu_init.obj               2       0         0      
       startup.obj                2       0         0      
    +--+--------------------------+-------+---------+---------+
       Total:                     9138    257       40     
                                                           
       Heap:                      0       0         2048   
       Stack:                     0       0         2048   
       Linker Generated:          0       90        0      
    +--+--------------------------+-------+---------+---------+
       Grand Total:               32488   2652      4854   


LINKER GENERATED COPY TABLES

__TI_cinit_table @ 2000c958 records: 2, size/record: 8, table size: 16
	.data: load addr=2000c908, load size=00000036 bytes, run addr=20017a50, run size=000000ac bytes, compression=lzss
	.bss: load addr=2000c950, load size=00000008 bytes, run addr=20017800, run size=00000250 bytes, compression=zero_init


LINKER GENERATED HANDLER TABLE

__TI_handler_table @ 2000c940 records: 3, size/record: 4, table size: 12
	index: 0, handler: __TI_decompress_lzss
	index: 1, handler: __TI_decompress_none
	index: 2, handler: __TI_zero_init


GLOBAL SYMBOLS: SORTED ALPHABETICALLY BY Name 

address   name                                  
-------   ----                                  
2000b91d  ADCChannelDisable                     
2000b955  ADCChannelEnable                      
2000c1e9  ADCDisable                            
2000c1fd  ADCEnable                             
2000bf17  ADCFIFOLvlGet                         
2000c05d  ADCFIFORead                           
2000bd59  ADCTimerConfig                        
2000c165  ADCTimerDisable                       
2000c17b  ADCTimerEnable                        
2000b1b9  C$$EXIT                               
2000c211  CPUcpsie                              
20006d99  ClearTerm                             
20017a9c  DestIp                                
2000bcc9  DmaSpiSwIntHandler                    
20006da3  Error                                 
20006ddb  GetCmd                                
20006d59  InitTerm                              
2000981d  IntDisable                            
200098c5  IntEnable                             
2000c2e5  IntMasterEnable                       
2000b00d  IntPendClear                          
2000b0bd  IntPrioritySet                        
2000bdc1  IntRegister                           
2000bced  IntUnregister                         
2000c225  IntVTableBaseSet                      
20006d77  Message                               
2000c2c1  NwpMaskInterrupt                      
2000b98d  NwpPowerOff                           
2000bafd  NwpPowerOn                            
2000bde1  NwpPrePowerOffTimout0                 
2000b7b1  NwpRegisterInterruptHandler           
2000c2cd  NwpUnMaskInterrupt                    
2000c700  OpcodeTranslateTable                  
20007e19  PRCMCC3200MCUInit                     
2000c191  PRCMHIBRegRead                        
2000c1a7  PRCMHIBRegWrite                       
2000bc01  PRCMPeripheralClkDisable              
2000b82d  PRCMPeripheralClkEnable               
20009db1  PRCMPeripheralClockGet                
2000b065  PRCMPeripheralReset                   
2000ba35  PRCMPeripheralStatusGet               
2000bb29  PRCMSysResetCauseGet                  
2000a345  PinConfigSet                          
2000b6f1  PinModeSet                            
200092ad  PinMuxConfig                          
2000c239  PinTypeADC                            
2000bfc1  PinTypeUART                           
20006f19  Report                                
2000c2b3  ResetISR                              
20017a4c  RxIrqCnt                              
UNDEFED   SHT$$INIT_ARRAY$$Base                 
UNDEFED   SHT$$INIT_ARRAY$$Limit                
2000c075  SPICSDisable                          
2000c08d  SPICSEnable                           
20009a11  SPIConfigSetExpClk                    
2000c0a5  SPIDisable                            
2000bfdb  SPIDmaDisable                         
2000bff5  SPIDmaEnable                          
2000c0bd  SPIEnable                             
2000c00f  SPIFIFODisable                        
2000c029  SPIFIFOEnable                         
2000ba69  SPIFIFOLevelSet                       
2000b4c5  SPIIntClear                           
2000b2b1  SPIIntEnable                          
2000c043  SPIIntUnregister                      
2000bd7b  SPIReset                              
2000bd9d  SPIWordCountSet                       
20005771  SimpleLinkGeneralEventHandler         
20005765  SimpleLinkHttpServerCallback          
20005635  SimpleLinkNetAppEventHandler          
200057e1  SimpleLinkPingReport                  
20005799  SimpleLinkSockEventHandler            
20005599  SimpleLinkWlanEventHandler            
2000b5e1  TimerConfigure                        
2000b9fd  TimerControlStall                     
2000be81  TimerDisable                          
2000be9f  TimerEnable                           
2000be01  TimerGetCurrentTimestamp              
2000c275  TimerIntClear                         
2000c0d5  TimerIntDisable                       
2000c0ed  TimerIntEnable                        
2000a945  TimerIntRegister                      
2000bebd  TimerIntStatus                        
2000ab6d  TimerIntUnregister                    
2000bbad  TimerLoadSet                          
2000bbd7  TimerPrescaleSet                      
2000bf33  TimerValueGet                         
20007c37  Timer_IF_DeInit                       
20007c69  Timer_IF_GetCount                     
20007b71  Timer_IF_Init                         
20007ba3  Timer_IF_IntSetup                     
20007bef  Timer_IF_InterruptClear               
20007c51  Timer_IF_ReLoad                       
20007c07  Timer_IF_Start                        
20007c27  Timer_IF_Stop                         
20006e81  TrimSpace                             
2000bf4f  UARTCharGetNonBlocking                
2000bedb  UARTCharPut                           
2000c105  UARTCharsAvail                        
2000a859  UARTConfigSetExpClk                   
2000ba9d  UARTDisable                           
2000bd11  UARTEnable                            
20005e3d  UDPTRANSMIT                           
2000c2f7  UtilsDelay                            
2000c73c  _SlActionLookupTable                  
2000996d  _SlDriverHandleError                  
2000b50d  _SlDrvBasicCmd                        
200096ad  _SlDrvCmdOp                           
2000aa95  _SlDrvCmdSend                         
20008101  _SlDrvDataWriteOp                     
20009b4d  _SlDrvDeviceEventHandler              
2000c287  _SlDrvDispatchHttpServerEvents        
20008759  _SlDrvDriverCBDeinit                  
200077a1  _SlDrvDriverCBInit                    
2000bc29  _SlDrvGlobalObjUnLock                 
2000a1a1  _SlDrvIsTimeoutExpired                
2000c1bd  _SlDrvMemZero                         
20008f2d  _SlDrvMsgReadSpawnCtx                 
20008889  _SlDrvNetAppEventHandler              
2000bca1  _SlDrvObjLockWaitForever              
2000be21  _SlDrvObjUnLock                       
2000b349  _SlDrvProtectAsyncRespSetting         
2000bb81  _SlDrvProtectionObjLockWaitForever    
2000bc51  _SlDrvProtectionObjUnLock             
20007419  _SlDrvReleasePoolObj                  
2000c297  _SlDrvResetCmdExt                     
2000b111  _SlDrvRxIrqHandler                    
2000bf6b  _SlDrvStartMeasureTimeout             
2000be41  _SlDrvSyncObjSignal                   
2000bc79  _SlDrvSyncObjWaitForever              
2000b625  _SlDrvSyncObjWaitTimeout              
20007c89  _SlDrvWaitForPoolObj                  
2000c8d8  _SlNetAppSendTokenValueCmdCtrl        
2000a8d1  _SlNonOsMainLoopTask                  
2000976d  _SlNonOsSemGet                        
2000c11d  _SlNonOsSemSet                        
2000ac3d  _SlNonOsSpawn                         
20030000  __STACK_END                           
00000800  __STACK_SIZE                          
00000800  __SYSMEM_SIZE                         
2000c958  __TI_CINIT_Base                       
2000c968  __TI_CINIT_Limit                      
2000c940  __TI_Handler_Table_Base               
2000c94c  __TI_Handler_Table_Limit              
2000a9b5  __TI_auto_init                        
20017ac8  __TI_cleanup_ptr                      
2000abd5  __TI_decompress_lzss                  
2000c2a5  __TI_decompress_none                  
20017acc  __TI_dtors_ptr                        
20017ad0  __TI_enable_exit_profile_output       
ffffffff  __TI_pprof_out_hndl                   
20004c39  __TI_printfi                          
ffffffff  __TI_prof_data_size                   
ffffffff  __TI_prof_data_start                  
2000c908  __TI_static_base__                    
2000c2d9  __TI_zero_init                        
2000a455  __aeabi_cdcmpeq                       
2000a455  __aeabi_cdcmple                       
2000a4db  __aeabi_cdrcmple                      
2000aa25  __aeabi_d2f                           
2000b555  __aeabi_d2iz                          
200075f3  __aeabi_dadd                          
20008621  __aeabi_ddiv                          
2000898d  __aeabi_dmul                          
200075e9  __aeabi_dsub                          
20009e45  __aeabi_fdiv                          
2000bacd  __aeabi_i2d                           
2000a765  __aeabi_memclr                        
2000a765  __aeabi_memclr4                       
2000a765  __aeabi_memclr8                       
20009ab1  __aeabi_memcpy                        
20009ab1  __aeabi_memcpy4                       
20009ab1  __aeabi_memcpy8                       
2000a767  __aeabi_memset                        
2000a767  __aeabi_memset4                       
2000a767  __aeabi_memset8                       
2000be61  __aeabi_ui2d                          
20007225  __aeabi_uldivmod                      
ffffffff  __binit__                             
ffffffff  __c_args__                            
2000779f  __mpu_init                            
2002f800  __stack                               
2000c14d  _args_main                            
2000b771  _c_int00                              
2000c300  _ctypes_                              
20017aec  _lock                                 
2000c25b  _nop                                  
2000c253  _register_lock                        
2000c24d  _register_unlock                      
2000aca1  _sl_HandleAsync_Accept                
2000a5e5  _sl_HandleAsync_Connect               
20009ed9  _sl_HandleAsync_DnsGetHostByName      
20009451  _sl_HandleAsync_DnsGetHostByService   
2000a22d  _sl_HandleAsync_InitComplete          
20009f69  _sl_HandleAsync_PingResponse          
2000b165  _sl_HandleAsync_Select                
2000b261  _sl_HandleAsync_Stop                  
2000ab01  _sl_NetAppSendTokenValue              
20017000  _sys_memory                           
20008757  _system_post_cinit                    
2000c2fd  _system_pre_init                      
20017af0  _unlock                               
2000b1bd  abort                                 
2000b3e1  atoi                                  
ffffffff  binit                                 
20006d29  calloc                                
2000b42d  copy_in                               
2000c2ef  copysign                              
2000c2ef  copysignl                             
20017af4  errno                                 
2000b1c5  exit                                  
20006a73  free                                  
2000afb1  frexp                                 
2000afb1  frexpl                                
20017ab8  g_SlDeviceStatus                      
20017ae0  g_SpiFd                               
20017a50  g__SlNonOsCB                          
20017a4d  g_bDeviceRestartIsRequired            
20017968  g_cBsdBuf                             
20017a4e  g_cDummy                              
20017abc  g_pCB                                 
20017ae4  g_pHostIntHdl                         
20004000  g_pfnVectors                          
20017ae8  g_ucDMAEnabled                        
200179e8  g_ucDinDout                           
20017aac  g_ucSimplelinkstarted                 
20017a98  g_uiGatewayIP                         
20017aa4  g_uiPortNum                           
20017aa0  g_ulDestinationIp                     
20017ab0  g_ulIpAddr                            
20017aa8  g_ulPacketCount                       
20017a94  g_ulPingPacketsRecv                   
20017a90  g_ulStaIp                             
20017a8c  g_ulStatus                            
20017ab4  lRetVal                               
20009381  ldexp                                 
20009381  ldexpl                                
2000b20d  ltoa                                  
200061bd  main                                  
20017af8  main_func_sp                          
20006a09  malloc                                
20006c3d  memalign                              
2000bf87  memccpy                               
20009ab1  memcpy                                
2000bd35  memmove                               
2000a76d  memset                                
20006989  minit                                 
20017a3c  ms                                    
20017ac0  pPingCallBackFunc                     
20005525  readADC                               
20006b35  realloc                               
20009381  scalbn                                
20009381  scalbnl                               
2000b869  simplelink_timerA2_start              
2000ae91  sl_Close                              
2000951d  sl_DevGet                             
2000b6ad  sl_Htonl                              
2000b8a5  sl_Htons                              
20009015  sl_NetAppMDNSRegisterUnregisterService
2000ad05  sl_NetAppMDNSUnRegisterService        
200091d5  sl_NetCfgGet                          
20009be9  sl_NetCfgSet                          
200084dd  sl_SendTo                             
2000a2b9  sl_Socket                             
20008d59  sl_Start                              
20008a89  sl_Stop                               
2000b9c5  sl_WlanDisconnect                     
20009ff9  sl_WlanPolicySet                      
2000aef1  sl_WlanProfileDel                     
2000a561  sl_WlanRxFilterSet                    
20009c81  sl_WlanSet                            
2000af51  sl_WlanSetMode                        
2000a7e1  spi_Close                             
20008251  spi_Open                              
20008b79  spi_Read                              
20009d19  spi_Write                             
2000ae31  sprintf                               
2000c1d3  strchr                                
2000c261  strlen                                
20005ff3  tdif                                  
20017a40  temp                                  
2000b479  uDMAChannelAssign                     
2000ad69  uDMAChannelAttributeDisable           
2000adcd  uDMAChannelAttributeEnable            
2000b8e1  uDMAChannelControlSet                 
2000bfa5  uDMAChannelEnable                     
20008c69  uDMAChannelTransferSet                
20017a4f  ucDHCP                                
2000a3cd  vsnprintf                             
20017a44  x                                     
20017a48  y                                     


GLOBAL SYMBOLS: SORTED BY Symbol Address 

address   name                                  
-------   ----                                  
00000800  __STACK_SIZE                          
00000800  __SYSMEM_SIZE                         
20004000  g_pfnVectors                          
20004c39  __TI_printfi                          
20005525  readADC                               
20005599  SimpleLinkWlanEventHandler            
20005635  SimpleLinkNetAppEventHandler          
20005765  SimpleLinkHttpServerCallback          
20005771  SimpleLinkGeneralEventHandler         
20005799  SimpleLinkSockEventHandler            
200057e1  SimpleLinkPingReport                  
20005e3d  UDPTRANSMIT                           
20005ff3  tdif                                  
200061bd  main                                  
20006989  minit                                 
20006a09  malloc                                
20006a73  free                                  
20006b35  realloc                               
20006c3d  memalign                              
20006d29  calloc                                
20006d59  InitTerm                              
20006d77  Message                               
20006d99  ClearTerm                             
20006da3  Error                                 
20006ddb  GetCmd                                
20006e81  TrimSpace                             
20006f19  Report                                
20007225  __aeabi_uldivmod                      
20007419  _SlDrvReleasePoolObj                  
200075e9  __aeabi_dsub                          
200075f3  __aeabi_dadd                          
2000779f  __mpu_init                            
200077a1  _SlDrvDriverCBInit                    
20007b71  Timer_IF_Init                         
20007ba3  Timer_IF_IntSetup                     
20007bef  Timer_IF_InterruptClear               
20007c07  Timer_IF_Start                        
20007c27  Timer_IF_Stop                         
20007c37  Timer_IF_DeInit                       
20007c51  Timer_IF_ReLoad                       
20007c69  Timer_IF_GetCount                     
20007c89  _SlDrvWaitForPoolObj                  
20007e19  PRCMCC3200MCUInit                     
20008101  _SlDrvDataWriteOp                     
20008251  spi_Open                              
200084dd  sl_SendTo                             
20008621  __aeabi_ddiv                          
20008757  _system_post_cinit                    
20008759  _SlDrvDriverCBDeinit                  
20008889  _SlDrvNetAppEventHandler              
2000898d  __aeabi_dmul                          
20008a89  sl_Stop                               
20008b79  spi_Read                              
20008c69  uDMAChannelTransferSet                
20008d59  sl_Start                              
20008f2d  _SlDrvMsgReadSpawnCtx                 
20009015  sl_NetAppMDNSRegisterUnregisterService
200091d5  sl_NetCfgGet                          
200092ad  PinMuxConfig                          
20009381  ldexp                                 
20009381  ldexpl                                
20009381  scalbn                                
20009381  scalbnl                               
20009451  _sl_HandleAsync_DnsGetHostByService   
2000951d  sl_DevGet                             
200096ad  _SlDrvCmdOp                           
2000976d  _SlNonOsSemGet                        
2000981d  IntDisable                            
200098c5  IntEnable                             
2000996d  _SlDriverHandleError                  
20009a11  SPIConfigSetExpClk                    
20009ab1  __aeabi_memcpy                        
20009ab1  __aeabi_memcpy4                       
20009ab1  __aeabi_memcpy8                       
20009ab1  memcpy                                
20009b4d  _SlDrvDeviceEventHandler              
20009be9  sl_NetCfgSet                          
20009c81  sl_WlanSet                            
20009d19  spi_Write                             
20009db1  PRCMPeripheralClockGet                
20009e45  __aeabi_fdiv                          
20009ed9  _sl_HandleAsync_DnsGetHostByName      
20009f69  _sl_HandleAsync_PingResponse          
20009ff9  sl_WlanPolicySet                      
2000a1a1  _SlDrvIsTimeoutExpired                
2000a22d  _sl_HandleAsync_InitComplete          
2000a2b9  sl_Socket                             
2000a345  PinConfigSet                          
2000a3cd  vsnprintf                             
2000a455  __aeabi_cdcmpeq                       
2000a455  __aeabi_cdcmple                       
2000a4db  __aeabi_cdrcmple                      
2000a561  sl_WlanRxFilterSet                    
2000a5e5  _sl_HandleAsync_Connect               
2000a765  __aeabi_memclr                        
2000a765  __aeabi_memclr4                       
2000a765  __aeabi_memclr8                       
2000a767  __aeabi_memset                        
2000a767  __aeabi_memset4                       
2000a767  __aeabi_memset8                       
2000a76d  memset                                
2000a7e1  spi_Close                             
2000a859  UARTConfigSetExpClk                   
2000a8d1  _SlNonOsMainLoopTask                  
2000a945  TimerIntRegister                      
2000a9b5  __TI_auto_init                        
2000aa25  __aeabi_d2f                           
2000aa95  _SlDrvCmdSend                         
2000ab01  _sl_NetAppSendTokenValue              
2000ab6d  TimerIntUnregister                    
2000abd5  __TI_decompress_lzss                  
2000ac3d  _SlNonOsSpawn                         
2000aca1  _sl_HandleAsync_Accept                
2000ad05  sl_NetAppMDNSUnRegisterService        
2000ad69  uDMAChannelAttributeDisable           
2000adcd  uDMAChannelAttributeEnable            
2000ae31  sprintf                               
2000ae91  sl_Close                              
2000aef1  sl_WlanProfileDel                     
2000af51  sl_WlanSetMode                        
2000afb1  frexp                                 
2000afb1  frexpl                                
2000b00d  IntPendClear                          
2000b065  PRCMPeripheralReset                   
2000b0bd  IntPrioritySet                        
2000b111  _SlDrvRxIrqHandler                    
2000b165  _sl_HandleAsync_Select                
2000b1b9  C$$EXIT                               
2000b1bd  abort                                 
2000b1c5  exit                                  
2000b20d  ltoa                                  
2000b261  _sl_HandleAsync_Stop                  
2000b2b1  SPIIntEnable                          
2000b349  _SlDrvProtectAsyncRespSetting         
2000b3e1  atoi                                  
2000b42d  copy_in                               
2000b479  uDMAChannelAssign                     
2000b4c5  SPIIntClear                           
2000b50d  _SlDrvBasicCmd                        
2000b555  __aeabi_d2iz                          
2000b5e1  TimerConfigure                        
2000b625  _SlDrvSyncObjWaitTimeout              
2000b6ad  sl_Htonl                              
2000b6f1  PinModeSet                            
2000b771  _c_int00                              
2000b7b1  NwpRegisterInterruptHandler           
2000b82d  PRCMPeripheralClkEnable               
2000b869  simplelink_timerA2_start              
2000b8a5  sl_Htons                              
2000b8e1  uDMAChannelControlSet                 
2000b91d  ADCChannelDisable                     
2000b955  ADCChannelEnable                      
2000b98d  NwpPowerOff                           
2000b9c5  sl_WlanDisconnect                     
2000b9fd  TimerControlStall                     
2000ba35  PRCMPeripheralStatusGet               
2000ba69  SPIFIFOLevelSet                       
2000ba9d  UARTDisable                           
2000bacd  __aeabi_i2d                           
2000bafd  NwpPowerOn                            
2000bb29  PRCMSysResetCauseGet                  
2000bb81  _SlDrvProtectionObjLockWaitForever    
2000bbad  TimerLoadSet                          
2000bbd7  TimerPrescaleSet                      
2000bc01  PRCMPeripheralClkDisable              
2000bc29  _SlDrvGlobalObjUnLock                 
2000bc51  _SlDrvProtectionObjUnLock             
2000bc79  _SlDrvSyncObjWaitForever              
2000bca1  _SlDrvObjLockWaitForever              
2000bcc9  DmaSpiSwIntHandler                    
2000bced  IntUnregister                         
2000bd11  UARTEnable                            
2000bd35  memmove                               
2000bd59  ADCTimerConfig                        
2000bd7b  SPIReset                              
2000bd9d  SPIWordCountSet                       
2000bdc1  IntRegister                           
2000bde1  NwpPrePowerOffTimout0                 
2000be01  TimerGetCurrentTimestamp              
2000be21  _SlDrvObjUnLock                       
2000be41  _SlDrvSyncObjSignal                   
2000be61  __aeabi_ui2d                          
2000be81  TimerDisable                          
2000be9f  TimerEnable                           
2000bebd  TimerIntStatus                        
2000bedb  UARTCharPut                           
2000bf17  ADCFIFOLvlGet                         
2000bf33  TimerValueGet                         
2000bf4f  UARTCharGetNonBlocking                
2000bf6b  _SlDrvStartMeasureTimeout             
2000bf87  memccpy                               
2000bfa5  uDMAChannelEnable                     
2000bfc1  PinTypeUART                           
2000bfdb  SPIDmaDisable                         
2000bff5  SPIDmaEnable                          
2000c00f  SPIFIFODisable                        
2000c029  SPIFIFOEnable                         
2000c043  SPIIntUnregister                      
2000c05d  ADCFIFORead                           
2000c075  SPICSDisable                          
2000c08d  SPICSEnable                           
2000c0a5  SPIDisable                            
2000c0bd  SPIEnable                             
2000c0d5  TimerIntDisable                       
2000c0ed  TimerIntEnable                        
2000c105  UARTCharsAvail                        
2000c11d  _SlNonOsSemSet                        
2000c14d  _args_main                            
2000c165  ADCTimerDisable                       
2000c17b  ADCTimerEnable                        
2000c191  PRCMHIBRegRead                        
2000c1a7  PRCMHIBRegWrite                       
2000c1bd  _SlDrvMemZero                         
2000c1d3  strchr                                
2000c1e9  ADCDisable                            
2000c1fd  ADCEnable                             
2000c211  CPUcpsie                              
2000c225  IntVTableBaseSet                      
2000c239  PinTypeADC                            
2000c24d  _register_unlock                      
2000c253  _register_lock                        
2000c25b  _nop                                  
2000c261  strlen                                
2000c275  TimerIntClear                         
2000c287  _SlDrvDispatchHttpServerEvents        
2000c297  _SlDrvResetCmdExt                     
2000c2a5  __TI_decompress_none                  
2000c2b3  ResetISR                              
2000c2c1  NwpMaskInterrupt                      
2000c2cd  NwpUnMaskInterrupt                    
2000c2d9  __TI_zero_init                        
2000c2e5  IntMasterEnable                       
2000c2ef  copysign                              
2000c2ef  copysignl                             
2000c2f7  UtilsDelay                            
2000c2fd  _system_pre_init                      
2000c300  _ctypes_                              
2000c700  OpcodeTranslateTable                  
2000c73c  _SlActionLookupTable                  
2000c8d8  _SlNetAppSendTokenValueCmdCtrl        
2000c908  __TI_static_base__                    
2000c940  __TI_Handler_Table_Base               
2000c94c  __TI_Handler_Table_Limit              
2000c958  __TI_CINIT_Base                       
2000c968  __TI_CINIT_Limit                      
20017000  _sys_memory                           
20017968  g_cBsdBuf                             
200179e8  g_ucDinDout                           
20017a3c  ms                                    
20017a40  temp                                  
20017a44  x                                     
20017a48  y                                     
20017a4c  RxIrqCnt                              
20017a4d  g_bDeviceRestartIsRequired            
20017a4e  g_cDummy                              
20017a4f  ucDHCP                                
20017a50  g__SlNonOsCB                          
20017a8c  g_ulStatus                            
20017a90  g_ulStaIp                             
20017a94  g_ulPingPacketsRecv                   
20017a98  g_uiGatewayIP                         
20017a9c  DestIp                                
20017aa0  g_ulDestinationIp                     
20017aa4  g_uiPortNum                           
20017aa8  g_ulPacketCount                       
20017aac  g_ucSimplelinkstarted                 
20017ab0  g_ulIpAddr                            
20017ab4  lRetVal                               
20017ab8  g_SlDeviceStatus                      
20017abc  g_pCB                                 
20017ac0  pPingCallBackFunc                     
20017ac8  __TI_cleanup_ptr                      
20017acc  __TI_dtors_ptr                        
20017ad0  __TI_enable_exit_profile_output       
20017ae0  g_SpiFd                               
20017ae4  g_pHostIntHdl                         
20017ae8  g_ucDMAEnabled                        
20017aec  _lock                                 
20017af0  _unlock                               
20017af4  errno                                 
20017af8  main_func_sp                          
2002f800  __stack                               
20030000  __STACK_END                           
ffffffff  __TI_pprof_out_hndl                   
ffffffff  __TI_prof_data_size                   
ffffffff  __TI_prof_data_start                  
ffffffff  __binit__                             
ffffffff  __c_args__                            
ffffffff  binit                                 
UNDEFED   SHT$$INIT_ARRAY$$Base                 
UNDEFED   SHT$$INIT_ARRAY$$Limit                

[291 symbols]
