******************************************************************************
                  TI ARM Linker PC v16.9.4                     
******************************************************************************
>> Linked Sun Jan 06 12:54:53 2019

OUTPUT FILE NAME:   <USR telemetry udp send from i2c.out>
ENTRY POINT SYMBOL: "_c_int00"  address: 2000b469


MEMORY CONFIGURATION

         name            origin    length      used     unused   attr    fill
----------------------  --------  ---------  --------  --------  ----  --------
  SRAM_CODE             20004000   00013000  000085e4  0000aa1c  RW X
  SRAM_DATA             20017000   00019000  000012f0  00017d10  RW X


SEGMENT ALLOCATION MAP

run origin  load origin   length   init length attrs members
----------  ----------- ---------- ----------- ----- -------
20004000    20004000    000085e8   000085e8    r-x
  20004000    20004000    00000400   00000400    r-- .intvecs
  20004400    20004400    00007b7c   00007b7c    r-x .text
  2000bf7c    2000bf7c    00000608   00000608    r-- .const
  2000c588    2000c588    00000060   00000060    r-- .cinit
20017000    20017000    00000af0   00000000    rw-
  20017000    20017000    00000800   00000000    rw- .sysmem
  20017800    20017800    00000248   00000000    rw- .bss
  20017a48    20017a48    000000a8   00000000    rw- .data
2002f800    2002f800    00000800   00000000    rw-
  2002f800    2002f800    00000800   00000000    rw- .stack


SECTION ALLOCATION MAP

 output                                  attributes/
section   page    origin      length       input sections
--------  ----  ----------  ----------   ----------------
.intvecs   0    20004000    00000400     
                  20004000    00000400     startup_ccs.obj (.intvecs)

.init_array 
*          0    20004000    00000000     UNINITIALIZED

.text      0    20004400    00007b7c     
                  20004400    00001122     rtsv7M4_T_le_eabi.lib : _printfi.obj (.text)
                  20005522    00000002     driverlib.a : interrupt.obj (.text:IntDefaultHandler)
                  20005524    00000b84     main.obj (.text)
                  200060a8    00000590     simplelink.a : driver.obj (.text:_SlDrvMsgRead)
                  20006638    000003d0     rtsv7M4_T_le_eabi.lib : memory.obj (.text)
                  20006a08    00000284     i2c_if.obj (.text)
                  20006c8c    00000280     uart_if.obj (.text)
                  20006f0c    0000024c     simplelink.a : driver.obj (.text:_SlDrvRxHdrRead)
                  20007158    000001f4     rtsv7M4_T_le_eabi.lib : ull_div_t2.obj (.text)
                  2000734c    000001d0     simplelink.a : driver.obj (.text:_SlDrvReleasePoolObj)
                  2000751c    000001b6     rtsv7M4_T_le_eabi.lib : fd_add_t2.obj (.text)
                  200076d2    00000002                           : mpu_init.obj (.text)
                  200076d4    000001b4     simplelink.a : driver.obj (.text:_SlDrvDriverCBInit)
                  20007888    0000019c                  : driver.obj (.text:_SlDrvMsgWrite)
                  20007a24    00000190                  : driver.obj (.text:_SlDrvWaitForPoolObj)
                  20007bb4    00000178     driverlib.a : prcm.obj (.text:PRCMCC3200MCUInit)
                  20007d2c    00000170     simplelink.a : driver.obj (.text:_SlFindAndSetActiveObj)
                  20007e9c    00000150                  : driver.obj (.text:_SlDrvDataWriteOp)
                  20007fec    00000148                  : cc_pal.obj (.text:spi_Open)
                  20008134    00000144                  : driver.obj (.text:_SlDrvMsgReadCmdCtx)
                  20008278    00000144                  : socket.obj (.text:sl_SendTo)
                  200083bc    00000136     rtsv7M4_T_le_eabi.lib : fd_div_t2.obj (.text)
                  200084f2    00000002                           : startup.obj (.text)
                  200084f4    00000130     simplelink.a : driver.obj (.text:_SlDrvDriverCBDeinit)
                  20008624    00000114     rtsv7M4_T_le_eabi.lib : strtoul.obj (.text)
                  20008738    00000104     simplelink.a : netapp.obj (.text:_SlDrvNetAppEventHandler)
                  2000883c    000000fc     rtsv7M4_T_le_eabi.lib : fd_mul_t2.obj (.text)
                  20008938    000000f0     simplelink.a : device.obj (.text:sl_Stop)
                  20008a28    000000f0                  : cc_pal.obj (.text:spi_Read)
                  20008b18    000000f0     driverlib.a : udma.obj (.text:uDMAChannelTransferSet)
                  20008c08    000000ec     simplelink.a : device.obj (.text:sl_Start)
                  20008cf4    000000e8                  : driver.obj (.text:_SlAsyncEventGenericHandler)
                  20008ddc    000000e8                  : driver.obj (.text:_SlDrvMsgReadSpawnCtx)
                  20008ec4    000000e4                  : netapp.obj (.text:sl_NetAppMDNSRegisterUnregisterService)
                  20008fa8    000000dc                  : driver.obj (.text:_SlDrvClassifyRxMsg)
                  20009084    000000d8                  : netcfg.obj (.text:sl_NetCfgGet)
                  2000915c    000000d4     pin_mux_config.obj (.text)
                  20009230    000000d0     rtsv7M4_T_le_eabi.lib : s_scalbn.obj (.text)
                  20009300    000000cc     simplelink.a : netapp.obj (.text:_sl_HandleAsync_DnsGetHostByService)
                  200093cc    000000cc                  : device.obj (.text:sl_DevGet)
                  20009498    000000c4                  : driver.obj (.text:_SlRemoveFromList)
                  2000955c    000000c0                  : driver.obj (.text:_SlDrvCmdOp)
                  2000961c    000000b0                  : nonos.obj (.text:_SlNonOsSemGet)
                  200096cc    000000a8     driverlib.a : interrupt.obj (.text:IntDisable)
                  20009774    000000a8                 : interrupt.obj (.text:IntEnable)
                  2000981c    000000a4     simplelink.a : driver.obj (.text:_SlDriverHandleError)
                  200098c0    000000a0     driverlib.a : spi.obj (.text:SPIConfigSetExpClk)
                  20009960    0000009c     rtsv7M4_T_le_eabi.lib : memcpy_t2.obj (.text)
                  200099fc    0000009a     simplelink.a : device.obj (.text:_SlDrvDeviceEventHandler)
                  20009a96    00000002     --HOLE-- [fill = 0]
                  20009a98    00000098                  : netcfg.obj (.text:sl_NetCfgSet)
                  20009b30    00000098                  : wlan.obj (.text:sl_WlanSet)
                  20009bc8    00000098                  : cc_pal.obj (.text:spi_Write)
                  20009c60    00000094     driverlib.a : prcm.obj (.text:PRCMPeripheralClockGet)
                  20009cf4    00000090     simplelink.a : netapp.obj (.text:_sl_HandleAsync_DnsGetHostByName)
                  20009d84    00000090                  : netapp.obj (.text:_sl_HandleAsync_PingResponse)
                  20009e14    00000090                  : wlan.obj (.text:sl_WlanPolicySet)
                  20009ea4    0000008c                  : cc_pal.obj (.text:SetupDMAReceive)
                  20009f30    0000008c                  : cc_pal.obj (.text:SetupDMASend)
                  20009fbc    0000008c                  : driver.obj (.text:_SlDrvIsTimeoutExpired)
                  2000a048    0000008c                  : device.obj (.text:_sl_HandleAsync_InitComplete)
                  2000a0d4    0000008c                  : socket.obj (.text:sl_Socket)
                  2000a160    00000088     driverlib.a : pin.obj (.text:PinConfigSet)
                  2000a1e8    00000088     rtsv7M4_T_le_eabi.lib : vsnprintf.obj (.text)
                  2000a270    00000086                           : fd_cmp_t2.obj (.text:__aeabi_cdcmple)
                  2000a2f6    00000086                           : fd_cmp_t2.obj (.text:__aeabi_cdrcmple)
                  2000a37c    00000084     driverlib.a : i2c.obj (.text:I2CMasterInitExpClk)
                  2000a400    00000084     simplelink.a : wlan.obj (.text:sl_WlanRxFilterSet)
                  2000a484    00000080                  : socket.obj (.text:_sl_HandleAsync_Connect)
                  2000a504    00000080                  : cc_pal.obj (.text:spi_Read_CPU)
                  2000a584    00000080                  : cc_pal.obj (.text:spi_Write_CPU)
                  2000a604    0000007a     rtsv7M4_T_le_eabi.lib : memset_t2.obj (.text)
                  2000a67e    00000002     --HOLE-- [fill = 0]
                  2000a680    00000078     simplelink.a : cc_pal.obj (.text:spi_Close)
                  2000a6f8    00000076     driverlib.a : uart.obj (.text:UARTConfigSetExpClk)
                  2000a76e    00000002     --HOLE-- [fill = 0]
                  2000a770    00000074     simplelink.a : nonos.obj (.text:_SlNonOsMainLoopTask)
                  2000a7e4    00000070     rtsv7M4_T_le_eabi.lib : autoinit.obj (.text)
                  2000a854    0000006c     simplelink.a : driver.obj (.text:_SlDrvCmdSend)
                  2000a8c0    0000006c                  : netapp.obj (.text:_sl_NetAppSendTokenValue)
                  2000a92c    00000068     rtsv7M4_T_le_eabi.lib : copy_decompress_lzss.obj (.text:decompress:lzss)
                  2000a994    00000064     simplelink.a : nonos.obj (.text:_SlNonOsSpawn)
                  2000a9f8    00000064                  : socket.obj (.text:_sl_HandleAsync_Accept)
                  2000aa5c    00000064                  : netapp.obj (.text:sl_NetAppMDNSUnRegisterService)
                  2000aac0    00000064     driverlib.a : udma.obj (.text:uDMAChannelAttributeDisable)
                  2000ab24    00000064                 : udma.obj (.text:uDMAChannelAttributeEnable)
                  2000ab88    00000060     simplelink.a : socket.obj (.text:sl_Close)
                  2000abe8    00000060                  : wlan.obj (.text:sl_WlanProfileDel)
                  2000ac48    00000060                  : wlan.obj (.text:sl_WlanSetMode)
                  2000aca8    0000005c     rtsv7M4_T_le_eabi.lib : s_frexp.obj (.text)
                  2000ad04    00000058     driverlib.a : interrupt.obj (.text:IntPendClear)
                  2000ad5c    00000058                 : prcm.obj (.text:PRCMPeripheralReset)
                  2000adb4    00000054                 : interrupt.obj (.text:IntPrioritySet)
                  2000ae08    00000054     simplelink.a : driver.obj (.text:_SlDrvRxIrqHandler)
                  2000ae5c    00000054                  : socket.obj (.text:_sl_HandleAsync_Select)
                  2000aeb0    00000054     rtsv7M4_T_le_eabi.lib : exit.obj (.text)
                  2000af04    00000054                           : ltoa.obj (.text)
                  2000af58    00000050     simplelink.a : device.obj (.text:_sl_HandleAsync_Stop)
                  2000afa8    0000004c     driverlib.a : spi.obj (.text:SPIIntEnable)
                  2000aff4    0000004c                 : spi.obj (.text:SPIIntNumberGet)
                  2000b040    0000004c     simplelink.a : driver.obj (.text:_SlDrvProtectAsyncRespSetting)
                  2000b08c    0000004c                  : socket.obj (.text:_sl_BuildAddress)
                  2000b0d8    0000004c     rtsv7M4_T_le_eabi.lib : atoi.obj (.text)
                  2000b124    0000004c                           : cpy_tbl.obj (.text)
                  2000b170    0000004c     driverlib.a : udma.obj (.text:uDMAChannelAssign)
                  2000b1bc    00000048                 : spi.obj (.text:SPIIntClear)
                  2000b204    00000048     simplelink.a : driver.obj (.text:_SlDrvBasicCmd)
                  2000b24c    00000048     rtsv7M4_T_le_eabi.lib : fd_toi_t2.obj (.text)
                  2000b294    00000044     driverlib.a : spi.obj (.text:SPIDmaMaskGet)
                  2000b2d8    00000044                 : timer.obj (.text:TimerConfigure)
                  2000b31c    00000044     simplelink.a : driver.obj (.text:_SlDrvSyncObjWaitTimeout)
                  2000b360    00000044                  : cc_pal.obj (.text:cc_SetupTransfer)
                  2000b3a4    00000042                  : socket.obj (.text:sl_Htonl)
                  2000b3e6    00000002     --HOLE-- [fill = 0]
                  2000b3e8    00000040     driverlib.a : pin.obj (.text:PinModeSet)
                  2000b428    00000040     simplelink.a : socket.obj (.text:_sl_TruncatePayloadByProtocol)
                  2000b468    00000040     rtsv7M4_T_le_eabi.lib : boot.obj (.text)
                  2000b4a8    00000040                           : strtok.obj (.text)
                  2000b4e8    0000003e     simplelink.a : cc_pal.obj (.text:NwpRegisterInterruptHandler)
                  2000b526    0000003c                  : netapp.obj (.text:CopyPingResultsToReport)
                  2000b562    00000002     --HOLE-- [fill = 0]
                  2000b564    0000003c     driverlib.a : prcm.obj (.text:PRCMPeripheralClkEnable)
                  2000b5a0    0000003c     simplelink.a : cc_pal.obj (.text:simplelink_timerA2_start)
                  2000b5dc    0000003c                  : socket.obj (.text:sl_Htons)
                  2000b618    0000003c     driverlib.a : udma.obj (.text:uDMAChannelControlSet)
                  2000b654    00000038     simplelink.a : cc_pal.obj (.text:NwpPowerOff)
                  2000b68c    00000038                  : wlan.obj (.text:sl_WlanDisconnect)
                  2000b6c4    00000034     driverlib.a : prcm.obj (.text:PRCMPeripheralStatusGet)
                  2000b6f8    00000034                 : spi.obj (.text:SPIFIFOLevelSet)
                  2000b72c    00000030                 : uart.obj (.text:UARTDisable)
                  2000b75c    0000002e     rtsv7M4_T_le_eabi.lib : i_tofd_t2.obj (.text)
                  2000b78a    0000002c     driverlib.a : i2c.obj (.text:I2CMasterErr)
                  2000b7b6    00000002     --HOLE-- [fill = 0]
                  2000b7b8    0000002c     simplelink.a : cc_pal.obj (.text:NwpPowerOn)
                  2000b7e4    0000002c     driverlib.a : prcm.obj (.text:PRCMSysResetCauseGet)
                  2000b810    0000002c     simplelink.a : driver.obj (.text:_SlDrvObjGlobalLockWaitForever)
                  2000b83c    0000002c                  : driver.obj (.text:_SlDrvProtectionObjLockWaitForever)
                  2000b868    0000002a     driverlib.a : timer.obj (.text:TimerLoadSet)
                  2000b892    0000002a                 : timer.obj (.text:TimerPrescaleSet)
                  2000b8bc    0000002a     rtsv7M4_T_le_eabi.lib : strspn.obj (.text)
                  2000b8e6    00000002     --HOLE-- [fill = 0]
                  2000b8e8    00000028     driverlib.a : prcm.obj (.text:PRCMPeripheralClkDisable)
                  2000b910    00000028     simplelink.a : driver.obj (.text:_SlDrvGlobalObjUnLock)
                  2000b938    00000028                  : driver.obj (.text:_SlDrvProtectionObjUnLock)
                  2000b960    00000028                  : driver.obj (.text:_SlDrvSyncObjWaitForever)
                  2000b988    00000026                  : driver.obj (.text:_SlDrvObjLockWaitForever)
                  2000b9ae    00000002     --HOLE-- [fill = 0]
                  2000b9b0    00000024                  : cc_pal.obj (.text:DmaSpiSwIntHandler)
                  2000b9d4    00000024     driverlib.a : interrupt.obj (.text:IntUnregister)
                  2000b9f8    00000024                 : uart.obj (.text:UARTEnable)
                  2000ba1c    00000024     rtsv7M4_T_le_eabi.lib : memmov.obj (.text)
                  2000ba40    00000024                           : strcspn.obj (.text)
                  2000ba64    00000022     driverlib.a : i2c.obj (.text:I2CMasterSlaveAddrSet)
                  2000ba86    00000022                 : spi.obj (.text:SPIReset)
                  2000baa8    00000022                 : spi.obj (.text:SPIWordCountSet)
                  2000baca    00000002     --HOLE-- [fill = 0]
                  2000bacc    00000020                 : interrupt.obj (.text:IntRegister)
                  2000baec    00000020     simplelink.a : cc_pal.obj (.text:NwpPrePowerOffTimout0)
                  2000bb0c    00000020                  : cc_pal.obj (.text:TimerGetCurrentTimestamp)
                  2000bb2c    00000020                  : driver.obj (.text:_SlDrvObjUnLock)
                  2000bb4c    00000020                  : driver.obj (.text:_SlDrvSyncObjSignal)
                  2000bb6c    0000001e     driverlib.a : i2c.obj (.text:I2CMasterIntStatusEx)
                  2000bb8a    0000001e                 : timer.obj (.text:TimerEnable)
                  2000bba8    0000001e                 : uart.obj (.text:UARTCharPut)
                  2000bbc6    0000001e     simplelink.a : cc_pal.obj (.text:cc_UDMAChannelSelect)
                  2000bbe4    0000001c     driverlib.a : pin.obj (.text:PinTypeI2C)
                  2000bc00    0000001c                 : timer.obj (.text:TimerValueGet)
                  2000bc1c    0000001c                 : uart.obj (.text:UARTCharGetNonBlocking)
                  2000bc38    0000001c     simplelink.a : driver.obj (.text:_SlDrvStartMeasureTimeout)
                  2000bc54    0000001c     rtsv7M4_T_le_eabi.lib : memccpy.obj (.text)
                  2000bc70    0000001c     driverlib.a : udma.obj (.text:uDMAChannelEnable)
                  2000bc8c    0000001a                 : pin.obj (.text:PinTypeUART)
                  2000bca6    0000001a                 : spi.obj (.text:SPIDmaDisable)
                  2000bcc0    0000001a                 : spi.obj (.text:SPIDmaEnable)
                  2000bcda    0000001a                 : spi.obj (.text:SPIFIFODisable)
                  2000bcf4    0000001a                 : spi.obj (.text:SPIFIFOEnable)
                  2000bd0e    0000001a                 : spi.obj (.text:SPIIntUnregister)
                  2000bd28    00000018                 : spi.obj (.text:SPICSDisable)
                  2000bd40    00000018                 : spi.obj (.text:SPICSEnable)
                  2000bd58    00000018                 : spi.obj (.text:SPIDisable)
                  2000bd70    00000018                 : spi.obj (.text:SPIEnable)
                  2000bd88    00000018                 : uart.obj (.text:UARTCharsAvail)
                  2000bda0    00000018     simplelink.a : nonos.obj (.text:_SlNonOsSemSet)
                  2000bdb8    00000018                  : device.obj (.text:_sl_GetStartResponseConvert)
                  2000bdd0    00000018     rtsv7M4_T_le_eabi.lib : args_main.obj (.text)
                  2000bde8    00000016     driverlib.a : i2c.obj (.text:I2CMasterDataPut)
                  2000bdfe    00000016                 : i2c.obj (.text:I2CMasterEnable)
                  2000be14    00000016                 : prcm.obj (.text:PRCMHIBRegRead)
                  2000be2a    00000016                 : prcm.obj (.text:PRCMHIBRegWrite)
                  2000be40    00000016     simplelink.a : driver.obj (.text:_SlDrvMemZero)
                  2000be56    00000016     rtsv7M4_T_le_eabi.lib : strchr.obj (.text)
                  2000be6c    00000014     driverlib.a : cpu.obj (.text:CPUcpsie)
                  2000be80    00000014                 : interrupt.obj (.text:IntVTableBaseSet)
                  2000be94    00000014     rtsv7M4_T_le_eabi.lib : _lock.obj (.text)
                  2000bea8    00000014                           : strlen.obj (.text)
                  2000bebc    00000012     driverlib.a : i2c.obj (.text:I2CMasterControl)
                  2000bece    00000012                 : i2c.obj (.text:I2CMasterIntClearEx)
                  2000bee0    00000012                 : i2c.obj (.text:I2CMasterTimeoutSet)
                  2000bef2    00000010     simplelink.a : driver.obj (.text:_SlDrvDispatchHttpServerEvents)
                  2000bf02    0000000e     driverlib.a : i2c.obj (.text:I2CMasterDataGet)
                  2000bf10    0000000e     simplelink.a : driver.obj (.text:_SlDrvResetCmdExt)
                  2000bf1e    0000000e     rtsv7M4_T_le_eabi.lib : copy_decompress_none.obj (.text:decompress:none)
                  2000bf2c    0000000e     startup_ccs.obj (.text)
                  2000bf3a    00000002     --HOLE-- [fill = 0]
                  2000bf3c    0000000c     simplelink.a : cc_pal.obj (.text:NwpMaskInterrupt)
                  2000bf48    0000000c                  : cc_pal.obj (.text:NwpUnMaskInterrupt)
                  2000bf54    0000000c     rtsv7M4_T_le_eabi.lib : copy_zero_init.obj (.text:decompress:ZI)
                  2000bf60    0000000a     driverlib.a : interrupt.obj (.text:IntMasterEnable)
                  2000bf6a    00000008     rtsv7M4_T_le_eabi.lib : s_copysign.obj (.text)
                  2000bf72    00000006     driverlib.a : utils.obj (.text:UtilsDelay)
                  2000bf78    00000004     rtsv7M4_T_le_eabi.lib : pre_init.obj (.text)

.const     0    2000bf7c    00000608     
                  2000bf7c    00000101     rtsv7M4_T_le_eabi.lib : ctype.obj (.const:.string:_ctypes_)
                  2000c07d    00000003     --HOLE-- [fill = 0]
                  2000c080    00000100     driverlib.a : pin.obj (.const:g_ulPinToPadMap)
                  2000c180    000000d4                 : interrupt.obj (.const:g_pulRegs)
                  2000c254    000000a8                 : prcm.obj (.const:PRCM_PeriphRegsList)
                  2000c2fc    00000080                 : interrupt.obj (.const)
                  2000c37c    0000003c     simplelink.a : driver.obj (.const:OpcodeTranslateTable)
                  2000c3b8    00000038                  : driver.obj (.const:_SlActionLookupTable)
                  2000c3f0    0000002c     main.obj (.const:$P$T1$2)
                  2000c41c    00000024     driverlib.a : spi.obj (.const:g_ppulSPIIntMap)
                  2000c440    00000022     main.obj (.const:.string:$P$T0$1)
                  2000c462    00000021     main.obj (.const:.string:$P$T5$6)
                  2000c483    00000001     --HOLE-- [fill = 0]
                  2000c484    00000020     simplelink.a : driver.obj (.const:RxMsgClassLUT)
                  2000c4a4    00000018     driverlib.a : spi.obj (.const)
                  2000c4bc    00000014     simplelink.a : driver.obj (.const:$P$T0$1)
                  2000c4d0    00000014                  : nonos.obj (.const:$P$T0$1)
                  2000c4e4    00000014     main.obj (.const:$P$T2$3)
                  2000c4f8    00000010     main.obj (.const:$P$T6$7)
                  2000c508    00000010     simplelink.a : socket.obj (.const:.string:_SlPayloadByProtocolLUT)
                  2000c518    0000000e     main.obj (.const:.string:$P$T4$5)
                  2000c526    0000000c     main.obj (.const:.string:$P$T3$4)
                  2000c532    00000008     simplelink.a : device.obj (.const:StartResponseLUT)
                  2000c53a    00000002     --HOLE-- [fill = 0]
                  2000c53c    00000008                  : driver.obj (.const:g_H2NCnysPattern)
                  2000c544    00000008                  : driver.obj (.const:g_H2NSyncPattern)
                  2000c54c    00000004                  : socket.obj (.const:$P$T1$2)
                  2000c550    00000004                  : device.obj (.const:_SlDeviceGetCmdCtrl)
                  2000c554    00000004                  : netapp.obj (.const:_SlNetAppSendTokenValueCmdCtrl)
                  2000c558    00000004                  : netcfg.obj (.const:_SlNetCfgGetCmdCtrl)
                  2000c55c    00000004                  : netcfg.obj (.const:_SlNetCfgSetCmdCtrl)
                  2000c560    00000004                  : wlan.obj (.const:_SlPolicySetCmdCtrl)
                  2000c564    00000004                  : wlan.obj (.const:_SlProfileDelCmdCtrl)
                  2000c568    00000004                  : netapp.obj (.const:_SlRegisterServiceCtrl)
                  2000c56c    00000004                  : wlan.obj (.const:_SlRxFilterSetCmdCtrl)
                  2000c570    00000004                  : socket.obj (.const:_SlSockCloseCmdCtrl)
                  2000c574    00000004                  : socket.obj (.const:_SlSockSocketCmdCtrl)
                  2000c578    00000004                  : device.obj (.const:_SlStopCmdCtrl)
                  2000c57c    00000004                  : wlan.obj (.const:_SlWlanCfgSetCmdCtrl)
                  2000c580    00000004                  : wlan.obj (.const:_SlWlanSetModeCmdCtrl)

.cinit     0    2000c588    00000060     
                  2000c588    00000036     (.cinit..data.load) [load image, compression = lzss]
                  2000c5be    00000002     --HOLE-- [fill = 0]
                  2000c5c0    0000000c     (__TI_handler_table)
                  2000c5cc    00000004     --HOLE-- [fill = 0]
                  2000c5d0    00000008     (.cinit..bss.load) [load image, compression = zero_init]
                  2000c5d8    00000010     (__TI_cinit_table)

.sysmem    0    20017000    00000800     UNINITIALIZED
                  20017000    00000008     rtsv7M4_T_le_eabi.lib : memory.obj (.sysmem)
                  20017008    000007f8     --HOLE--

.bss       0    20017800    00000248     UNINITIALIZED
                  20017800    00000168     simplelink.a : driver.obj (.bss:g_StatMem)
                  20017968    00000080     (.common:g_cBsdBuf)
                  200179e8    00000050     (.common:g_ucDinDout)
                  20017a38    00000004     uart_if.obj (.bss)
                  20017a3c    00000004     (.common:iRetVal)
                  20017a40    00000004     (.common:temp)
                  20017a44    00000001     (.common:RxIrqCnt)
                  20017a45    00000001     (.common:g_bDeviceRestartIsRequired)
                  20017a46    00000001     (.common:g_cDummy)
                  20017a47    00000001     (.common:ucDHCP)

.data      0    20017a48    000000a8     UNINITIALIZED
                  20017a48    0000003c     simplelink.a : nonos.obj (.data:g__SlNonOsCB)
                  20017a84    00000024     main.obj (.data)
                  20017aa8    0000000d     simplelink.a : driver.obj (.data)
                  20017ab5    00000003     --HOLE--
                  20017ab8    0000000c     rtsv7M4_T_le_eabi.lib : exit.obj (.data:$O1$$)
                  20017ac4    0000000c                           : memory.obj (.data:$O1$$)
                  20017ad0    00000009     simplelink.a : cc_pal.obj (.data)
                  20017ad9    00000003     --HOLE--
                  20017adc    00000008     rtsv7M4_T_le_eabi.lib : _lock.obj (.data:$O1$$)
                  20017ae4    00000004                           : errno.obj (.data)
                  20017ae8    00000004                           : stkdepth_vars.obj (.data)
                  20017aec    00000004                           : strtok.obj (.data)

.stack     0    2002f800    00000800     UNINITIALIZED
                  2002f800    00000800     --HOLE--

MODULE SUMMARY

       Module                     code    ro data   rw data
       ------                     ----    -------   -------
    .\
       main.obj                   2948    173       173    
       startup_ccs.obj            14      1024      0      
       i2c_if.obj                 644     0         0      
       uart_if.obj                640     0         4      
       pin_mux_config.obj         212     0         0      
    +--+--------------------------+-------+---------+---------+
       Total:                     4458    1197      177    
                                                           
    C:/ti/CC3200SDK_1.3.0/cc3200-sdk/driverlib/ccs/Release/driverlib.a
       prcm.obj                   852     168       0      
       interrupt.obj              608     340       0      
       spi.obj                    798     60        0      
       udma.obj                   604     0         0      
       pin.obj                    254     256       0      
       i2c.obj                    352     0         0      
       uart.obj                   284     0         0      
       timer.obj                  210     0         0      
       cpu.obj                    20      0         0      
       utils.obj                  6       0         0      
    +--+--------------------------+-------+---------+---------+
       Total:                     3988    824       0      
                                                           
    C:/ti/CC3200SDK_1.3.0/cc3200-sdk/simplelink/ccs/NON_OS/simplelink.a
       driver.obj                 7230    184       375    
       cc_pal.obj                 1820    0         90     
       netapp.obj                 1248    8         0      
       socket.obj                 1138    28        0      
       device.obj                 1078    16        0      
       wlan.obj                   676     20        0      
       nonos.obj                  416     20        60     
       netcfg.obj                 368     8         0      
    +--+--------------------------+-------+---------+---------+
       Total:                     13974   284       525    
                                                           
    C:\ti\ccsv7\tools\compiler\ti-cgt-arm_16.9.4.LTS\lib\rtsv7M4_T_le_eabi.lib
       _printfi.obj               4386    0         0      
       memory.obj                 976     0         12     
       ull_div_t2.obj             500     0         0      
       fd_add_t2.obj              438     0         0      
       fd_div_t2.obj              310     0         0      
       strtoul.obj                276     0         0      
       fd_cmp_t2.obj              268     0         0      
       ctype.obj                  0       257       0      
       fd_mul_t2.obj              252     0         0      
       s_scalbn.obj               208     0         0      
       memcpy_t2.obj              156     0         0      
       vsnprintf.obj              136     0         0      
       memset_t2.obj              122     0         0      
       autoinit.obj               112     0         0      
       copy_decompress_lzss.obj   104     0         0      
       exit.obj                   84      0         12     
       s_frexp.obj                92      0         0      
       ltoa.obj                   84      0         0      
       atoi.obj                   76      0         0      
       cpy_tbl.obj                76      0         0      
       fd_toi_t2.obj              72      0         0      
       strtok.obj                 64      0         4      
       boot.obj                   64      0         0      
       i_tofd_t2.obj              46      0         0      
       strspn.obj                 42      0         0      
       memmov.obj                 36      0         0      
       strcspn.obj                36      0         0      
       _lock.obj                  20      0         8      
       memccpy.obj                28      0         0      
       args_main.obj              24      0         0      
       strchr.obj                 22      0         0      
       strlen.obj                 20      0         0      
       copy_decompress_none.obj   14      0         0      
       copy_zero_init.obj         12      0         0      
       s_copysign.obj             8       0         0      
       errno.obj                  0       0         4      
       pre_init.obj               4       0         0      
       stkdepth_vars.obj          0       0         4      
       mpu_init.obj               2       0         0      
       startup.obj                2       0         0      
    +--+--------------------------+-------+---------+---------+
       Total:                     9172    257       44     
                                                           
       Heap:                      0       0         2048   
       Stack:                     0       0         2048   
       Linker Generated:          0       90        0      
    +--+--------------------------+-------+---------+---------+
       Grand Total:               31592   2652      4842   


LINKER GENERATED COPY TABLES

__TI_cinit_table @ 2000c5d8 records: 2, size/record: 8, table size: 16
	.data: load addr=2000c588, load size=00000036 bytes, run addr=20017a48, run size=000000a8 bytes, compression=lzss
	.bss: load addr=2000c5d0, load size=00000008 bytes, run addr=20017800, run size=00000248 bytes, compression=zero_init


LINKER GENERATED HANDLER TABLE

__TI_handler_table @ 2000c5c0 records: 3, size/record: 4, table size: 12
	index: 0, handler: __TI_decompress_lzss
	index: 1, handler: __TI_decompress_none
	index: 2, handler: __TI_zero_init


GLOBAL SYMBOLS: SORTED ALPHABETICALLY BY Name 

address   name                                  
-------   ----                                  
2000aeb1  C$$EXIT                               
2000be6d  CPUcpsie                              
20006ccd  ClearTerm                             
20017a8c  DestIp                                
20005525  DisplayBuffer                         
2000b9b1  DmaSpiSwIntHandler                    
20006cd7  Error                                 
20006d0f  GetCmd                                
2000bebd  I2CMasterControl                      
2000bf03  I2CMasterDataGet                      
2000bde9  I2CMasterDataPut                      
2000bdff  I2CMasterEnable                       
2000b78b  I2CMasterErr                          
2000a37d  I2CMasterInitExpClk                   
2000becf  I2CMasterIntClearEx                   
2000bb6d  I2CMasterIntStatusEx                  
2000ba65  I2CMasterSlaveAddrSet                 
2000bee1  I2CMasterTimeoutSet                   
20006c77  I2C_IF_Close                          
20006c2f  I2C_IF_Open                           
20006b2d  I2C_IF_Read                           
20006be9  I2C_IF_ReadFrom                       
20006a7d  I2C_IF_Write                          
20006c8d  InitTerm                              
200096cd  IntDisable                            
20009775  IntEnable                             
2000bf61  IntMasterEnable                       
2000ad05  IntPendClear                          
2000adb5  IntPrioritySet                        
2000bacd  IntRegister                           
2000b9d5  IntUnregister                         
2000be81  IntVTableBaseSet                      
20005ae5  IpAddressParser                       
20006cab  Message                               
2000bf3d  NwpMaskInterrupt                      
2000b655  NwpPowerOff                           
2000b7b9  NwpPowerOn                            
2000baed  NwpPrePowerOffTimout0                 
2000b4e9  NwpRegisterInterruptHandler           
2000bf49  NwpUnMaskInterrupt                    
2000c37c  OpcodeTranslateTable                  
20007bb5  PRCMCC3200MCUInit                     
2000be15  PRCMHIBRegRead                        
2000be2b  PRCMHIBRegWrite                       
2000b8e9  PRCMPeripheralClkDisable              
2000b565  PRCMPeripheralClkEnable               
20009c61  PRCMPeripheralClockGet                
2000ad5d  PRCMPeripheralReset                   
2000b6c5  PRCMPeripheralStatusGet               
2000b7e5  PRCMSysResetCauseGet                  
2000a161  PinConfigSet                          
2000b3e9  PinModeSet                            
2000915d  PinMuxConfig                          
2000bbe5  PinTypeI2C                            
2000bc8d  PinTypeUART                           
20006e4d  Report                                
2000bf2d  ResetISR                              
20017a44  RxIrqCnt                              
UNDEFED   SHT$$INIT_ARRAY$$Base                 
UNDEFED   SHT$$INIT_ARRAY$$Limit                
2000bd29  SPICSDisable                          
2000bd41  SPICSEnable                           
200098c1  SPIConfigSetExpClk                    
2000bd59  SPIDisable                            
2000bca7  SPIDmaDisable                         
2000bcc1  SPIDmaEnable                          
2000bd71  SPIEnable                             
2000bcdb  SPIFIFODisable                        
2000bcf5  SPIFIFOEnable                         
2000b6f9  SPIFIFOLevelSet                       
2000b1bd  SPIIntClear                           
2000afa9  SPIIntEnable                          
2000bd0f  SPIIntUnregister                      
2000ba87  SPIReset                              
2000baa9  SPIWordCountSet                       
2000568d  SimpleLinkGeneralEventHandler         
20005681  SimpleLinkHttpServerCallback          
200055e1  SimpleLinkNetAppEventHandler          
200056a7  SimpleLinkSockEventHandler            
20005585  SimpleLinkWlanEventHandler            
2000b2d9  TimerConfigure                        
2000bb8b  TimerEnable                           
2000bb0d  TimerGetCurrentTimestamp              
2000b869  TimerLoadSet                          
2000b893  TimerPrescaleSet                      
2000bc01  TimerValueGet                         
20006db5  TrimSpace                             
2000bc1d  UARTCharGetNonBlocking                
2000bba9  UARTCharPut                           
2000bd89  UARTCharsAvail                        
2000a6f9  UARTConfigSetExpClk                   
2000b72d  UARTDisable                           
2000b9f9  UARTEnable                            
20005bc9  UDPTRANSMIT                           
2000bf73  UtilsDelay                            
2000c3b8  _SlActionLookupTable                  
2000981d  _SlDriverHandleError                  
2000b205  _SlDrvBasicCmd                        
2000955d  _SlDrvCmdOp                           
2000a855  _SlDrvCmdSend                         
20007e9d  _SlDrvDataWriteOp                     
200099fd  _SlDrvDeviceEventHandler              
2000bef3  _SlDrvDispatchHttpServerEvents        
200084f5  _SlDrvDriverCBDeinit                  
200076d5  _SlDrvDriverCBInit                    
2000b911  _SlDrvGlobalObjUnLock                 
20009fbd  _SlDrvIsTimeoutExpired                
2000be41  _SlDrvMemZero                         
20008ddd  _SlDrvMsgReadSpawnCtx                 
20008739  _SlDrvNetAppEventHandler              
2000b989  _SlDrvObjLockWaitForever              
2000bb2d  _SlDrvObjUnLock                       
2000b041  _SlDrvProtectAsyncRespSetting         
2000b83d  _SlDrvProtectionObjLockWaitForever    
2000b939  _SlDrvProtectionObjUnLock             
2000734d  _SlDrvReleasePoolObj                  
2000bf11  _SlDrvResetCmdExt                     
2000ae09  _SlDrvRxIrqHandler                    
2000bc39  _SlDrvStartMeasureTimeout             
2000bb4d  _SlDrvSyncObjSignal                   
2000b961  _SlDrvSyncObjWaitForever              
2000b31d  _SlDrvSyncObjWaitTimeout              
20007a25  _SlDrvWaitForPoolObj                  
2000c554  _SlNetAppSendTokenValueCmdCtrl        
2000a771  _SlNonOsMainLoopTask                  
2000961d  _SlNonOsSemGet                        
2000bda1  _SlNonOsSemSet                        
2000a995  _SlNonOsSpawn                         
20030000  __STACK_END                           
00000800  __STACK_SIZE                          
00000800  __SYSMEM_SIZE                         
2000c5d8  __TI_CINIT_Base                       
2000c5e8  __TI_CINIT_Limit                      
2000c5c0  __TI_Handler_Table_Base               
2000c5cc  __TI_Handler_Table_Limit              
2000a7e5  __TI_auto_init                        
20017ab8  __TI_cleanup_ptr                      
2000a92d  __TI_decompress_lzss                  
2000bf1f  __TI_decompress_none                  
20017abc  __TI_dtors_ptr                        
20017ac0  __TI_enable_exit_profile_output       
ffffffff  __TI_pprof_out_hndl                   
20004c39  __TI_printfi                          
ffffffff  __TI_prof_data_size                   
ffffffff  __TI_prof_data_start                  
2000c588  __TI_static_base__                    
2000bf55  __TI_zero_init                        
2000a271  __aeabi_cdcmpeq                       
2000a271  __aeabi_cdcmple                       
2000a2f7  __aeabi_cdrcmple                      
2000b24d  __aeabi_d2iz                          
20007527  __aeabi_dadd                          
200083bd  __aeabi_ddiv                          
2000883d  __aeabi_dmul                          
2000751d  __aeabi_dsub                          
2000b75d  __aeabi_i2d                           
2000a605  __aeabi_memclr                        
2000a605  __aeabi_memclr4                       
2000a605  __aeabi_memclr8                       
20009961  __aeabi_memcpy                        
20009961  __aeabi_memcpy4                       
20009961  __aeabi_memcpy8                       
2000a607  __aeabi_memset                        
2000a607  __aeabi_memset4                       
2000a607  __aeabi_memset8                       
20007159  __aeabi_uldivmod                      
ffffffff  __binit__                             
ffffffff  __c_args__                            
200076d3  __mpu_init                            
2002f800  __stack                               
2000bdd1  _args_main                            
2000b469  _c_int00                              
2000bf7c  _ctypes_                              
20017adc  _lock                                 
2000bea3  _nop                                  
2000be9b  _register_lock                        
2000be95  _register_unlock                      
2000a9f9  _sl_HandleAsync_Accept                
2000a485  _sl_HandleAsync_Connect               
20009cf5  _sl_HandleAsync_DnsGetHostByName      
20009301  _sl_HandleAsync_DnsGetHostByService   
2000a049  _sl_HandleAsync_InitComplete          
20009d85  _sl_HandleAsync_PingResponse          
2000ae5d  _sl_HandleAsync_Select                
2000af59  _sl_HandleAsync_Stop                  
2000a8c1  _sl_NetAppSendTokenValue              
20017000  _sys_memory                           
200084f3  _system_post_cinit                    
2000bf79  _system_pre_init                      
20017ae0  _unlock                               
2000aeb5  abort                                 
2000b0d9  atoi                                  
ffffffff  binit                                 
200069d9  calloc                                
2000b125  copy_in                               
2000bf6b  copysign                              
2000bf6b  copysignl                             
20017ae4  errno                                 
2000aebd  exit                                  
20006723  free                                  
2000aca9  frexp                                 
2000aca9  frexpl                                
20017aa8  g_SlDeviceStatus                      
20017ad0  g_SpiFd                               
20017a48  g__SlNonOsCB                          
20017a45  g_bDeviceRestartIsRequired            
20017968  g_cBsdBuf                             
20017a46  g_cDummy                              
20017aac  g_pCB                                 
20017ad4  g_pHostIntHdl                         
20004000  g_pfnVectors                          
20017ad8  g_ucDMAEnabled                        
200179e8  g_ucDinDout                           
20017a9c  g_ucSimplelinkstarted                 
20017a94  g_uiPortNum                           
20017a90  g_ulDestinationIp                     
20017a88  g_ulGatewayIP                         
20017aa0  g_ulIpAddr                            
20017a98  g_ulPacketCount                       
20017a84  g_ulStatus                            
20017a3c  iRetVal                               
20017aa4  lRetVal                               
20009231  ldexp                                 
20009231  ldexpl                                
2000af05  ltoa                                  
20005e05  main                                  
20017ae8  main_func_sp                          
200066b9  malloc                                
200068ed  memalign                              
2000bc55  memccpy                               
20009961  memcpy                                
2000ba1d  memmove                               
2000a60d  memset                                
20006639  minit                                 
20017ab0  pPingCallBackFunc                     
200067e5  realloc                               
20009231  scalbn                                
20009231  scalbnl                               
2000b5a1  simplelink_timerA2_start              
2000ab89  sl_Close                              
200093cd  sl_DevGet                             
2000b3a5  sl_Htonl                              
2000b5dd  sl_Htons                              
20008ec5  sl_NetAppMDNSRegisterUnregisterService
2000aa5d  sl_NetAppMDNSUnRegisterService        
20009085  sl_NetCfgGet                          
20009a99  sl_NetCfgSet                          
20008279  sl_SendTo                             
2000a0d5  sl_Socket                             
20008c09  sl_Start                              
20008939  sl_Stop                               
2000b68d  sl_WlanDisconnect                     
20009e15  sl_WlanPolicySet                      
2000abe9  sl_WlanProfileDel                     
2000a401  sl_WlanRxFilterSet                    
20009b31  sl_WlanSet                            
2000ac49  sl_WlanSetMode                        
2000a681  spi_Close                             
20007fed  spi_Open                              
20008a29  spi_Read                              
20009bc9  spi_Write                             
2000be57  strchr                                
2000ba41  strcspn                               
2000bea9  strlen                                
2000b8bd  strspn                                
2000b4a9  strtok                                
20008625  strtoul                               
20017a40  temp                                  
2000b171  uDMAChannelAssign                     
2000aac1  uDMAChannelAttributeDisable           
2000ab25  uDMAChannelAttributeEnable            
2000b619  uDMAChannelControlSet                 
2000bc71  uDMAChannelEnable                     
20008b19  uDMAChannelTransferSet                
20017a47  ucDHCP                                
2000a1e9  vsnprintf                             


GLOBAL SYMBOLS: SORTED BY Symbol Address 

address   name                                  
-------   ----                                  
00000800  __STACK_SIZE                          
00000800  __SYSMEM_SIZE                         
20004000  g_pfnVectors                          
20004c39  __TI_printfi                          
20005525  DisplayBuffer                         
20005585  SimpleLinkWlanEventHandler            
200055e1  SimpleLinkNetAppEventHandler          
20005681  SimpleLinkHttpServerCallback          
2000568d  SimpleLinkGeneralEventHandler         
200056a7  SimpleLinkSockEventHandler            
20005ae5  IpAddressParser                       
20005bc9  UDPTRANSMIT                           
20005e05  main                                  
20006639  minit                                 
200066b9  malloc                                
20006723  free                                  
200067e5  realloc                               
200068ed  memalign                              
200069d9  calloc                                
20006a7d  I2C_IF_Write                          
20006b2d  I2C_IF_Read                           
20006be9  I2C_IF_ReadFrom                       
20006c2f  I2C_IF_Open                           
20006c77  I2C_IF_Close                          
20006c8d  InitTerm                              
20006cab  Message                               
20006ccd  ClearTerm                             
20006cd7  Error                                 
20006d0f  GetCmd                                
20006db5  TrimSpace                             
20006e4d  Report                                
20007159  __aeabi_uldivmod                      
2000734d  _SlDrvReleasePoolObj                  
2000751d  __aeabi_dsub                          
20007527  __aeabi_dadd                          
200076d3  __mpu_init                            
200076d5  _SlDrvDriverCBInit                    
20007a25  _SlDrvWaitForPoolObj                  
20007bb5  PRCMCC3200MCUInit                     
20007e9d  _SlDrvDataWriteOp                     
20007fed  spi_Open                              
20008279  sl_SendTo                             
200083bd  __aeabi_ddiv                          
200084f3  _system_post_cinit                    
200084f5  _SlDrvDriverCBDeinit                  
20008625  strtoul                               
20008739  _SlDrvNetAppEventHandler              
2000883d  __aeabi_dmul                          
20008939  sl_Stop                               
20008a29  spi_Read                              
20008b19  uDMAChannelTransferSet                
20008c09  sl_Start                              
20008ddd  _SlDrvMsgReadSpawnCtx                 
20008ec5  sl_NetAppMDNSRegisterUnregisterService
20009085  sl_NetCfgGet                          
2000915d  PinMuxConfig                          
20009231  ldexp                                 
20009231  ldexpl                                
20009231  scalbn                                
20009231  scalbnl                               
20009301  _sl_HandleAsync_DnsGetHostByService   
200093cd  sl_DevGet                             
2000955d  _SlDrvCmdOp                           
2000961d  _SlNonOsSemGet                        
200096cd  IntDisable                            
20009775  IntEnable                             
2000981d  _SlDriverHandleError                  
200098c1  SPIConfigSetExpClk                    
20009961  __aeabi_memcpy                        
20009961  __aeabi_memcpy4                       
20009961  __aeabi_memcpy8                       
20009961  memcpy                                
200099fd  _SlDrvDeviceEventHandler              
20009a99  sl_NetCfgSet                          
20009b31  sl_WlanSet                            
20009bc9  spi_Write                             
20009c61  PRCMPeripheralClockGet                
20009cf5  _sl_HandleAsync_DnsGetHostByName      
20009d85  _sl_HandleAsync_PingResponse          
20009e15  sl_WlanPolicySet                      
20009fbd  _SlDrvIsTimeoutExpired                
2000a049  _sl_HandleAsync_InitComplete          
2000a0d5  sl_Socket                             
2000a161  PinConfigSet                          
2000a1e9  vsnprintf                             
2000a271  __aeabi_cdcmpeq                       
2000a271  __aeabi_cdcmple                       
2000a2f7  __aeabi_cdrcmple                      
2000a37d  I2CMasterInitExpClk                   
2000a401  sl_WlanRxFilterSet                    
2000a485  _sl_HandleAsync_Connect               
2000a605  __aeabi_memclr                        
2000a605  __aeabi_memclr4                       
2000a605  __aeabi_memclr8                       
2000a607  __aeabi_memset                        
2000a607  __aeabi_memset4                       
2000a607  __aeabi_memset8                       
2000a60d  memset                                
2000a681  spi_Close                             
2000a6f9  UARTConfigSetExpClk                   
2000a771  _SlNonOsMainLoopTask                  
2000a7e5  __TI_auto_init                        
2000a855  _SlDrvCmdSend                         
2000a8c1  _sl_NetAppSendTokenValue              
2000a92d  __TI_decompress_lzss                  
2000a995  _SlNonOsSpawn                         
2000a9f9  _sl_HandleAsync_Accept                
2000aa5d  sl_NetAppMDNSUnRegisterService        
2000aac1  uDMAChannelAttributeDisable           
2000ab25  uDMAChannelAttributeEnable            
2000ab89  sl_Close                              
2000abe9  sl_WlanProfileDel                     
2000ac49  sl_WlanSetMode                        
2000aca9  frexp                                 
2000aca9  frexpl                                
2000ad05  IntPendClear                          
2000ad5d  PRCMPeripheralReset                   
2000adb5  IntPrioritySet                        
2000ae09  _SlDrvRxIrqHandler                    
2000ae5d  _sl_HandleAsync_Select                
2000aeb1  C$$EXIT                               
2000aeb5  abort                                 
2000aebd  exit                                  
2000af05  ltoa                                  
2000af59  _sl_HandleAsync_Stop                  
2000afa9  SPIIntEnable                          
2000b041  _SlDrvProtectAsyncRespSetting         
2000b0d9  atoi                                  
2000b125  copy_in                               
2000b171  uDMAChannelAssign                     
2000b1bd  SPIIntClear                           
2000b205  _SlDrvBasicCmd                        
2000b24d  __aeabi_d2iz                          
2000b2d9  TimerConfigure                        
2000b31d  _SlDrvSyncObjWaitTimeout              
2000b3a5  sl_Htonl                              
2000b3e9  PinModeSet                            
2000b469  _c_int00                              
2000b4a9  strtok                                
2000b4e9  NwpRegisterInterruptHandler           
2000b565  PRCMPeripheralClkEnable               
2000b5a1  simplelink_timerA2_start              
2000b5dd  sl_Htons                              
2000b619  uDMAChannelControlSet                 
2000b655  NwpPowerOff                           
2000b68d  sl_WlanDisconnect                     
2000b6c5  PRCMPeripheralStatusGet               
2000b6f9  SPIFIFOLevelSet                       
2000b72d  UARTDisable                           
2000b75d  __aeabi_i2d                           
2000b78b  I2CMasterErr                          
2000b7b9  NwpPowerOn                            
2000b7e5  PRCMSysResetCauseGet                  
2000b83d  _SlDrvProtectionObjLockWaitForever    
2000b869  TimerLoadSet                          
2000b893  TimerPrescaleSet                      
2000b8bd  strspn                                
2000b8e9  PRCMPeripheralClkDisable              
2000b911  _SlDrvGlobalObjUnLock                 
2000b939  _SlDrvProtectionObjUnLock             
2000b961  _SlDrvSyncObjWaitForever              
2000b989  _SlDrvObjLockWaitForever              
2000b9b1  DmaSpiSwIntHandler                    
2000b9d5  IntUnregister                         
2000b9f9  UARTEnable                            
2000ba1d  memmove                               
2000ba41  strcspn                               
2000ba65  I2CMasterSlaveAddrSet                 
2000ba87  SPIReset                              
2000baa9  SPIWordCountSet                       
2000bacd  IntRegister                           
2000baed  NwpPrePowerOffTimout0                 
2000bb0d  TimerGetCurrentTimestamp              
2000bb2d  _SlDrvObjUnLock                       
2000bb4d  _SlDrvSyncObjSignal                   
2000bb6d  I2CMasterIntStatusEx                  
2000bb8b  TimerEnable                           
2000bba9  UARTCharPut                           
2000bbe5  PinTypeI2C                            
2000bc01  TimerValueGet                         
2000bc1d  UARTCharGetNonBlocking                
2000bc39  _SlDrvStartMeasureTimeout             
2000bc55  memccpy                               
2000bc71  uDMAChannelEnable                     
2000bc8d  PinTypeUART                           
2000bca7  SPIDmaDisable                         
2000bcc1  SPIDmaEnable                          
2000bcdb  SPIFIFODisable                        
2000bcf5  SPIFIFOEnable                         
2000bd0f  SPIIntUnregister                      
2000bd29  SPICSDisable                          
2000bd41  SPICSEnable                           
2000bd59  SPIDisable                            
2000bd71  SPIEnable                             
2000bd89  UARTCharsAvail                        
2000bda1  _SlNonOsSemSet                        
2000bdd1  _args_main                            
2000bde9  I2CMasterDataPut                      
2000bdff  I2CMasterEnable                       
2000be15  PRCMHIBRegRead                        
2000be2b  PRCMHIBRegWrite                       
2000be41  _SlDrvMemZero                         
2000be57  strchr                                
2000be6d  CPUcpsie                              
2000be81  IntVTableBaseSet                      
2000be95  _register_unlock                      
2000be9b  _register_lock                        
2000bea3  _nop                                  
2000bea9  strlen                                
2000bebd  I2CMasterControl                      
2000becf  I2CMasterIntClearEx                   
2000bee1  I2CMasterTimeoutSet                   
2000bef3  _SlDrvDispatchHttpServerEvents        
2000bf03  I2CMasterDataGet                      
2000bf11  _SlDrvResetCmdExt                     
2000bf1f  __TI_decompress_none                  
2000bf2d  ResetISR                              
2000bf3d  NwpMaskInterrupt                      
2000bf49  NwpUnMaskInterrupt                    
2000bf55  __TI_zero_init                        
2000bf61  IntMasterEnable                       
2000bf6b  copysign                              
2000bf6b  copysignl                             
2000bf73  UtilsDelay                            
2000bf79  _system_pre_init                      
2000bf7c  _ctypes_                              
2000c37c  OpcodeTranslateTable                  
2000c3b8  _SlActionLookupTable                  
2000c554  _SlNetAppSendTokenValueCmdCtrl        
2000c588  __TI_static_base__                    
2000c5c0  __TI_Handler_Table_Base               
2000c5cc  __TI_Handler_Table_Limit              
2000c5d8  __TI_CINIT_Base                       
2000c5e8  __TI_CINIT_Limit                      
20017000  _sys_memory                           
20017968  g_cBsdBuf                             
200179e8  g_ucDinDout                           
20017a3c  iRetVal                               
20017a40  temp                                  
20017a44  RxIrqCnt                              
20017a45  g_bDeviceRestartIsRequired            
20017a46  g_cDummy                              
20017a47  ucDHCP                                
20017a48  g__SlNonOsCB                          
20017a84  g_ulStatus                            
20017a88  g_ulGatewayIP                         
20017a8c  DestIp                                
20017a90  g_ulDestinationIp                     
20017a94  g_uiPortNum                           
20017a98  g_ulPacketCount                       
20017a9c  g_ucSimplelinkstarted                 
20017aa0  g_ulIpAddr                            
20017aa4  lRetVal                               
20017aa8  g_SlDeviceStatus                      
20017aac  g_pCB                                 
20017ab0  pPingCallBackFunc                     
20017ab8  __TI_cleanup_ptr                      
20017abc  __TI_dtors_ptr                        
20017ac0  __TI_enable_exit_profile_output       
20017ad0  g_SpiFd                               
20017ad4  g_pHostIntHdl                         
20017ad8  g_ucDMAEnabled                        
20017adc  _lock                                 
20017ae0  _unlock                               
20017ae4  errno                                 
20017ae8  main_func_sp                          
2002f800  __stack                               
20030000  __STACK_END                           
ffffffff  __TI_pprof_out_hndl                   
ffffffff  __TI_prof_data_size                   
ffffffff  __TI_prof_data_start                  
ffffffff  __binit__                             
ffffffff  __c_args__                            
ffffffff  binit                                 
UNDEFED   SHT$$INIT_ARRAY$$Base                 
UNDEFED   SHT$$INIT_ARRAY$$Limit                

[276 symbols]
