<?xml version="1.0"?>
<link_info>
   <banner>TI ARM Linker PC v16.9.4.LTS</banner>
   <copyright>Copyright (c) 1996-2017 Texas Instruments Incorporated</copyright>
   <link_time>0x5c31de7d</link_time>
   <link_errors>0x0</link_errors>
   <output_file>USR telemetry udp send from i2c.out</output_file>
   <entry_point>
      <name>_c_int00</name>
      <address>0x2000b469</address>
   </entry_point>
   <input_file_list>
      <input_file id="fl-2">
         <path>.\</path>
         <kind>object</kind>
         <file>i2c_if.obj</file>
         <name>i2c_if.obj</name>
      </input_file>
      <input_file id="fl-3">
         <path>.\</path>
         <kind>object</kind>
         <file>main.obj</file>
         <name>main.obj</name>
      </input_file>
      <input_file id="fl-4">
         <path>.\</path>
         <kind>object</kind>
         <file>network_common.obj</file>
         <name>network_common.obj</name>
      </input_file>
      <input_file id="fl-5">
         <path>.\</path>
         <kind>object</kind>
         <file>pin_mux_config.obj</file>
         <name>pin_mux_config.obj</name>
      </input_file>
      <input_file id="fl-6">
         <path>.\</path>
         <kind>object</kind>
         <file>startup_ccs.obj</file>
         <name>startup_ccs.obj</name>
      </input_file>
      <input_file id="fl-7">
         <path>.\</path>
         <kind>object</kind>
         <file>uart_if.obj</file>
         <name>uart_if.obj</name>
      </input_file>
      <input_file id="fl-8">
         <path>.\</path>
         <kind>object</kind>
         <file>udma_if.obj</file>
         <name>udma_if.obj</name>
      </input_file>
      <input_file id="fl-e">
         <kind>object</kind>
         <file>&lt;internal&gt;</file>
         <name>&lt;internal&gt;</name>
      </input_file>
      <input_file id="fl-c4">
         <path>C:\ti\ccsv7\tools\compiler\ti-cgt-arm_16.9.4.LTS\lib\</path>
         <kind>archive</kind>
         <file>rtsv7M4_T_le_eabi.lib</file>
         <name>boot.obj</name>
      </input_file>
      <input_file id="fl-c5">
         <path>C:\ti\ccsv7\tools\compiler\ti-cgt-arm_16.9.4.LTS\lib\</path>
         <kind>archive</kind>
         <file>rtsv7M4_T_le_eabi.lib</file>
         <name>copy_decompress_lzss.obj</name>
      </input_file>
      <input_file id="fl-c6">
         <path>C:\ti\ccsv7\tools\compiler\ti-cgt-arm_16.9.4.LTS\lib\</path>
         <kind>archive</kind>
         <file>rtsv7M4_T_le_eabi.lib</file>
         <name>copy_decompress_none.obj</name>
      </input_file>
      <input_file id="fl-c7">
         <path>C:\ti\ccsv7\tools\compiler\ti-cgt-arm_16.9.4.LTS\lib\</path>
         <kind>archive</kind>
         <file>rtsv7M4_T_le_eabi.lib</file>
         <name>copy_zero_init.obj</name>
      </input_file>
      <input_file id="fl-c8">
         <path>C:\ti\ccsv7\tools\compiler\ti-cgt-arm_16.9.4.LTS\lib\</path>
         <kind>archive</kind>
         <file>rtsv7M4_T_le_eabi.lib</file>
         <name>exit.obj</name>
      </input_file>
      <input_file id="fl-c9">
         <path>C:\ti\ccsv7\tools\compiler\ti-cgt-arm_16.9.4.LTS\lib\</path>
         <kind>archive</kind>
         <file>rtsv7M4_T_le_eabi.lib</file>
         <name>memcpy_t2.obj</name>
      </input_file>
      <input_file id="fl-ca">
         <path>C:\ti\ccsv7\tools\compiler\ti-cgt-arm_16.9.4.LTS\lib\</path>
         <kind>archive</kind>
         <file>rtsv7M4_T_le_eabi.lib</file>
         <name>memmov.obj</name>
      </input_file>
      <input_file id="fl-cb">
         <path>C:\ti\ccsv7\tools\compiler\ti-cgt-arm_16.9.4.LTS\lib\</path>
         <kind>archive</kind>
         <file>rtsv7M4_T_le_eabi.lib</file>
         <name>memory.obj</name>
      </input_file>
      <input_file id="fl-cc">
         <path>C:\ti\ccsv7\tools\compiler\ti-cgt-arm_16.9.4.LTS\lib\</path>
         <kind>archive</kind>
         <file>rtsv7M4_T_le_eabi.lib</file>
         <name>memset_t2.obj</name>
      </input_file>
      <input_file id="fl-cd">
         <path>C:\ti\ccsv7\tools\compiler\ti-cgt-arm_16.9.4.LTS\lib\</path>
         <kind>archive</kind>
         <file>rtsv7M4_T_le_eabi.lib</file>
         <name>mpu_init.obj</name>
      </input_file>
      <input_file id="fl-ce">
         <path>C:\ti\ccsv7\tools\compiler\ti-cgt-arm_16.9.4.LTS\lib\</path>
         <kind>archive</kind>
         <file>rtsv7M4_T_le_eabi.lib</file>
         <name>pre_init.obj</name>
      </input_file>
      <input_file id="fl-cf">
         <path>C:\ti\ccsv7\tools\compiler\ti-cgt-arm_16.9.4.LTS\lib\</path>
         <kind>archive</kind>
         <file>rtsv7M4_T_le_eabi.lib</file>
         <name>stkdepth_vars.obj</name>
      </input_file>
      <input_file id="fl-d0">
         <path>C:\ti\ccsv7\tools\compiler\ti-cgt-arm_16.9.4.LTS\lib\</path>
         <kind>archive</kind>
         <file>rtsv7M4_T_le_eabi.lib</file>
         <name>strlen.obj</name>
      </input_file>
      <input_file id="fl-d1">
         <path>C:\ti\ccsv7\tools\compiler\ti-cgt-arm_16.9.4.LTS\lib\</path>
         <kind>archive</kind>
         <file>rtsv7M4_T_le_eabi.lib</file>
         <name>strtok.obj</name>
      </input_file>
      <input_file id="fl-d2">
         <path>C:\ti\ccsv7\tools\compiler\ti-cgt-arm_16.9.4.LTS\lib\</path>
         <kind>archive</kind>
         <file>rtsv7M4_T_le_eabi.lib</file>
         <name>strtoul.obj</name>
      </input_file>
      <input_file id="fl-d3">
         <path>C:\ti\ccsv7\tools\compiler\ti-cgt-arm_16.9.4.LTS\lib\</path>
         <kind>archive</kind>
         <file>rtsv7M4_T_le_eabi.lib</file>
         <name>vsnprintf.obj</name>
      </input_file>
      <input_file id="fl-d4">
         <path>C:\ti\ccsv7\tools\compiler\ti-cgt-arm_16.9.4.LTS\lib\</path>
         <kind>archive</kind>
         <file>rtsv7M4_T_le_eabi.lib</file>
         <name>_lock.obj</name>
      </input_file>
      <input_file id="fl-d5">
         <path>C:\ti\ccsv7\tools\compiler\ti-cgt-arm_16.9.4.LTS\lib\</path>
         <kind>archive</kind>
         <file>rtsv7M4_T_le_eabi.lib</file>
         <name>_printfi.obj</name>
      </input_file>
      <input_file id="fl-d6">
         <path>C:\ti\ccsv7\tools\compiler\ti-cgt-arm_16.9.4.LTS\lib\</path>
         <kind>archive</kind>
         <file>rtsv7M4_T_le_eabi.lib</file>
         <name>args_main.obj</name>
      </input_file>
      <input_file id="fl-d7">
         <path>C:\ti\ccsv7\tools\compiler\ti-cgt-arm_16.9.4.LTS\lib\</path>
         <kind>archive</kind>
         <file>rtsv7M4_T_le_eabi.lib</file>
         <name>atoi.obj</name>
      </input_file>
      <input_file id="fl-d8">
         <path>C:\ti\ccsv7\tools\compiler\ti-cgt-arm_16.9.4.LTS\lib\</path>
         <kind>archive</kind>
         <file>rtsv7M4_T_le_eabi.lib</file>
         <name>autoinit.obj</name>
      </input_file>
      <input_file id="fl-d9">
         <path>C:\ti\ccsv7\tools\compiler\ti-cgt-arm_16.9.4.LTS\lib\</path>
         <kind>archive</kind>
         <file>rtsv7M4_T_le_eabi.lib</file>
         <name>cpy_tbl.obj</name>
      </input_file>
      <input_file id="fl-da">
         <path>C:\ti\ccsv7\tools\compiler\ti-cgt-arm_16.9.4.LTS\lib\</path>
         <kind>archive</kind>
         <file>rtsv7M4_T_le_eabi.lib</file>
         <name>ctype.obj</name>
      </input_file>
      <input_file id="fl-db">
         <path>C:\ti\ccsv7\tools\compiler\ti-cgt-arm_16.9.4.LTS\lib\</path>
         <kind>archive</kind>
         <file>rtsv7M4_T_le_eabi.lib</file>
         <name>errno.obj</name>
      </input_file>
      <input_file id="fl-dc">
         <path>C:\ti\ccsv7\tools\compiler\ti-cgt-arm_16.9.4.LTS\lib\</path>
         <kind>archive</kind>
         <file>rtsv7M4_T_le_eabi.lib</file>
         <name>fd_add_t2.obj</name>
      </input_file>
      <input_file id="fl-dd">
         <path>C:\ti\ccsv7\tools\compiler\ti-cgt-arm_16.9.4.LTS\lib\</path>
         <kind>archive</kind>
         <file>rtsv7M4_T_le_eabi.lib</file>
         <name>fd_cmp_t2.obj</name>
      </input_file>
      <input_file id="fl-de">
         <path>C:\ti\ccsv7\tools\compiler\ti-cgt-arm_16.9.4.LTS\lib\</path>
         <kind>archive</kind>
         <file>rtsv7M4_T_le_eabi.lib</file>
         <name>fd_div_t2.obj</name>
      </input_file>
      <input_file id="fl-df">
         <path>C:\ti\ccsv7\tools\compiler\ti-cgt-arm_16.9.4.LTS\lib\</path>
         <kind>archive</kind>
         <file>rtsv7M4_T_le_eabi.lib</file>
         <name>fd_mul_t2.obj</name>
      </input_file>
      <input_file id="fl-e0">
         <path>C:\ti\ccsv7\tools\compiler\ti-cgt-arm_16.9.4.LTS\lib\</path>
         <kind>archive</kind>
         <file>rtsv7M4_T_le_eabi.lib</file>
         <name>fd_toi_t2.obj</name>
      </input_file>
      <input_file id="fl-e1">
         <path>C:\ti\ccsv7\tools\compiler\ti-cgt-arm_16.9.4.LTS\lib\</path>
         <kind>archive</kind>
         <file>rtsv7M4_T_le_eabi.lib</file>
         <name>i_tofd_t2.obj</name>
      </input_file>
      <input_file id="fl-e2">
         <path>C:\ti\ccsv7\tools\compiler\ti-cgt-arm_16.9.4.LTS\lib\</path>
         <kind>archive</kind>
         <file>rtsv7M4_T_le_eabi.lib</file>
         <name>ltoa.obj</name>
      </input_file>
      <input_file id="fl-e3">
         <path>C:\ti\ccsv7\tools\compiler\ti-cgt-arm_16.9.4.LTS\lib\</path>
         <kind>archive</kind>
         <file>rtsv7M4_T_le_eabi.lib</file>
         <name>memccpy.obj</name>
      </input_file>
      <input_file id="fl-e4">
         <path>C:\ti\ccsv7\tools\compiler\ti-cgt-arm_16.9.4.LTS\lib\</path>
         <kind>archive</kind>
         <file>rtsv7M4_T_le_eabi.lib</file>
         <name>s_frexp.obj</name>
      </input_file>
      <input_file id="fl-e5">
         <path>C:\ti\ccsv7\tools\compiler\ti-cgt-arm_16.9.4.LTS\lib\</path>
         <kind>archive</kind>
         <file>rtsv7M4_T_le_eabi.lib</file>
         <name>s_scalbn.obj</name>
      </input_file>
      <input_file id="fl-e6">
         <path>C:\ti\ccsv7\tools\compiler\ti-cgt-arm_16.9.4.LTS\lib\</path>
         <kind>archive</kind>
         <file>rtsv7M4_T_le_eabi.lib</file>
         <name>startup.obj</name>
      </input_file>
      <input_file id="fl-e7">
         <path>C:\ti\ccsv7\tools\compiler\ti-cgt-arm_16.9.4.LTS\lib\</path>
         <kind>archive</kind>
         <file>rtsv7M4_T_le_eabi.lib</file>
         <name>strchr.obj</name>
      </input_file>
      <input_file id="fl-e8">
         <path>C:\ti\ccsv7\tools\compiler\ti-cgt-arm_16.9.4.LTS\lib\</path>
         <kind>archive</kind>
         <file>rtsv7M4_T_le_eabi.lib</file>
         <name>strcspn.obj</name>
      </input_file>
      <input_file id="fl-e9">
         <path>C:\ti\ccsv7\tools\compiler\ti-cgt-arm_16.9.4.LTS\lib\</path>
         <kind>archive</kind>
         <file>rtsv7M4_T_le_eabi.lib</file>
         <name>strspn.obj</name>
      </input_file>
      <input_file id="fl-ea">
         <path>C:\ti\ccsv7\tools\compiler\ti-cgt-arm_16.9.4.LTS\lib\</path>
         <kind>archive</kind>
         <file>rtsv7M4_T_le_eabi.lib</file>
         <name>ull_div_t2.obj</name>
      </input_file>
      <input_file id="fl-eb">
         <path>C:\ti\ccsv7\tools\compiler\ti-cgt-arm_16.9.4.LTS\lib\</path>
         <kind>archive</kind>
         <file>rtsv7M4_T_le_eabi.lib</file>
         <name>s_copysign.obj</name>
      </input_file>
      <input_file id="fl-ec">
         <path>C:\ti\CC3200SDK_1.3.0\cc3200-sdk\simplelink\ccs\NON_OS\</path>
         <kind>archive</kind>
         <file>simplelink.a</file>
         <name>device.obj</name>
      </input_file>
      <input_file id="fl-ed">
         <path>C:\ti\CC3200SDK_1.3.0\cc3200-sdk\simplelink\ccs\NON_OS\</path>
         <kind>archive</kind>
         <file>simplelink.a</file>
         <name>driver.obj</name>
      </input_file>
      <input_file id="fl-ee">
         <path>C:\ti\CC3200SDK_1.3.0\cc3200-sdk\simplelink\ccs\NON_OS\</path>
         <kind>archive</kind>
         <file>simplelink.a</file>
         <name>netapp.obj</name>
      </input_file>
      <input_file id="fl-ef">
         <path>C:\ti\CC3200SDK_1.3.0\cc3200-sdk\simplelink\ccs\NON_OS\</path>
         <kind>archive</kind>
         <file>simplelink.a</file>
         <name>netcfg.obj</name>
      </input_file>
      <input_file id="fl-f0">
         <path>C:\ti\CC3200SDK_1.3.0\cc3200-sdk\simplelink\ccs\NON_OS\</path>
         <kind>archive</kind>
         <file>simplelink.a</file>
         <name>nonos.obj</name>
      </input_file>
      <input_file id="fl-f1">
         <path>C:\ti\CC3200SDK_1.3.0\cc3200-sdk\simplelink\ccs\NON_OS\</path>
         <kind>archive</kind>
         <file>simplelink.a</file>
         <name>socket.obj</name>
      </input_file>
      <input_file id="fl-f2">
         <path>C:\ti\CC3200SDK_1.3.0\cc3200-sdk\simplelink\ccs\NON_OS\</path>
         <kind>archive</kind>
         <file>simplelink.a</file>
         <name>wlan.obj</name>
      </input_file>
      <input_file id="fl-f3">
         <path>C:\ti\CC3200SDK_1.3.0\cc3200-sdk\simplelink\ccs\NON_OS\</path>
         <kind>archive</kind>
         <file>simplelink.a</file>
         <name>cc_pal.obj</name>
      </input_file>
      <input_file id="fl-f4">
         <path>C:\ti\CC3200SDK_1.3.0\cc3200-sdk\driverlib\ccs\Release\</path>
         <kind>archive</kind>
         <file>driverlib.a</file>
         <name>i2c.obj</name>
      </input_file>
      <input_file id="fl-f5">
         <path>C:\ti\CC3200SDK_1.3.0\cc3200-sdk\driverlib\ccs\Release\</path>
         <kind>archive</kind>
         <file>driverlib.a</file>
         <name>interrupt.obj</name>
      </input_file>
      <input_file id="fl-f6">
         <path>C:\ti\CC3200SDK_1.3.0\cc3200-sdk\driverlib\ccs\Release\</path>
         <kind>archive</kind>
         <file>driverlib.a</file>
         <name>pin.obj</name>
      </input_file>
      <input_file id="fl-f7">
         <path>C:\ti\CC3200SDK_1.3.0\cc3200-sdk\driverlib\ccs\Release\</path>
         <kind>archive</kind>
         <file>driverlib.a</file>
         <name>prcm.obj</name>
      </input_file>
      <input_file id="fl-f8">
         <path>C:\ti\CC3200SDK_1.3.0\cc3200-sdk\driverlib\ccs\Release\</path>
         <kind>archive</kind>
         <file>driverlib.a</file>
         <name>spi.obj</name>
      </input_file>
      <input_file id="fl-f9">
         <path>C:\ti\CC3200SDK_1.3.0\cc3200-sdk\driverlib\ccs\Release\</path>
         <kind>archive</kind>
         <file>driverlib.a</file>
         <name>timer.obj</name>
      </input_file>
      <input_file id="fl-fa">
         <path>C:\ti\CC3200SDK_1.3.0\cc3200-sdk\driverlib\ccs\Release\</path>
         <kind>archive</kind>
         <file>driverlib.a</file>
         <name>uart.obj</name>
      </input_file>
      <input_file id="fl-fb">
         <path>C:\ti\CC3200SDK_1.3.0\cc3200-sdk\driverlib\ccs\Release\</path>
         <kind>archive</kind>
         <file>driverlib.a</file>
         <name>udma.obj</name>
      </input_file>
      <input_file id="fl-fc">
         <path>C:\ti\CC3200SDK_1.3.0\cc3200-sdk\driverlib\ccs\Release\</path>
         <kind>archive</kind>
         <file>driverlib.a</file>
         <name>utils.obj</name>
      </input_file>
      <input_file id="fl-fd">
         <path>C:\ti\CC3200SDK_1.3.0\cc3200-sdk\driverlib\ccs\Release\</path>
         <kind>archive</kind>
         <file>driverlib.a</file>
         <name>cpu.obj</name>
      </input_file>
      <input_file id="fl-fe">
         <path>C:\ti\CC3200SDK_1.3.0\cc3200-sdk\driverlib\ccs\Release\</path>
         <kind>archive</kind>
         <file>driverlib.a</file>
         <name>flash.obj</name>
      </input_file>
   </input_file_list>
   <object_component_list>
      <object_component id="oc-f">
         <name>.intvecs</name>
         <load_address>0x20004000</load_address>
         <run_address>0x20004000</run_address>
         <size>0x400</size>
         <input_file_ref idref="fl-6"/>
      </object_component>
      <object_component id="oc-3c1">
         <name>.text</name>
         <load_address>0x20004400</load_address>
         <run_address>0x20004400</run_address>
         <size>0x1122</size>
         <input_file_ref idref="fl-d5"/>
      </object_component>
      <object_component id="oc-61c">
         <name>.text:IntDefaultHandler</name>
         <load_address>0x20005522</load_address>
         <run_address>0x20005522</run_address>
         <size>0x2</size>
         <input_file_ref idref="fl-f5"/>
      </object_component>
      <object_component id="oc-a8">
         <name>.text</name>
         <load_address>0x20005524</load_address>
         <run_address>0x20005524</run_address>
         <size>0xb84</size>
         <input_file_ref idref="fl-3"/>
      </object_component>
      <object_component id="oc-62b">
         <name>.text:_SlDrvMsgRead</name>
         <load_address>0x200060a8</load_address>
         <run_address>0x200060a8</run_address>
         <size>0x590</size>
         <input_file_ref idref="fl-ed"/>
      </object_component>
      <object_component id="oc-1f9">
         <name>.text</name>
         <load_address>0x20006638</load_address>
         <run_address>0x20006638</run_address>
         <size>0x3d0</size>
         <input_file_ref idref="fl-cb"/>
      </object_component>
      <object_component id="oc-14e">
         <name>.text</name>
         <load_address>0x20006a08</load_address>
         <run_address>0x20006a08</run_address>
         <size>0x284</size>
         <input_file_ref idref="fl-2"/>
      </object_component>
      <object_component id="oc-d8">
         <name>.text</name>
         <load_address>0x20006c8c</load_address>
         <run_address>0x20006c8c</run_address>
         <size>0x280</size>
         <input_file_ref idref="fl-7"/>
      </object_component>
      <object_component id="oc-6a5">
         <name>.text:_SlDrvRxHdrRead</name>
         <load_address>0x20006f0c</load_address>
         <run_address>0x20006f0c</run_address>
         <size>0x24c</size>
         <input_file_ref idref="fl-ed"/>
      </object_component>
      <object_component id="oc-573">
         <name>.text</name>
         <load_address>0x20007158</load_address>
         <run_address>0x20007158</run_address>
         <size>0x1f4</size>
         <input_file_ref idref="fl-ea"/>
      </object_component>
      <object_component id="oc-23a">
         <name>.text:_SlDrvReleasePoolObj</name>
         <load_address>0x2000734c</load_address>
         <run_address>0x2000734c</run_address>
         <size>0x1d0</size>
         <input_file_ref idref="fl-ed"/>
      </object_component>
      <object_component id="oc-59c">
         <name>.text</name>
         <load_address>0x2000751c</load_address>
         <run_address>0x2000751c</run_address>
         <size>0x1b6</size>
         <input_file_ref idref="fl-dc"/>
      </object_component>
      <object_component id="oc-59">
         <name>.text</name>
         <load_address>0x200076d2</load_address>
         <run_address>0x200076d2</run_address>
         <size>0x2</size>
         <input_file_ref idref="fl-cd"/>
      </object_component>
      <object_component id="oc-210">
         <name>.text:_SlDrvDriverCBInit</name>
         <load_address>0x200076d4</load_address>
         <run_address>0x200076d4</run_address>
         <size>0x1b4</size>
         <input_file_ref idref="fl-ed"/>
      </object_component>
      <object_component id="oc-4cb">
         <name>.text:_SlDrvMsgWrite</name>
         <load_address>0x20007888</load_address>
         <run_address>0x20007888</run_address>
         <size>0x19c</size>
         <input_file_ref idref="fl-ed"/>
      </object_component>
      <object_component id="oc-457">
         <name>.text:_SlDrvWaitForPoolObj</name>
         <load_address>0x20007a24</load_address>
         <run_address>0x20007a24</run_address>
         <size>0x190</size>
         <input_file_ref idref="fl-ed"/>
      </object_component>
      <object_component id="oc-179">
         <name>.text:PRCMCC3200MCUInit</name>
         <load_address>0x20007bb4</load_address>
         <run_address>0x20007bb4</run_address>
         <size>0x178</size>
         <input_file_ref idref="fl-f7"/>
      </object_component>
      <object_component id="oc-6b7">
         <name>.text:_SlFindAndSetActiveObj</name>
         <load_address>0x20007d2c</load_address>
         <run_address>0x20007d2c</run_address>
         <size>0x170</size>
         <input_file_ref idref="fl-ed"/>
      </object_component>
      <object_component id="oc-351">
         <name>.text:_SlDrvDataWriteOp</name>
         <load_address>0x20007e9c</load_address>
         <run_address>0x20007e9c</run_address>
         <size>0x150</size>
         <input_file_ref idref="fl-ed"/>
      </object_component>
      <object_component id="oc-216">
         <name>.text:spi_Open</name>
         <load_address>0x20007fec</load_address>
         <run_address>0x20007fec</run_address>
         <size>0x148</size>
         <input_file_ref idref="fl-f3"/>
      </object_component>
      <object_component id="oc-4d1">
         <name>.text:_SlDrvMsgReadCmdCtx</name>
         <load_address>0x20008134</load_address>
         <run_address>0x20008134</run_address>
         <size>0x144</size>
         <input_file_ref idref="fl-ed"/>
      </object_component>
      <object_component id="oc-15a">
         <name>.text:sl_SendTo</name>
         <load_address>0x20008278</load_address>
         <run_address>0x20008278</run_address>
         <size>0x144</size>
         <input_file_ref idref="fl-f1"/>
      </object_component>
      <object_component id="oc-582">
         <name>.text</name>
         <load_address>0x200083bc</load_address>
         <run_address>0x200083bc</run_address>
         <size>0x136</size>
         <input_file_ref idref="fl-de"/>
      </object_component>
      <object_component id="oc-a0">
         <name>.text</name>
         <load_address>0x200084f2</load_address>
         <run_address>0x200084f2</run_address>
         <size>0x2</size>
         <input_file_ref idref="fl-e6"/>
      </object_component>
      <object_component id="oc-284">
         <name>.text:_SlDrvDriverCBDeinit</name>
         <load_address>0x200084f4</load_address>
         <run_address>0x200084f4</run_address>
         <size>0x130</size>
         <input_file_ref idref="fl-ed"/>
      </object_component>
      <object_component id="oc-136">
         <name>.text</name>
         <load_address>0x20008624</load_address>
         <run_address>0x20008624</run_address>
         <size>0x114</size>
         <input_file_ref idref="fl-d2"/>
      </object_component>
      <object_component id="oc-70a">
         <name>.text:_SlDrvNetAppEventHandler</name>
         <load_address>0x20008738</load_address>
         <run_address>0x20008738</run_address>
         <size>0x104</size>
         <input_file_ref idref="fl-ee"/>
      </object_component>
      <object_component id="oc-57d">
         <name>.text</name>
         <load_address>0x2000883c</load_address>
         <run_address>0x2000883c</run_address>
         <size>0xfc</size>
         <input_file_ref idref="fl-df"/>
      </object_component>
      <object_component id="oc-f3">
         <name>.text:sl_Stop</name>
         <load_address>0x20008938</load_address>
         <run_address>0x20008938</run_address>
         <size>0xf0</size>
         <input_file_ref idref="fl-ec"/>
      </object_component>
      <object_component id="oc-6b1">
         <name>.text:spi_Read</name>
         <load_address>0x20008a28</load_address>
         <run_address>0x20008a28</run_address>
         <size>0xf0</size>
         <input_file_ref idref="fl-f3"/>
      </object_component>
      <object_component id="oc-7a6">
         <name>.text:uDMAChannelTransferSet</name>
         <load_address>0x20008b18</load_address>
         <run_address>0x20008b18</run_address>
         <size>0xf0</size>
         <input_file_ref idref="fl-fb"/>
      </object_component>
      <object_component id="oc-e1">
         <name>.text:sl_Start</name>
         <load_address>0x20008c08</load_address>
         <run_address>0x20008c08</run_address>
         <size>0xec</size>
         <input_file_ref idref="fl-ec"/>
      </object_component>
      <object_component id="oc-631">
         <name>.text:_SlAsyncEventGenericHandler</name>
         <load_address>0x20008cf4</load_address>
         <run_address>0x20008cf4</run_address>
         <size>0xe8</size>
         <input_file_ref idref="fl-ed"/>
      </object_component>
      <object_component id="oc-4b2">
         <name>.text:_SlDrvMsgReadSpawnCtx</name>
         <load_address>0x20008ddc</load_address>
         <run_address>0x20008ddc</run_address>
         <size>0xe8</size>
         <input_file_ref idref="fl-ed"/>
      </object_component>
      <object_component id="oc-2bf">
         <name>.text:sl_NetAppMDNSRegisterUnregisterService</name>
         <load_address>0x20008ec4</load_address>
         <run_address>0x20008ec4</run_address>
         <size>0xe4</size>
         <input_file_ref idref="fl-ee"/>
      </object_component>
      <object_component id="oc-6ab">
         <name>.text:_SlDrvClassifyRxMsg</name>
         <load_address>0x20008fa8</load_address>
         <run_address>0x20008fa8</run_address>
         <size>0xdc</size>
         <input_file_ref idref="fl-ed"/>
      </object_component>
      <object_component id="oc-18b">
         <name>.text:sl_NetCfgGet</name>
         <load_address>0x20009084</load_address>
         <run_address>0x20009084</run_address>
         <size>0xd8</size>
         <input_file_ref idref="fl-ef"/>
      </object_component>
      <object_component id="oc-185">
         <name>.text</name>
         <load_address>0x2000915c</load_address>
         <run_address>0x2000915c</run_address>
         <size>0xd4</size>
         <input_file_ref idref="fl-5"/>
      </object_component>
      <object_component id="oc-5a7">
         <name>.text</name>
         <load_address>0x20009230</load_address>
         <run_address>0x20009230</run_address>
         <size>0xd0</size>
         <input_file_ref idref="fl-e5"/>
      </object_component>
      <object_component id="oc-764">
         <name>.text:_sl_HandleAsync_DnsGetHostByService</name>
         <load_address>0x20009300</load_address>
         <run_address>0x20009300</run_address>
         <size>0xcc</size>
         <input_file_ref idref="fl-ee"/>
      </object_component>
      <object_component id="oc-f9">
         <name>.text:sl_DevGet</name>
         <load_address>0x200093cc</load_address>
         <run_address>0x200093cc</run_address>
         <size>0xcc</size>
         <input_file_ref idref="fl-ec"/>
      </object_component>
      <object_component id="oc-492">
         <name>.text:_SlRemoveFromList</name>
         <load_address>0x20009498</load_address>
         <run_address>0x20009498</run_address>
         <size>0xc4</size>
         <input_file_ref idref="fl-ed"/>
      </object_component>
      <object_component id="oc-268">
         <name>.text:_SlDrvCmdOp</name>
         <load_address>0x2000955c</load_address>
         <run_address>0x2000955c</run_address>
         <size>0xc0</size>
         <input_file_ref idref="fl-ed"/>
      </object_component>
      <object_component id="oc-3eb">
         <name>.text:_SlNonOsSemGet</name>
         <load_address>0x2000961c</load_address>
         <run_address>0x2000961c</run_address>
         <size>0xb0</size>
         <input_file_ref idref="fl-f0"/>
      </object_component>
      <object_component id="oc-471">
         <name>.text:IntDisable</name>
         <load_address>0x200096cc</load_address>
         <run_address>0x200096cc</run_address>
         <size>0xa8</size>
         <input_file_ref idref="fl-f5"/>
      </object_component>
      <object_component id="oc-173">
         <name>.text:IntEnable</name>
         <load_address>0x20009774</load_address>
         <run_address>0x20009774</run_address>
         <size>0xa8</size>
         <input_file_ref idref="fl-f5"/>
      </object_component>
      <object_component id="oc-48b">
         <name>.text:_SlDriverHandleError</name>
         <load_address>0x2000981c</load_address>
         <run_address>0x2000981c</run_address>
         <size>0xa4</size>
         <input_file_ref idref="fl-ed"/>
      </object_component>
      <object_component id="oc-408">
         <name>.text:SPIConfigSetExpClk</name>
         <load_address>0x200098c0</load_address>
         <run_address>0x200098c0</run_address>
         <size>0xa0</size>
         <input_file_ref idref="fl-f8"/>
      </object_component>
      <object_component id="oc-41">
         <name>.text</name>
         <load_address>0x20009960</load_address>
         <run_address>0x20009960</run_address>
         <size>0x9c</size>
         <input_file_ref idref="fl-c9"/>
      </object_component>
      <object_component id="oc-756">
         <name>.text:_SlDrvDeviceEventHandler</name>
         <load_address>0x200099fc</load_address>
         <run_address>0x200099fc</run_address>
         <size>0x9a</size>
         <input_file_ref idref="fl-ec"/>
      </object_component>
      <object_component id="oc-111">
         <name>.text:sl_NetCfgSet</name>
         <load_address>0x20009a98</load_address>
         <run_address>0x20009a98</run_address>
         <size>0x98</size>
         <input_file_ref idref="fl-ef"/>
      </object_component>
      <object_component id="oc-117">
         <name>.text:sl_WlanSet</name>
         <load_address>0x20009b30</load_address>
         <run_address>0x20009b30</run_address>
         <size>0x98</size>
         <input_file_ref idref="fl-f2"/>
      </object_component>
      <object_component id="oc-63a">
         <name>.text:spi_Write</name>
         <load_address>0x20009bc8</load_address>
         <run_address>0x20009bc8</run_address>
         <size>0x98</size>
         <input_file_ref idref="fl-f3"/>
      </object_component>
      <object_component id="oc-1cf">
         <name>.text:PRCMPeripheralClockGet</name>
         <load_address>0x20009c60</load_address>
         <run_address>0x20009c60</run_address>
         <size>0x94</size>
         <input_file_ref idref="fl-f7"/>
      </object_component>
      <object_component id="oc-75e">
         <name>.text:_sl_HandleAsync_DnsGetHostByName</name>
         <load_address>0x20009cf4</load_address>
         <run_address>0x20009cf4</run_address>
         <size>0x90</size>
         <input_file_ref idref="fl-ee"/>
      </object_component>
      <object_component id="oc-710">
         <name>.text:_sl_HandleAsync_PingResponse</name>
         <load_address>0x20009d84</load_address>
         <run_address>0x20009d84</run_address>
         <size>0x90</size>
         <input_file_ref idref="fl-ee"/>
      </object_component>
      <object_component id="oc-ff">
         <name>.text:sl_WlanPolicySet</name>
         <load_address>0x20009e14</load_address>
         <run_address>0x20009e14</run_address>
         <size>0x90</size>
         <input_file_ref idref="fl-f2"/>
      </object_component>
      <object_component id="oc-717">
         <name>.text:SetupDMAReceive</name>
         <load_address>0x20009ea4</load_address>
         <run_address>0x20009ea4</run_address>
         <size>0x8c</size>
         <input_file_ref idref="fl-f3"/>
      </object_component>
      <object_component id="oc-6c2">
         <name>.text:SetupDMASend</name>
         <load_address>0x20009f30</load_address>
         <run_address>0x20009f30</run_address>
         <size>0x8c</size>
         <input_file_ref idref="fl-f3"/>
      </object_component>
      <object_component id="oc-5d9">
         <name>.text:_SlDrvIsTimeoutExpired</name>
         <load_address>0x20009fbc</load_address>
         <run_address>0x20009fbc</run_address>
         <size>0x8c</size>
         <input_file_ref idref="fl-ed"/>
      </object_component>
      <object_component id="oc-7b7">
         <name>.text:_sl_HandleAsync_InitComplete</name>
         <load_address>0x2000a048</load_address>
         <run_address>0x2000a048</run_address>
         <size>0x8c</size>
         <input_file_ref idref="fl-ec"/>
      </object_component>
      <object_component id="oc-148">
         <name>.text:sl_Socket</name>
         <load_address>0x2000a0d4</load_address>
         <run_address>0x2000a0d4</run_address>
         <size>0x8c</size>
         <input_file_ref idref="fl-f1"/>
      </object_component>
      <object_component id="oc-567">
         <name>.text:PinConfigSet</name>
         <load_address>0x2000a160</load_address>
         <run_address>0x2000a160</run_address>
         <size>0x88</size>
         <input_file_ref idref="fl-f6"/>
      </object_component>
      <object_component id="oc-1e1">
         <name>.text</name>
         <load_address>0x2000a1e8</load_address>
         <run_address>0x2000a1e8</run_address>
         <size>0x88</size>
         <input_file_ref idref="fl-d3"/>
      </object_component>
      <object_component id="oc-578">
         <name>.text:__aeabi_cdcmple</name>
         <load_address>0x2000a270</load_address>
         <run_address>0x2000a270</run_address>
         <size>0x86</size>
         <input_file_ref idref="fl-dd"/>
      </object_component>
      <object_component id="oc-587">
         <name>.text:__aeabi_cdrcmple</name>
         <load_address>0x2000a2f6</load_address>
         <run_address>0x2000a2f6</run_address>
         <size>0x86</size>
         <input_file_ref idref="fl-dd"/>
      </object_component>
      <object_component id="oc-330">
         <name>.text:I2CMasterInitExpClk</name>
         <load_address>0x2000a37c</load_address>
         <run_address>0x2000a37c</run_address>
         <size>0x84</size>
         <input_file_ref idref="fl-f4"/>
      </object_component>
      <object_component id="oc-129">
         <name>.text:sl_WlanRxFilterSet</name>
         <load_address>0x2000a400</load_address>
         <run_address>0x2000a400</run_address>
         <size>0x84</size>
         <input_file_ref idref="fl-f2"/>
      </object_component>
      <object_component id="oc-786">
         <name>.text:_sl_HandleAsync_Connect</name>
         <load_address>0x2000a484</load_address>
         <run_address>0x2000a484</run_address>
         <size>0x80</size>
         <input_file_ref idref="fl-f1"/>
      </object_component>
      <object_component id="oc-71d">
         <name>.text:spi_Read_CPU</name>
         <load_address>0x2000a504</load_address>
         <run_address>0x2000a504</run_address>
         <size>0x80</size>
         <input_file_ref idref="fl-f3"/>
      </object_component>
      <object_component id="oc-6d4">
         <name>.text:spi_Write_CPU</name>
         <load_address>0x2000a584</load_address>
         <run_address>0x2000a584</run_address>
         <size>0x80</size>
         <input_file_ref idref="fl-f3"/>
      </object_component>
      <object_component id="oc-4d">
         <name>.text</name>
         <load_address>0x2000a604</load_address>
         <run_address>0x2000a604</run_address>
         <size>0x7a</size>
         <input_file_ref idref="fl-cc"/>
      </object_component>
      <object_component id="oc-27e">
         <name>.text:spi_Close</name>
         <load_address>0x2000a680</load_address>
         <run_address>0x2000a680</run_address>
         <size>0x78</size>
         <input_file_ref idref="fl-f3"/>
      </object_component>
      <object_component id="oc-1d5">
         <name>.text:UARTConfigSetExpClk</name>
         <load_address>0x2000a6f8</load_address>
         <run_address>0x2000a6f8</run_address>
         <size>0x76</size>
         <input_file_ref idref="fl-fa"/>
      </object_component>
      <object_component id="oc-e7">
         <name>.text:_SlNonOsMainLoopTask</name>
         <load_address>0x2000a770</load_address>
         <run_address>0x2000a770</run_address>
         <size>0x74</size>
         <input_file_ref idref="fl-f0"/>
      </object_component>
      <object_component id="oc-65">
         <name>.text</name>
         <load_address>0x2000a7e4</load_address>
         <run_address>0x2000a7e4</run_address>
         <size>0x70</size>
         <input_file_ref idref="fl-d8"/>
      </object_component>
      <object_component id="oc-7c1">
         <name>.text:_SlDrvCmdSend</name>
         <load_address>0x2000a854</load_address>
         <run_address>0x2000a854</run_address>
         <size>0x6c</size>
         <input_file_ref idref="fl-ed"/>
      </object_component>
      <object_component id="oc-770">
         <name>.text:_sl_NetAppSendTokenValue</name>
         <load_address>0x2000a8c0</load_address>
         <run_address>0x2000a8c0</run_address>
         <size>0x6c</size>
         <input_file_ref idref="fl-ee"/>
      </object_component>
      <object_component id="oc-12">
         <name>.text:decompress:lzss</name>
         <load_address>0x2000a92c</load_address>
         <run_address>0x2000a92c</run_address>
         <size>0x68</size>
         <input_file_ref idref="fl-c5"/>
      </object_component>
      <object_component id="oc-4ac">
         <name>.text:_SlNonOsSpawn</name>
         <load_address>0x2000a994</load_address>
         <run_address>0x2000a994</run_address>
         <size>0x64</size>
         <input_file_ref idref="fl-f0"/>
      </object_component>
      <object_component id="oc-780">
         <name>.text:_sl_HandleAsync_Accept</name>
         <load_address>0x2000a9f8</load_address>
         <run_address>0x2000a9f8</run_address>
         <size>0x64</size>
         <input_file_ref idref="fl-f1"/>
      </object_component>
      <object_component id="oc-11d">
         <name>.text:sl_NetAppMDNSUnRegisterService</name>
         <load_address>0x2000aa5c</load_address>
         <run_address>0x2000aa5c</run_address>
         <size>0x64</size>
         <input_file_ref idref="fl-ee"/>
      </object_component>
      <object_component id="oc-5f0">
         <name>.text:uDMAChannelAttributeDisable</name>
         <load_address>0x2000aac0</load_address>
         <run_address>0x2000aac0</run_address>
         <size>0x64</size>
         <input_file_ref idref="fl-fb"/>
      </object_component>
      <object_component id="oc-7a0">
         <name>.text:uDMAChannelAttributeEnable</name>
         <load_address>0x2000ab24</load_address>
         <run_address>0x2000ab24</run_address>
         <size>0x64</size>
         <input_file_ref idref="fl-fb"/>
      </object_component>
      <object_component id="oc-160">
         <name>.text:sl_Close</name>
         <load_address>0x2000ab88</load_address>
         <run_address>0x2000ab88</run_address>
         <size>0x60</size>
         <input_file_ref idref="fl-f1"/>
      </object_component>
      <object_component id="oc-105">
         <name>.text:sl_WlanProfileDel</name>
         <load_address>0x2000abe8</load_address>
         <run_address>0x2000abe8</run_address>
         <size>0x60</size>
         <input_file_ref idref="fl-f2"/>
      </object_component>
      <object_component id="oc-ed">
         <name>.text:sl_WlanSetMode</name>
         <load_address>0x2000ac48</load_address>
         <run_address>0x2000ac48</run_address>
         <size>0x60</size>
         <input_file_ref idref="fl-f2"/>
      </object_component>
      <object_component id="oc-5a1">
         <name>.text</name>
         <load_address>0x2000aca8</load_address>
         <run_address>0x2000aca8</run_address>
         <size>0x5c</size>
         <input_file_ref idref="fl-e4"/>
      </object_component>
      <object_component id="oc-47d">
         <name>.text:IntPendClear</name>
         <load_address>0x2000ad04</load_address>
         <run_address>0x2000ad04</run_address>
         <size>0x58</size>
         <input_file_ref idref="fl-f5"/>
      </object_component>
      <object_component id="oc-32a">
         <name>.text:PRCMPeripheralReset</name>
         <load_address>0x2000ad5c</load_address>
         <run_address>0x2000ad5c</run_address>
         <size>0x58</size>
         <input_file_ref idref="fl-f7"/>
      </object_component>
      <object_component id="oc-432">
         <name>.text:IntPrioritySet</name>
         <load_address>0x2000adb4</load_address>
         <run_address>0x2000adb4</run_address>
         <size>0x54</size>
         <input_file_ref idref="fl-f5"/>
      </object_component>
      <object_component id="oc-24c">
         <name>.text:_SlDrvRxIrqHandler</name>
         <load_address>0x2000ae08</load_address>
         <run_address>0x2000ae08</run_address>
         <size>0x54</size>
         <input_file_ref idref="fl-ed"/>
      </object_component>
      <object_component id="oc-78c">
         <name>.text:_sl_HandleAsync_Select</name>
         <load_address>0x2000ae5c</load_address>
         <run_address>0x2000ae5c</run_address>
         <size>0x54</size>
         <input_file_ref idref="fl-f1"/>
      </object_component>
      <object_component id="oc-71">
         <name>.text</name>
         <load_address>0x2000aeb0</load_address>
         <run_address>0x2000aeb0</run_address>
         <size>0x54</size>
         <input_file_ref idref="fl-c8"/>
      </object_component>
      <object_component id="oc-591">
         <name>.text</name>
         <load_address>0x2000af04</load_address>
         <run_address>0x2000af04</run_address>
         <size>0x54</size>
         <input_file_ref idref="fl-e2"/>
      </object_component>
      <object_component id="oc-792">
         <name>.text:_sl_HandleAsync_Stop</name>
         <load_address>0x2000af58</load_address>
         <run_address>0x2000af58</run_address>
         <size>0x50</size>
         <input_file_ref idref="fl-ec"/>
      </object_component>
      <object_component id="oc-438">
         <name>.text:SPIIntEnable</name>
         <load_address>0x2000afa8</load_address>
         <run_address>0x2000afa8</run_address>
         <size>0x4c</size>
         <input_file_ref idref="fl-f8"/>
      </object_component>
      <object_component id="oc-645">
         <name>.text:SPIIntNumberGet</name>
         <load_address>0x2000aff4</load_address>
         <run_address>0x2000aff4</run_address>
         <size>0x4c</size>
         <input_file_ref idref="fl-f8"/>
      </object_component>
      <object_component id="oc-21c">
         <name>.text:_SlDrvProtectAsyncRespSetting</name>
         <load_address>0x2000b040</load_address>
         <run_address>0x2000b040</run_address>
         <size>0x4c</size>
         <input_file_ref idref="fl-ed"/>
      </object_component>
      <object_component id="oc-34b">
         <name>.text:_sl_BuildAddress</name>
         <load_address>0x2000b08c</load_address>
         <run_address>0x2000b08c</run_address>
         <size>0x4c</size>
         <input_file_ref idref="fl-f1"/>
      </object_component>
      <object_component id="oc-5b3">
         <name>.text</name>
         <load_address>0x2000b0d8</load_address>
         <run_address>0x2000b0d8</run_address>
         <size>0x4c</size>
         <input_file_ref idref="fl-d7"/>
      </object_component>
      <object_component id="oc-9a">
         <name>.text</name>
         <load_address>0x2000b124</load_address>
         <run_address>0x2000b124</run_address>
         <size>0x4c</size>
         <input_file_ref idref="fl-d9"/>
      </object_component>
      <object_component id="oc-5ea">
         <name>.text:uDMAChannelAssign</name>
         <load_address>0x2000b170</load_address>
         <run_address>0x2000b170</run_address>
         <size>0x4c</size>
         <input_file_ref idref="fl-fb"/>
      </object_component>
      <object_component id="oc-610">
         <name>.text:SPIIntClear</name>
         <load_address>0x2000b1bc</load_address>
         <run_address>0x2000b1bc</run_address>
         <size>0x48</size>
         <input_file_ref idref="fl-f8"/>
      </object_component>
      <object_component id="oc-2aa">
         <name>.text:_SlDrvBasicCmd</name>
         <load_address>0x2000b204</load_address>
         <run_address>0x2000b204</run_address>
         <size>0x48</size>
         <input_file_ref idref="fl-ed"/>
      </object_component>
      <object_component id="oc-58c">
         <name>.text</name>
         <load_address>0x2000b24c</load_address>
         <run_address>0x2000b24c</run_address>
         <size>0x48</size>
         <input_file_ref idref="fl-e0"/>
      </object_component>
      <object_component id="oc-5ff">
         <name>.text:SPIDmaMaskGet</name>
         <load_address>0x2000b294</load_address>
         <run_address>0x2000b294</run_address>
         <size>0x44</size>
         <input_file_ref idref="fl-f8"/>
      </object_component>
      <object_component id="oc-736">
         <name>.text:TimerConfigure</name>
         <load_address>0x2000b2d8</load_address>
         <run_address>0x2000b2d8</run_address>
         <size>0x44</size>
         <input_file_ref idref="fl-f9"/>
      </object_component>
      <object_component id="oc-234">
         <name>.text:_SlDrvSyncObjWaitTimeout</name>
         <load_address>0x2000b31c</load_address>
         <run_address>0x2000b31c</run_address>
         <size>0x44</size>
         <input_file_ref idref="fl-ed"/>
      </object_component>
      <object_component id="oc-72a">
         <name>.text:cc_SetupTransfer</name>
         <load_address>0x2000b360</load_address>
         <run_address>0x2000b360</run_address>
         <size>0x44</size>
         <input_file_ref idref="fl-f3"/>
      </object_component>
      <object_component id="oc-142">
         <name>.text:sl_Htonl</name>
         <load_address>0x2000b3a4</load_address>
         <run_address>0x2000b3a4</run_address>
         <size>0x42</size>
         <input_file_ref idref="fl-f1"/>
      </object_component>
      <object_component id="oc-394">
         <name>.text:PinModeSet</name>
         <load_address>0x2000b3e8</load_address>
         <run_address>0x2000b3e8</run_address>
         <size>0x40</size>
         <input_file_ref idref="fl-f6"/>
      </object_component>
      <object_component id="oc-345">
         <name>.text:_sl_TruncatePayloadByProtocol</name>
         <load_address>0x2000b428</load_address>
         <run_address>0x2000b428</run_address>
         <size>0x40</size>
         <input_file_ref idref="fl-f1"/>
      </object_component>
      <object_component id="oc-24">
         <name>.text</name>
         <load_address>0x2000b468</load_address>
         <run_address>0x2000b468</run_address>
         <size>0x40</size>
         <input_file_ref idref="fl-c4"/>
      </object_component>
      <object_component id="oc-130">
         <name>.text</name>
         <load_address>0x2000b4a8</load_address>
         <run_address>0x2000b4a8</run_address>
         <size>0x40</size>
         <input_file_ref idref="fl-d1"/>
      </object_component>
      <object_component id="oc-228">
         <name>.text:NwpRegisterInterruptHandler</name>
         <load_address>0x2000b4e8</load_address>
         <run_address>0x2000b4e8</run_address>
         <size>0x3e</size>
         <input_file_ref idref="fl-f3"/>
      </object_component>
      <object_component id="oc-777">
         <name>.text:CopyPingResultsToReport</name>
         <load_address>0x2000b526</load_address>
         <run_address>0x2000b526</run_address>
         <size>0x3c</size>
         <input_file_ref idref="fl-ee"/>
      </object_component>
      <object_component id="oc-324">
         <name>.text:PRCMPeripheralClkEnable</name>
         <load_address>0x2000b564</load_address>
         <run_address>0x2000b564</run_address>
         <size>0x3c</size>
         <input_file_ref idref="fl-f7"/>
      </object_component>
      <object_component id="oc-6f0">
         <name>.text:simplelink_timerA2_start</name>
         <load_address>0x2000b5a0</load_address>
         <run_address>0x2000b5a0</run_address>
         <size>0x3c</size>
         <input_file_ref idref="fl-f3"/>
      </object_component>
      <object_component id="oc-13c">
         <name>.text:sl_Htons</name>
         <load_address>0x2000b5dc</load_address>
         <run_address>0x2000b5dc</run_address>
         <size>0x3c</size>
         <input_file_ref idref="fl-f1"/>
      </object_component>
      <object_component id="oc-79a">
         <name>.text:uDMAChannelControlSet</name>
         <load_address>0x2000b618</load_address>
         <run_address>0x2000b618</run_address>
         <size>0x3c</size>
         <input_file_ref idref="fl-fb"/>
      </object_component>
      <object_component id="oc-222">
         <name>.text:NwpPowerOff</name>
         <load_address>0x2000b654</load_address>
         <run_address>0x2000b654</run_address>
         <size>0x38</size>
         <input_file_ref idref="fl-f3"/>
      </object_component>
      <object_component id="oc-10b">
         <name>.text:sl_WlanDisconnect</name>
         <load_address>0x2000b68c</load_address>
         <run_address>0x2000b68c</run_address>
         <size>0x38</size>
         <input_file_ref idref="fl-f2"/>
      </object_component>
      <object_component id="oc-40e">
         <name>.text:PRCMPeripheralStatusGet</name>
         <load_address>0x2000b6c4</load_address>
         <run_address>0x2000b6c4</run_address>
         <size>0x34</size>
         <input_file_ref idref="fl-f7"/>
      </object_component>
      <object_component id="oc-426">
         <name>.text:SPIFIFOLevelSet</name>
         <load_address>0x2000b6f8</load_address>
         <run_address>0x2000b6f8</run_address>
         <size>0x34</size>
         <input_file_ref idref="fl-f8"/>
      </object_component>
      <object_component id="oc-3b3">
         <name>.text:UARTDisable</name>
         <load_address>0x2000b72c</load_address>
         <run_address>0x2000b72c</run_address>
         <size>0x30</size>
         <input_file_ref idref="fl-fa"/>
      </object_component>
      <object_component id="oc-597">
         <name>.text</name>
         <load_address>0x2000b75c</load_address>
         <run_address>0x2000b75c</run_address>
         <size>0x2e</size>
         <input_file_ref idref="fl-e1"/>
      </object_component>
      <object_component id="oc-30c">
         <name>.text:I2CMasterErr</name>
         <load_address>0x2000b78a</load_address>
         <run_address>0x2000b78a</run_address>
         <size>0x2c</size>
         <input_file_ref idref="fl-f4"/>
      </object_component>
      <object_component id="oc-22e">
         <name>.text:NwpPowerOn</name>
         <load_address>0x2000b7b8</load_address>
         <run_address>0x2000b7b8</run_address>
         <size>0x2c</size>
         <input_file_ref idref="fl-f3"/>
      </object_component>
      <object_component id="oc-370">
         <name>.text:PRCMSysResetCauseGet</name>
         <load_address>0x2000b7e4</load_address>
         <run_address>0x2000b7e4</run_address>
         <size>0x2c</size>
         <input_file_ref idref="fl-f7"/>
      </object_component>
      <object_component id="oc-4bf">
         <name>.text:_SlDrvObjGlobalLockWaitForever</name>
         <load_address>0x2000b810</load_address>
         <run_address>0x2000b810</run_address>
         <size>0x2c</size>
         <input_file_ref idref="fl-ed"/>
      </object_component>
      <object_component id="oc-45d">
         <name>.text:_SlDrvProtectionObjLockWaitForever</name>
         <load_address>0x2000b83c</load_address>
         <run_address>0x2000b83c</run_address>
         <size>0x2c</size>
         <input_file_ref idref="fl-ed"/>
      </object_component>
      <object_component id="oc-742">
         <name>.text:TimerLoadSet</name>
         <load_address>0x2000b868</load_address>
         <run_address>0x2000b868</run_address>
         <size>0x2a</size>
         <input_file_ref idref="fl-f9"/>
      </object_component>
      <object_component id="oc-73c">
         <name>.text:TimerPrescaleSet</name>
         <load_address>0x2000b892</load_address>
         <run_address>0x2000b892</run_address>
         <size>0x2a</size>
         <input_file_ref idref="fl-f9"/>
      </object_component>
      <object_component id="oc-2cf">
         <name>.text</name>
         <load_address>0x2000b8bc</load_address>
         <run_address>0x2000b8bc</run_address>
         <size>0x2a</size>
         <input_file_ref idref="fl-e9"/>
      </object_component>
      <object_component id="oc-336">
         <name>.text:PRCMPeripheralClkDisable</name>
         <load_address>0x2000b8e8</load_address>
         <run_address>0x2000b8e8</run_address>
         <size>0x28</size>
         <input_file_ref idref="fl-f7"/>
      </object_component>
      <object_component id="oc-4c5">
         <name>.text:_SlDrvGlobalObjUnLock</name>
         <load_address>0x2000b910</load_address>
         <run_address>0x2000b910</run_address>
         <size>0x28</size>
         <input_file_ref idref="fl-ed"/>
      </object_component>
      <object_component id="oc-463">
         <name>.text:_SlDrvProtectionObjUnLock</name>
         <load_address>0x2000b938</load_address>
         <run_address>0x2000b938</run_address>
         <size>0x28</size>
         <input_file_ref idref="fl-ed"/>
      </object_component>
      <object_component id="oc-551">
         <name>.text:_SlDrvSyncObjWaitForever</name>
         <load_address>0x2000b960</load_address>
         <run_address>0x2000b960</run_address>
         <size>0x28</size>
         <input_file_ref idref="fl-ed"/>
      </object_component>
      <object_component id="oc-545">
         <name>.text:_SlDrvObjLockWaitForever</name>
         <load_address>0x2000b988</load_address>
         <run_address>0x2000b988</run_address>
         <size>0x26</size>
         <input_file_ref idref="fl-ed"/>
      </object_component>
      <object_component id="oc-44a">
         <name>.text:DmaSpiSwIntHandler</name>
         <load_address>0x2000b9b0</load_address>
         <run_address>0x2000b9b0</run_address>
         <size>0x24</size>
         <input_file_ref idref="fl-f3"/>
      </object_component>
      <object_component id="oc-477">
         <name>.text:IntUnregister</name>
         <load_address>0x2000b9d4</load_address>
         <run_address>0x2000b9d4</run_address>
         <size>0x24</size>
         <input_file_ref idref="fl-f5"/>
      </object_component>
      <object_component id="oc-3b9">
         <name>.text:UARTEnable</name>
         <load_address>0x2000b9f8</load_address>
         <run_address>0x2000b9f8</run_address>
         <size>0x24</size>
         <input_file_ref idref="fl-fa"/>
      </object_component>
      <object_component id="oc-1f3">
         <name>.text</name>
         <load_address>0x2000ba1c</load_address>
         <run_address>0x2000ba1c</run_address>
         <size>0x24</size>
         <input_file_ref idref="fl-ca"/>
      </object_component>
      <object_component id="oc-2d5">
         <name>.text</name>
         <load_address>0x2000ba40</load_address>
         <run_address>0x2000ba40</run_address>
         <size>0x24</size>
         <input_file_ref idref="fl-e8"/>
      </object_component>
      <object_component id="oc-312">
         <name>.text:I2CMasterSlaveAddrSet</name>
         <load_address>0x2000ba64</load_address>
         <run_address>0x2000ba64</run_address>
         <size>0x22</size>
         <input_file_ref idref="fl-f4"/>
      </object_component>
      <object_component id="oc-402">
         <name>.text:SPIReset</name>
         <load_address>0x2000ba86</load_address>
         <run_address>0x2000ba86</run_address>
         <size>0x22</size>
         <input_file_ref idref="fl-f8"/>
      </object_component>
      <object_component id="oc-6ce">
         <name>.text:SPIWordCountSet</name>
         <load_address>0x2000baa8</load_address>
         <run_address>0x2000baa8</run_address>
         <size>0x22</size>
         <input_file_ref idref="fl-f8"/>
      </object_component>
      <object_component id="oc-42c">
         <name>.text:IntRegister</name>
         <load_address>0x2000bacc</load_address>
         <run_address>0x2000bacc</run_address>
         <size>0x20</size>
         <input_file_ref idref="fl-f5"/>
      </object_component>
      <object_component id="oc-278">
         <name>.text:NwpPrePowerOffTimout0</name>
         <load_address>0x2000baec</load_address>
         <run_address>0x2000baec</run_address>
         <size>0x20</size>
         <input_file_ref idref="fl-f3"/>
      </object_component>
      <object_component id="oc-691">
         <name>.text:TimerGetCurrentTimestamp</name>
         <load_address>0x2000bb0c</load_address>
         <run_address>0x2000bb0c</run_address>
         <size>0x20</size>
         <input_file_ref idref="fl-f3"/>
      </object_component>
      <object_component id="oc-54b">
         <name>.text:_SlDrvObjUnLock</name>
         <load_address>0x2000bb2c</load_address>
         <run_address>0x2000bb2c</run_address>
         <size>0x20</size>
         <input_file_ref idref="fl-ed"/>
      </object_component>
      <object_component id="oc-498">
         <name>.text:_SlDrvSyncObjSignal</name>
         <load_address>0x2000bb4c</load_address>
         <run_address>0x2000bb4c</run_address>
         <size>0x20</size>
         <input_file_ref idref="fl-ed"/>
      </object_component>
      <object_component id="oc-2f4">
         <name>.text:I2CMasterIntStatusEx</name>
         <load_address>0x2000bb6c</load_address>
         <run_address>0x2000bb6c</run_address>
         <size>0x1e</size>
         <input_file_ref idref="fl-f4"/>
      </object_component>
      <object_component id="oc-748">
         <name>.text:TimerEnable</name>
         <load_address>0x2000bb8a</load_address>
         <run_address>0x2000bb8a</run_address>
         <size>0x1e</size>
         <input_file_ref idref="fl-f9"/>
      </object_component>
      <object_component id="oc-1db">
         <name>.text:UARTCharPut</name>
         <load_address>0x2000bba8</load_address>
         <run_address>0x2000bba8</run_address>
         <size>0x1e</size>
         <input_file_ref idref="fl-fa"/>
      </object_component>
      <object_component id="oc-414">
         <name>.text:cc_UDMAChannelSelect</name>
         <load_address>0x2000bbc6</load_address>
         <run_address>0x2000bbc6</run_address>
         <size>0x1e</size>
         <input_file_ref idref="fl-f3"/>
      </object_component>
      <object_component id="oc-39a">
         <name>.text:PinTypeI2C</name>
         <load_address>0x2000bbe4</load_address>
         <run_address>0x2000bbe4</run_address>
         <size>0x1c</size>
         <input_file_ref idref="fl-f6"/>
      </object_component>
      <object_component id="oc-6f6">
         <name>.text:TimerValueGet</name>
         <load_address>0x2000bc00</load_address>
         <run_address>0x2000bc00</run_address>
         <size>0x1c</size>
         <input_file_ref idref="fl-f9"/>
      </object_component>
      <object_component id="oc-1ed">
         <name>.text:UARTCharGetNonBlocking</name>
         <load_address>0x2000bc1c</load_address>
         <run_address>0x2000bc1c</run_address>
         <size>0x1c</size>
         <input_file_ref idref="fl-fa"/>
      </object_component>
      <object_component id="oc-5d3">
         <name>.text:_SlDrvStartMeasureTimeout</name>
         <load_address>0x2000bc38</load_address>
         <run_address>0x2000bc38</run_address>
         <size>0x1c</size>
         <input_file_ref idref="fl-ed"/>
      </object_component>
      <object_component id="oc-5b9">
         <name>.text</name>
         <load_address>0x2000bc54</load_address>
         <run_address>0x2000bc54</run_address>
         <size>0x1c</size>
         <input_file_ref idref="fl-e3"/>
      </object_component>
      <object_component id="oc-7ac">
         <name>.text:uDMAChannelEnable</name>
         <load_address>0x2000bc70</load_address>
         <run_address>0x2000bc70</run_address>
         <size>0x1c</size>
         <input_file_ref idref="fl-fb"/>
      </object_component>
      <object_component id="oc-3a0">
         <name>.text:PinTypeUART</name>
         <load_address>0x2000bc8c</load_address>
         <run_address>0x2000bc8c</run_address>
         <size>0x1a</size>
         <input_file_ref idref="fl-f6"/>
      </object_component>
      <object_component id="oc-4e9">
         <name>.text:SPIDmaDisable</name>
         <load_address>0x2000bca6</load_address>
         <run_address>0x2000bca6</run_address>
         <size>0x1a</size>
         <input_file_ref idref="fl-f8"/>
      </object_component>
      <object_component id="oc-420">
         <name>.text:SPIDmaEnable</name>
         <load_address>0x2000bcc0</load_address>
         <run_address>0x2000bcc0</run_address>
         <size>0x1a</size>
         <input_file_ref idref="fl-f8"/>
      </object_component>
      <object_component id="oc-4e3">
         <name>.text:SPIFIFODisable</name>
         <load_address>0x2000bcda</load_address>
         <run_address>0x2000bcda</run_address>
         <size>0x1a</size>
         <input_file_ref idref="fl-f8"/>
      </object_component>
      <object_component id="oc-41a">
         <name>.text:SPIFIFOEnable</name>
         <load_address>0x2000bcf4</load_address>
         <run_address>0x2000bcf4</run_address>
         <size>0x1a</size>
         <input_file_ref idref="fl-f8"/>
      </object_component>
      <object_component id="oc-4dd">
         <name>.text:SPIIntUnregister</name>
         <load_address>0x2000bd0e</load_address>
         <run_address>0x2000bd0e</run_address>
         <size>0x1a</size>
         <input_file_ref idref="fl-f8"/>
      </object_component>
      <object_component id="oc-3f6">
         <name>.text:SPICSDisable</name>
         <load_address>0x2000bd28</load_address>
         <run_address>0x2000bd28</run_address>
         <size>0x18</size>
         <input_file_ref idref="fl-f8"/>
      </object_component>
      <object_component id="oc-6c8">
         <name>.text:SPICSEnable</name>
         <load_address>0x2000bd40</load_address>
         <run_address>0x2000bd40</run_address>
         <size>0x18</size>
         <input_file_ref idref="fl-f8"/>
      </object_component>
      <object_component id="oc-3fc">
         <name>.text:SPIDisable</name>
         <load_address>0x2000bd58</load_address>
         <run_address>0x2000bd58</run_address>
         <size>0x18</size>
         <input_file_ref idref="fl-f8"/>
      </object_component>
      <object_component id="oc-43e">
         <name>.text:SPIEnable</name>
         <load_address>0x2000bd70</load_address>
         <run_address>0x2000bd70</run_address>
         <size>0x18</size>
         <input_file_ref idref="fl-f8"/>
      </object_component>
      <object_component id="oc-1e7">
         <name>.text:UARTCharsAvail</name>
         <load_address>0x2000bd88</load_address>
         <run_address>0x2000bd88</run_address>
         <size>0x18</size>
         <input_file_ref idref="fl-fa"/>
      </object_component>
      <object_component id="oc-3e5">
         <name>.text:_SlNonOsSemSet</name>
         <load_address>0x2000bda0</load_address>
         <run_address>0x2000bda0</run_address>
         <size>0x18</size>
         <input_file_ref idref="fl-f0"/>
      </object_component>
      <object_component id="oc-240">
         <name>.text:_sl_GetStartResponseConvert</name>
         <load_address>0x2000bdb8</load_address>
         <run_address>0x2000bdb8</run_address>
         <size>0x18</size>
         <input_file_ref idref="fl-ec"/>
      </object_component>
      <object_component id="oc-6b">
         <name>.text</name>
         <load_address>0x2000bdd0</load_address>
         <run_address>0x2000bdd0</run_address>
         <size>0x18</size>
         <input_file_ref idref="fl-d6"/>
      </object_component>
      <object_component id="oc-318">
         <name>.text:I2CMasterDataPut</name>
         <load_address>0x2000bde8</load_address>
         <run_address>0x2000bde8</run_address>
         <size>0x16</size>
         <input_file_ref idref="fl-f4"/>
      </object_component>
      <object_component id="oc-534">
         <name>.text:I2CMasterEnable</name>
         <load_address>0x2000bdfe</load_address>
         <run_address>0x2000bdfe</run_address>
         <size>0x16</size>
         <input_file_ref idref="fl-f4"/>
      </object_component>
      <object_component id="oc-376">
         <name>.text:PRCMHIBRegRead</name>
         <load_address>0x2000be14</load_address>
         <run_address>0x2000be14</run_address>
         <size>0x16</size>
         <input_file_ref idref="fl-f7"/>
      </object_component>
      <object_component id="oc-37c">
         <name>.text:PRCMHIBRegWrite</name>
         <load_address>0x2000be2a</load_address>
         <run_address>0x2000be2a</run_address>
         <size>0x16</size>
         <input_file_ref idref="fl-f7"/>
      </object_component>
      <object_component id="oc-3df">
         <name>.text:_SlDrvMemZero</name>
         <load_address>0x2000be40</load_address>
         <run_address>0x2000be40</run_address>
         <size>0x16</size>
         <input_file_ref idref="fl-ed"/>
      </object_component>
      <object_component id="oc-5ad">
         <name>.text</name>
         <load_address>0x2000be56</load_address>
         <run_address>0x2000be56</run_address>
         <size>0x16</size>
         <input_file_ref idref="fl-e7"/>
      </object_component>
      <object_component id="oc-360">
         <name>.text:CPUcpsie</name>
         <load_address>0x2000be6c</load_address>
         <run_address>0x2000be6c</run_address>
         <size>0x14</size>
         <input_file_ref idref="fl-fd"/>
      </object_component>
      <object_component id="oc-167">
         <name>.text:IntVTableBaseSet</name>
         <load_address>0x2000be80</load_address>
         <run_address>0x2000be80</run_address>
         <size>0x14</size>
         <input_file_ref idref="fl-f5"/>
      </object_component>
      <object_component id="oc-1b7">
         <name>.text</name>
         <load_address>0x2000be94</load_address>
         <run_address>0x2000be94</run_address>
         <size>0x14</size>
         <input_file_ref idref="fl-d4"/>
      </object_component>
      <object_component id="oc-154">
         <name>.text</name>
         <load_address>0x2000bea8</load_address>
         <run_address>0x2000bea8</run_address>
         <size>0x14</size>
         <input_file_ref idref="fl-d0"/>
      </object_component>
      <object_component id="oc-306">
         <name>.text:I2CMasterControl</name>
         <load_address>0x2000bebc</load_address>
         <run_address>0x2000bebc</run_address>
         <size>0x12</size>
         <input_file_ref idref="fl-f4"/>
      </object_component>
      <object_component id="oc-2fa">
         <name>.text:I2CMasterIntClearEx</name>
         <load_address>0x2000bece</load_address>
         <run_address>0x2000bece</run_address>
         <size>0x12</size>
         <input_file_ref idref="fl-f4"/>
      </object_component>
      <object_component id="oc-300">
         <name>.text:I2CMasterTimeoutSet</name>
         <load_address>0x2000bee0</load_address>
         <run_address>0x2000bee0</run_address>
         <size>0x12</size>
         <input_file_ref idref="fl-f4"/>
      </object_component>
      <object_component id="oc-76a">
         <name>.text:_SlDrvDispatchHttpServerEvents</name>
         <load_address>0x2000bef2</load_address>
         <run_address>0x2000bef2</run_address>
         <size>0x10</size>
         <input_file_ref idref="fl-ed"/>
      </object_component>
      <object_component id="oc-31e">
         <name>.text:I2CMasterDataGet</name>
         <load_address>0x2000bf02</load_address>
         <run_address>0x2000bf02</run_address>
         <size>0xe</size>
         <input_file_ref idref="fl-f4"/>
      </object_component>
      <object_component id="oc-293">
         <name>.text:_SlDrvResetCmdExt</name>
         <load_address>0x2000bf10</load_address>
         <run_address>0x2000bf10</run_address>
         <size>0xe</size>
         <input_file_ref idref="fl-ed"/>
      </object_component>
      <object_component id="oc-18">
         <name>.text:decompress:none</name>
         <load_address>0x2000bf1e</load_address>
         <run_address>0x2000bf1e</run_address>
         <size>0xe</size>
         <input_file_ref idref="fl-c6"/>
      </object_component>
      <object_component id="oc-2d">
         <name>.text</name>
         <load_address>0x2000bf2c</load_address>
         <run_address>0x2000bf2c</run_address>
         <size>0xe</size>
         <input_file_ref idref="fl-6"/>
      </object_component>
      <object_component id="oc-46a">
         <name>.text:NwpMaskInterrupt</name>
         <load_address>0x2000bf3c</load_address>
         <run_address>0x2000bf3c</run_address>
         <size>0xc</size>
         <input_file_ref idref="fl-f3"/>
      </object_component>
      <object_component id="oc-484">
         <name>.text:NwpUnMaskInterrupt</name>
         <load_address>0x2000bf48</load_address>
         <run_address>0x2000bf48</run_address>
         <size>0xc</size>
         <input_file_ref idref="fl-f3"/>
      </object_component>
      <object_component id="oc-1e">
         <name>.text:decompress:ZI</name>
         <load_address>0x2000bf54</load_address>
         <run_address>0x2000bf54</run_address>
         <size>0xc</size>
         <input_file_ref idref="fl-c7"/>
      </object_component>
      <object_component id="oc-16d">
         <name>.text:IntMasterEnable</name>
         <load_address>0x2000bf60</load_address>
         <run_address>0x2000bf60</run_address>
         <size>0xa</size>
         <input_file_ref idref="fl-f5"/>
      </object_component>
      <object_component id="oc-67c">
         <name>.text</name>
         <load_address>0x2000bf6a</load_address>
         <run_address>0x2000bf6a</run_address>
         <size>0x8</size>
         <input_file_ref idref="fl-eb"/>
      </object_component>
      <object_component id="oc-166">
         <name>.text:UtilsDelay</name>
         <load_address>0x2000bf72</load_address>
         <run_address>0x2000bf72</run_address>
         <size>0x6</size>
         <input_file_ref idref="fl-fc"/>
      </object_component>
      <object_component id="oc-5f">
         <name>.text</name>
         <load_address>0x2000bf78</load_address>
         <run_address>0x2000bf78</run_address>
         <size>0x4</size>
         <input_file_ref idref="fl-ce"/>
      </object_component>
      <object_component id="oc-2e0">
         <name>.const:.string:_ctypes_</name>
         <load_address>0x2000bf7c</load_address>
         <run_address>0x2000bf7c</run_address>
         <size>0x101</size>
         <input_file_ref idref="fl-da"/>
      </object_component>
      <object_component id="oc-563">
         <name>.const:g_ulPinToPadMap</name>
         <load_address>0x2000c080</load_address>
         <run_address>0x2000c080</run_address>
         <size>0x100</size>
         <input_file_ref idref="fl-f6"/>
      </object_component>
      <object_component id="oc-5fb">
         <name>.const:g_pulRegs</name>
         <load_address>0x2000c180</load_address>
         <run_address>0x2000c180</run_address>
         <size>0xd4</size>
         <input_file_ref idref="fl-f5"/>
      </object_component>
      <object_component id="oc-52e">
         <name>.const:PRCM_PeriphRegsList</name>
         <load_address>0x2000c254</load_address>
         <run_address>0x2000c254</run_address>
         <size>0xa8</size>
         <input_file_ref idref="fl-f7"/>
      </object_component>
      <object_component id="oc-36c">
         <name>.const</name>
         <load_address>0x2000c2fc</load_address>
         <run_address>0x2000c2fc</run_address>
         <size>0x80</size>
         <input_file_ref idref="fl-f5"/>
      </object_component>
      <object_component id="oc-6be">
         <name>.const:OpcodeTranslateTable</name>
         <load_address>0x2000c37c</load_address>
         <run_address>0x2000c37c</run_address>
         <size>0x3c</size>
         <input_file_ref idref="fl-ed"/>
      </object_component>
      <object_component id="oc-724">
         <name>.const:_SlActionLookupTable</name>
         <load_address>0x2000c3b8</load_address>
         <run_address>0x2000c3b8</run_address>
         <size>0x38</size>
         <input_file_ref idref="fl-ed"/>
      </object_component>
      <object_component id="oc-123">
         <name>.const:$P$T1$2</name>
         <load_address>0x2000c3f0</load_address>
         <run_address>0x2000c3f0</run_address>
         <size>0x2c</size>
         <input_file_ref idref="fl-3"/>
      </object_component>
      <object_component id="oc-6dd">
         <name>.const:g_ppulSPIIntMap</name>
         <load_address>0x2000c41c</load_address>
         <run_address>0x2000c41c</run_address>
         <size>0x24</size>
         <input_file_ref idref="fl-f8"/>
      </object_component>
      <object_component id="oc-12f">
         <name>.const:.string:$P$T0$1</name>
         <load_address>0x2000c440</load_address>
         <run_address>0x2000c440</run_address>
         <size>0x22</size>
         <input_file_ref idref="fl-3"/>
      </object_component>
      <object_component id="oc-191">
         <name>.const:.string:$P$T5$6</name>
         <load_address>0x2000c462</load_address>
         <run_address>0x2000c462</run_address>
         <size>0x21</size>
         <input_file_ref idref="fl-3"/>
      </object_component>
      <object_component id="oc-707">
         <name>.const:RxMsgClassLUT</name>
         <load_address>0x2000c484</load_address>
         <run_address>0x2000c484</run_address>
         <size>0x20</size>
         <input_file_ref idref="fl-ed"/>
      </object_component>
      <object_component id="oc-69f">
         <name>.const</name>
         <load_address>0x2000c4a4</load_address>
         <run_address>0x2000c4a4</run_address>
         <size>0x18</size>
         <input_file_ref idref="fl-f8"/>
      </object_component>
      <object_component id="oc-700">
         <name>.const:$P$T0$1</name>
         <load_address>0x2000c4bc</load_address>
         <run_address>0x2000c4bc</run_address>
         <size>0x14</size>
         <input_file_ref idref="fl-ed"/>
      </object_component>
      <object_component id="oc-5df">
         <name>.const:$P$T0$1</name>
         <load_address>0x2000c4d0</load_address>
         <run_address>0x2000c4d0</run_address>
         <size>0x14</size>
         <input_file_ref idref="fl-f0"/>
      </object_component>
      <object_component id="oc-126">
         <name>.const:$P$T2$3</name>
         <load_address>0x2000c4e4</load_address>
         <run_address>0x2000c4e4</run_address>
         <size>0x14</size>
         <input_file_ref idref="fl-3"/>
      </object_component>
      <object_component id="oc-195">
         <name>.const:$P$T6$7</name>
         <load_address>0x2000c4f8</load_address>
         <run_address>0x2000c4f8</run_address>
         <size>0x10</size>
         <input_file_ref idref="fl-3"/>
      </object_component>
      <object_component id="oc-540">
         <name>.const:.string:_SlPayloadByProtocolLUT</name>
         <load_address>0x2000c508</load_address>
         <run_address>0x2000c508</run_address>
         <size>0x10</size>
         <input_file_ref idref="fl-f1"/>
      </object_component>
      <object_component id="oc-194">
         <name>.const:.string:$P$T4$5</name>
         <load_address>0x2000c518</load_address>
         <run_address>0x2000c518</run_address>
         <size>0xe</size>
         <input_file_ref idref="fl-3"/>
      </object_component>
      <object_component id="oc-17f">
         <name>.const:.string:$P$T3$4</name>
         <load_address>0x2000c526</load_address>
         <run_address>0x2000c526</run_address>
         <size>0xc</size>
         <input_file_ref idref="fl-3"/>
      </object_component>
      <object_component id="oc-49f">
         <name>.const:StartResponseLUT</name>
         <load_address>0x2000c532</load_address>
         <run_address>0x2000c532</run_address>
         <size>0x8</size>
         <input_file_ref idref="fl-ec"/>
      </object_component>
      <object_component id="oc-703">
         <name>.const:g_H2NCnysPattern</name>
         <load_address>0x2000c53c</load_address>
         <run_address>0x2000c53c</run_address>
         <size>0x8</size>
         <input_file_ref idref="fl-ed"/>
      </object_component>
      <object_component id="oc-640">
         <name>.const:g_H2NSyncPattern</name>
         <load_address>0x2000c544</load_address>
         <run_address>0x2000c544</run_address>
         <size>0x8</size>
         <input_file_ref idref="fl-ed"/>
      </object_component>
      <object_component id="oc-357">
         <name>.const:$P$T1$2</name>
         <load_address>0x2000c54c</load_address>
         <run_address>0x2000c54c</run_address>
         <size>0x4</size>
         <input_file_ref idref="fl-f1"/>
      </object_component>
      <object_component id="oc-299">
         <name>.const:_SlDeviceGetCmdCtrl</name>
         <load_address>0x2000c550</load_address>
         <run_address>0x2000c550</run_address>
         <size>0x4</size>
         <input_file_ref idref="fl-ec"/>
      </object_component>
      <object_component id="oc-7c7">
         <name>.const:_SlNetAppSendTokenValueCmdCtrl</name>
         <load_address>0x2000c554</load_address>
         <run_address>0x2000c554</run_address>
         <size>0x4</size>
         <input_file_ref idref="fl-ee"/>
      </object_component>
      <object_component id="oc-3a7">
         <name>.const:_SlNetCfgGetCmdCtrl</name>
         <load_address>0x2000c558</load_address>
         <run_address>0x2000c558</run_address>
         <size>0x4</size>
         <input_file_ref idref="fl-ef"/>
      </object_component>
      <object_component id="oc-2b1">
         <name>.const:_SlNetCfgSetCmdCtrl</name>
         <load_address>0x2000c55c</load_address>
         <run_address>0x2000c55c</run_address>
         <size>0x4</size>
         <input_file_ref idref="fl-ef"/>
      </object_component>
      <object_component id="oc-2a2">
         <name>.const:_SlPolicySetCmdCtrl</name>
         <load_address>0x2000c560</load_address>
         <run_address>0x2000c560</run_address>
         <size>0x4</size>
         <input_file_ref idref="fl-f2"/>
      </object_component>
      <object_component id="oc-2a6">
         <name>.const:_SlProfileDelCmdCtrl</name>
         <load_address>0x2000c564</load_address>
[...]
         <object_component_ref idref="oc-551"/>
      </symbol>
      <symbol id="sm-9ff">
         <name>g_SlDeviceStatus</name>
         <value>0x20017aa8</value>
         <object_component_ref idref="oc-249"/>
      </symbol>
      <symbol id="sm-a00">
         <name>_SlDrvCmdSend</name>
         <value>0x2000a855</value>
         <object_component_ref idref="oc-7c1"/>
      </symbol>
      <symbol id="sm-a01">
         <name>_SlActionLookupTable</name>
         <value>0x2000c3b8</value>
         <object_component_ref idref="oc-724"/>
      </symbol>
      <symbol id="sm-a88">
         <name>sl_NetAppMDNSUnRegisterService</name>
         <value>0x2000aa5d</value>
         <object_component_ref idref="oc-11d"/>
      </symbol>
      <symbol id="sm-a89">
         <name>_SlNetAppSendTokenValueCmdCtrl</name>
         <value>0x2000c554</value>
         <object_component_ref idref="oc-7c7"/>
      </symbol>
      <symbol id="sm-a8a">
         <name>_sl_HandleAsync_DnsGetHostByName</name>
         <value>0x20009cf5</value>
         <object_component_ref idref="oc-75e"/>
      </symbol>
      <symbol id="sm-a8b">
         <name>_sl_HandleAsync_PingResponse</name>
         <value>0x20009d85</value>
         <object_component_ref idref="oc-710"/>
      </symbol>
      <symbol id="sm-a8c">
         <name>_SlDrvNetAppEventHandler</name>
         <value>0x20008739</value>
         <object_component_ref idref="oc-70a"/>
      </symbol>
      <symbol id="sm-a8d">
         <name>_sl_HandleAsync_DnsGetHostByService</name>
         <value>0x20009301</value>
         <object_component_ref idref="oc-764"/>
      </symbol>
      <symbol id="sm-a8e">
         <name>_sl_NetAppSendTokenValue</name>
         <value>0x2000a8c1</value>
         <object_component_ref idref="oc-770"/>
      </symbol>
      <symbol id="sm-a8f">
         <name>sl_NetAppMDNSRegisterUnregisterService</name>
         <value>0x20008ec5</value>
         <object_component_ref idref="oc-2bf"/>
      </symbol>
      <symbol id="sm-acf">
         <name>sl_NetCfgGet</name>
         <value>0x20009085</value>
         <object_component_ref idref="oc-18b"/>
      </symbol>
      <symbol id="sm-ad0">
         <name>sl_NetCfgSet</name>
         <value>0x20009a99</value>
         <object_component_ref idref="oc-111"/>
      </symbol>
      <symbol id="sm-b18">
         <name>_SlNonOsSemSet</name>
         <value>0x2000bda1</value>
         <object_component_ref idref="oc-3e5"/>
      </symbol>
      <symbol id="sm-b19">
         <name>_SlNonOsSpawn</name>
         <value>0x2000a995</value>
         <object_component_ref idref="oc-4ac"/>
      </symbol>
      <symbol id="sm-b1a">
         <name>_SlNonOsSemGet</name>
         <value>0x2000961d</value>
         <object_component_ref idref="oc-3eb"/>
      </symbol>
      <symbol id="sm-b1b">
         <name>_SlNonOsMainLoopTask</name>
         <value>0x2000a771</value>
         <object_component_ref idref="oc-e7"/>
      </symbol>
      <symbol id="sm-b1c">
         <name>g__SlNonOsCB</name>
         <value>0x20017a48</value>
         <object_component_ref idref="oc-25e"/>
      </symbol>
      <symbol id="sm-bcb">
         <name>sl_SendTo</name>
         <value>0x20008279</value>
         <object_component_ref idref="oc-15a"/>
      </symbol>
      <symbol id="sm-bcc">
         <name>_sl_HandleAsync_Connect</name>
         <value>0x2000a485</value>
         <object_component_ref idref="oc-786"/>
      </symbol>
      <symbol id="sm-bcd">
         <name>sl_Htonl</name>
         <value>0x2000b3a5</value>
         <object_component_ref idref="oc-142"/>
      </symbol>
      <symbol id="sm-bce">
         <name>sl_Htons</name>
         <value>0x2000b5dd</value>
         <object_component_ref idref="oc-13c"/>
      </symbol>
      <symbol id="sm-bcf">
         <name>sl_Socket</name>
         <value>0x2000a0d5</value>
         <object_component_ref idref="oc-148"/>
      </symbol>
      <symbol id="sm-bd0">
         <name>_sl_HandleAsync_Select</name>
         <value>0x2000ae5d</value>
         <object_component_ref idref="oc-78c"/>
      </symbol>
      <symbol id="sm-bd1">
         <name>sl_Close</name>
         <value>0x2000ab89</value>
         <object_component_ref idref="oc-160"/>
      </symbol>
      <symbol id="sm-bd2">
         <name>_sl_HandleAsync_Accept</name>
         <value>0x2000a9f9</value>
         <object_component_ref idref="oc-780"/>
      </symbol>
      <symbol id="sm-c63">
         <name>sl_WlanDisconnect</name>
         <value>0x2000b68d</value>
         <object_component_ref idref="oc-10b"/>
      </symbol>
      <symbol id="sm-c64">
         <name>sl_WlanPolicySet</name>
         <value>0x20009e15</value>
         <object_component_ref idref="oc-ff"/>
      </symbol>
      <symbol id="sm-c65">
         <name>sl_WlanProfileDel</name>
         <value>0x2000abe9</value>
         <object_component_ref idref="oc-105"/>
      </symbol>
      <symbol id="sm-c66">
         <name>sl_WlanRxFilterSet</name>
         <value>0x2000a401</value>
         <object_component_ref idref="oc-129"/>
      </symbol>
      <symbol id="sm-c67">
         <name>sl_WlanSet</name>
         <value>0x20009b31</value>
         <object_component_ref idref="oc-117"/>
      </symbol>
      <symbol id="sm-c68">
         <name>sl_WlanSetMode</name>
         <value>0x2000ac49</value>
         <object_component_ref idref="oc-ed"/>
      </symbol>
      <symbol id="sm-d83">
         <name>g_ucDinDout</name>
         <value>0x200179e8</value>
      </symbol>
      <symbol id="sm-d84">
         <name>g_cDummy</name>
         <value>0x20017a46</value>
      </symbol>
      <symbol id="sm-d85">
         <name>NwpMaskInterrupt</name>
         <value>0x2000bf3d</value>
         <object_component_ref idref="oc-46a"/>
      </symbol>
      <symbol id="sm-d86">
         <name>NwpPrePowerOffTimout0</name>
         <value>0x2000baed</value>
         <object_component_ref idref="oc-278"/>
      </symbol>
      <symbol id="sm-d87">
         <name>NwpRegisterInterruptHandler</name>
         <value>0x2000b4e9</value>
         <object_component_ref idref="oc-228"/>
      </symbol>
      <symbol id="sm-d88">
         <name>g_pHostIntHdl</name>
         <value>0x20017ad4</value>
         <object_component_ref idref="oc-444"/>
      </symbol>
      <symbol id="sm-d89">
         <name>simplelink_timerA2_start</name>
         <value>0x2000b5a1</value>
         <object_component_ref idref="oc-6f0"/>
      </symbol>
      <symbol id="sm-d8a">
         <name>NwpUnMaskInterrupt</name>
         <value>0x2000bf49</value>
         <object_component_ref idref="oc-484"/>
      </symbol>
      <symbol id="sm-d8b">
         <name>NwpPowerOff</name>
         <value>0x2000b655</value>
         <object_component_ref idref="oc-222"/>
      </symbol>
      <symbol id="sm-d8c">
         <name>TimerGetCurrentTimestamp</name>
         <value>0x2000bb0d</value>
         <object_component_ref idref="oc-691"/>
      </symbol>
      <symbol id="sm-d8d">
         <name>spi_Read</name>
         <value>0x20008a29</value>
         <object_component_ref idref="oc-6b1"/>
      </symbol>
      <symbol id="sm-d8e">
         <name>DmaSpiSwIntHandler</name>
         <value>0x2000b9b1</value>
         <object_component_ref idref="oc-44a"/>
      </symbol>
      <symbol id="sm-d8f">
         <name>NwpPowerOn</name>
         <value>0x2000b7b9</value>
         <object_component_ref idref="oc-22e"/>
      </symbol>
      <symbol id="sm-d90">
         <name>spi_Close</name>
         <value>0x2000a681</value>
         <object_component_ref idref="oc-27e"/>
      </symbol>
      <symbol id="sm-d91">
         <name>spi_Write</name>
         <value>0x20009bc9</value>
         <object_component_ref idref="oc-63a"/>
      </symbol>
      <symbol id="sm-d92">
         <name>spi_Open</name>
         <value>0x20007fed</value>
         <object_component_ref idref="oc-216"/>
      </symbol>
      <symbol id="sm-d93">
         <name>g_ucDMAEnabled</name>
         <value>0x20017ad8</value>
         <object_component_ref idref="oc-444"/>
      </symbol>
      <symbol id="sm-d94">
         <name>g_SpiFd</name>
         <value>0x20017ad0</value>
         <object_component_ref idref="oc-444"/>
      </symbol>
      <symbol id="sm-df3">
         <name>I2CMasterDataPut</name>
         <value>0x2000bde9</value>
         <object_component_ref idref="oc-318"/>
      </symbol>
      <symbol id="sm-df4">
         <name>I2CMasterInitExpClk</name>
         <value>0x2000a37d</value>
         <object_component_ref idref="oc-330"/>
      </symbol>
      <symbol id="sm-df5">
         <name>I2CMasterIntClearEx</name>
         <value>0x2000becf</value>
         <object_component_ref idref="oc-2fa"/>
      </symbol>
      <symbol id="sm-df6">
         <name>I2CMasterSlaveAddrSet</name>
         <value>0x2000ba65</value>
         <object_component_ref idref="oc-312"/>
      </symbol>
      <symbol id="sm-df7">
         <name>I2CMasterDataGet</name>
         <value>0x2000bf03</value>
         <object_component_ref idref="oc-31e"/>
      </symbol>
      <symbol id="sm-df8">
         <name>I2CMasterErr</name>
         <value>0x2000b78b</value>
         <object_component_ref idref="oc-30c"/>
      </symbol>
      <symbol id="sm-df9">
         <name>I2CMasterTimeoutSet</name>
         <value>0x2000bee1</value>
         <object_component_ref idref="oc-300"/>
      </symbol>
      <symbol id="sm-dfa">
         <name>I2CMasterControl</name>
         <value>0x2000bebd</value>
         <object_component_ref idref="oc-306"/>
      </symbol>
      <symbol id="sm-dfb">
         <name>I2CMasterEnable</name>
         <value>0x2000bdff</value>
         <object_component_ref idref="oc-534"/>
      </symbol>
      <symbol id="sm-dfc">
         <name>I2CMasterIntStatusEx</name>
         <value>0x2000bb6d</value>
         <object_component_ref idref="oc-2f4"/>
      </symbol>
      <symbol id="sm-e82">
         <name>IntPendClear</name>
         <value>0x2000ad05</value>
         <object_component_ref idref="oc-47d"/>
      </symbol>
      <symbol id="sm-e83">
         <name>IntPrioritySet</name>
         <value>0x2000adb5</value>
         <object_component_ref idref="oc-432"/>
      </symbol>
      <symbol id="sm-e84">
         <name>IntVTableBaseSet</name>
         <value>0x2000be81</value>
         <object_component_ref idref="oc-167"/>
      </symbol>
      <symbol id="sm-e85">
         <name>IntEnable</name>
         <value>0x20009775</value>
         <object_component_ref idref="oc-173"/>
      </symbol>
      <symbol id="sm-e86">
         <name>IntDisable</name>
         <value>0x200096cd</value>
         <object_component_ref idref="oc-471"/>
      </symbol>
      <symbol id="sm-e87">
         <name>IntRegister</name>
         <value>0x2000bacd</value>
         <object_component_ref idref="oc-42c"/>
      </symbol>
      <symbol id="sm-e88">
         <name>IntUnregister</name>
         <value>0x2000b9d5</value>
         <object_component_ref idref="oc-477"/>
      </symbol>
      <symbol id="sm-e89">
         <name>IntMasterEnable</name>
         <value>0x2000bf61</value>
         <object_component_ref idref="oc-16d"/>
      </symbol>
      <symbol id="sm-ebe">
         <name>PinTypeI2C</name>
         <value>0x2000bbe5</value>
         <object_component_ref idref="oc-39a"/>
      </symbol>
      <symbol id="sm-ebf">
         <name>PinTypeUART</name>
         <value>0x2000bc8d</value>
         <object_component_ref idref="oc-3a0"/>
      </symbol>
      <symbol id="sm-ec0">
         <name>PinConfigSet</name>
         <value>0x2000a161</value>
         <object_component_ref idref="oc-567"/>
      </symbol>
      <symbol id="sm-ec1">
         <name>PinModeSet</name>
         <value>0x2000b3e9</value>
         <object_component_ref idref="oc-394"/>
      </symbol>
      <symbol id="sm-f54">
         <name>PRCMPeripheralReset</name>
         <value>0x2000ad5d</value>
         <object_component_ref idref="oc-32a"/>
      </symbol>
      <symbol id="sm-f55">
         <name>PRCMPeripheralClkEnable</name>
         <value>0x2000b565</value>
         <object_component_ref idref="oc-324"/>
      </symbol>
      <symbol id="sm-f56">
         <name>PRCMPeripheralClockGet</name>
         <value>0x20009c61</value>
         <object_component_ref idref="oc-1cf"/>
      </symbol>
      <symbol id="sm-f57">
         <name>PRCMCC3200MCUInit</name>
         <value>0x20007bb5</value>
         <object_component_ref idref="oc-179"/>
      </symbol>
      <symbol id="sm-f58">
         <name>PRCMHIBRegWrite</name>
         <value>0x2000be2b</value>
         <object_component_ref idref="oc-37c"/>
      </symbol>
      <symbol id="sm-f59">
         <name>PRCMSysResetCauseGet</name>
         <value>0x2000b7e5</value>
         <object_component_ref idref="oc-370"/>
      </symbol>
      <symbol id="sm-f5a">
         <name>PRCMPeripheralStatusGet</name>
         <value>0x2000b6c5</value>
         <object_component_ref idref="oc-40e"/>
      </symbol>
      <symbol id="sm-f5b">
         <name>PRCMPeripheralClkDisable</name>
         <value>0x2000b8e9</value>
         <object_component_ref idref="oc-336"/>
      </symbol>
      <symbol id="sm-f5c">
         <name>PRCMHIBRegRead</name>
         <value>0x2000be15</value>
         <object_component_ref idref="oc-376"/>
      </symbol>
      <symbol id="sm-1017">
         <name>SPIFIFODisable</name>
         <value>0x2000bcdb</value>
         <object_component_ref idref="oc-4e3"/>
      </symbol>
      <symbol id="sm-1018">
         <name>SPICSEnable</name>
         <value>0x2000bd41</value>
         <object_component_ref idref="oc-6c8"/>
      </symbol>
      <symbol id="sm-1019">
         <name>SPIDisable</name>
         <value>0x2000bd59</value>
         <object_component_ref idref="oc-3fc"/>
      </symbol>
      <symbol id="sm-101a">
         <name>SPIFIFOEnable</name>
         <value>0x2000bcf5</value>
         <object_component_ref idref="oc-41a"/>
      </symbol>
      <symbol id="sm-101b">
         <name>SPIWordCountSet</name>
         <value>0x2000baa9</value>
         <object_component_ref idref="oc-6ce"/>
      </symbol>
      <symbol id="sm-101c">
         <name>SPIEnable</name>
         <value>0x2000bd71</value>
         <object_component_ref idref="oc-43e"/>
      </symbol>
      <symbol id="sm-101d">
         <name>SPIDmaEnable</name>
         <value>0x2000bcc1</value>
         <object_component_ref idref="oc-420"/>
      </symbol>
      <symbol id="sm-101e">
         <name>SPIConfigSetExpClk</name>
         <value>0x200098c1</value>
         <object_component_ref idref="oc-408"/>
      </symbol>
      <symbol id="sm-101f">
         <name>SPIIntUnregister</name>
         <value>0x2000bd0f</value>
         <object_component_ref idref="oc-4dd"/>
      </symbol>
      <symbol id="sm-1020">
         <name>SPIFIFOLevelSet</name>
         <value>0x2000b6f9</value>
         <object_component_ref idref="oc-426"/>
      </symbol>
      <symbol id="sm-1021">
         <name>SPIDmaDisable</name>
         <value>0x2000bca7</value>
         <object_component_ref idref="oc-4e9"/>
      </symbol>
      <symbol id="sm-1022">
         <name>SPIReset</name>
         <value>0x2000ba87</value>
         <object_component_ref idref="oc-402"/>
      </symbol>
      <symbol id="sm-1023">
         <name>SPIIntEnable</name>
         <value>0x2000afa9</value>
         <object_component_ref idref="oc-438"/>
      </symbol>
      <symbol id="sm-1024">
         <name>SPIIntClear</name>
         <value>0x2000b1bd</value>
         <object_component_ref idref="oc-610"/>
      </symbol>
      <symbol id="sm-1025">
         <name>SPICSDisable</name>
         <value>0x2000bd29</value>
         <object_component_ref idref="oc-3f6"/>
      </symbol>
      <symbol id="sm-1058">
         <name>TimerLoadSet</name>
         <value>0x2000b869</value>
         <object_component_ref idref="oc-742"/>
      </symbol>
      <symbol id="sm-1059">
         <name>TimerEnable</name>
         <value>0x2000bb8b</value>
         <object_component_ref idref="oc-748"/>
      </symbol>
      <symbol id="sm-105a">
         <name>TimerValueGet</name>
         <value>0x2000bc01</value>
         <object_component_ref idref="oc-6f6"/>
      </symbol>
      <symbol id="sm-105b">
         <name>TimerPrescaleSet</name>
         <value>0x2000b893</value>
         <object_component_ref idref="oc-73c"/>
      </symbol>
      <symbol id="sm-105c">
         <name>TimerConfigure</name>
         <value>0x2000b2d9</value>
         <object_component_ref idref="oc-736"/>
      </symbol>
      <symbol id="sm-1098">
         <name>UARTConfigSetExpClk</name>
         <value>0x2000a6f9</value>
         <object_component_ref idref="oc-1d5"/>
      </symbol>
      <symbol id="sm-1099">
         <name>UARTDisable</name>
         <value>0x2000b72d</value>
         <object_component_ref idref="oc-3b3"/>
      </symbol>
      <symbol id="sm-109a">
         <name>UARTCharsAvail</name>
         <value>0x2000bd89</value>
         <object_component_ref idref="oc-1e7"/>
      </symbol>
      <symbol id="sm-109b">
         <name>UARTCharGetNonBlocking</name>
         <value>0x2000bc1d</value>
         <object_component_ref idref="oc-1ed"/>
      </symbol>
      <symbol id="sm-109c">
         <name>UARTCharPut</name>
         <value>0x2000bba9</value>
         <object_component_ref idref="oc-1db"/>
      </symbol>
      <symbol id="sm-109d">
         <name>UARTEnable</name>
         <value>0x2000b9f9</value>
         <object_component_ref idref="oc-3b9"/>
      </symbol>
      <symbol id="sm-10f4">
         <name>uDMAChannelControlSet</name>
         <value>0x2000b619</value>
         <object_component_ref idref="oc-79a"/>
      </symbol>
      <symbol id="sm-10f5">
         <name>uDMAChannelAttributeEnable</name>
         <value>0x2000ab25</value>
         <object_component_ref idref="oc-7a0"/>
      </symbol>
      <symbol id="sm-10f6">
         <name>uDMAChannelTransferSet</name>
         <value>0x20008b19</value>
         <object_component_ref idref="oc-7a6"/>
      </symbol>
      <symbol id="sm-10f7">
         <name>uDMAChannelAssign</name>
         <value>0x2000b171</value>
         <object_component_ref idref="oc-5ea"/>
      </symbol>
      <symbol id="sm-10f8">
         <name>uDMAChannelAttributeDisable</name>
         <value>0x2000aac1</value>
         <object_component_ref idref="oc-5f0"/>
      </symbol>
      <symbol id="sm-10f9">
         <name>uDMAChannelEnable</name>
         <value>0x2000bc71</value>
         <object_component_ref idref="oc-7ac"/>
      </symbol>
      <symbol id="sm-10fd">
         <name>UtilsDelay</name>
         <value>0x2000bf73</value>
         <object_component_ref idref="oc-166"/>
      </symbol>
      <symbol id="sm-1107">
         <name>CPUcpsie</name>
         <value>0x2000be6d</value>
         <object_component_ref idref="oc-360"/>
      </symbol>
      <symbol id="sm-1109">
         <name>__TI_static_base__</name>
         <value>0x2000c588</value>
      </symbol>
      <symbol id="sm-110c">
         <name>SHT$$INIT_ARRAY$$Limit</name>
         <value>0x0</value>
      </symbol>
      <symbol id="sm-110d">
         <name>SHT$$INIT_ARRAY$$Base</name>
         <value>0x0</value>
      </symbol>
   </symbol_table>
   <title>Link successful</title>
</link_info>
