******************************************************************************
                  TI ARM Linker PC v16.9.4                     
******************************************************************************
>> Linked Mon Apr 23 03:50:11 2018

OUTPUT FILE NAME:   <USR udp send from i2c.out>
ENTRY POINT SYMBOL: "_c_int00"  address: 2000b8bd


MEMORY CONFIGURATION

         name            origin    length      used     unused   attr    fill
----------------------  --------  ---------  --------  --------  ----  --------
  SRAM_CODE             20004000   00013000  00008a38  0000a5c8  RW X
  SRAM_DATA             20017000   00019000  000012f0  00017d10  RW X


SEGMENT ALLOCATION MAP

run origin  load origin   length   init length attrs members
----------  ----------- ---------- ----------- ----- -------
20004000    20004000    00008a38   00008a38    r-x
  20004000    20004000    00000400   00000400    r-- .intvecs
  20004400    20004400    00007fd0   00007fd0    r-x .text
  2000c3d0    2000c3d0    00000608   00000608    r-- .const
  2000c9d8    2000c9d8    00000060   00000060    r-- .cinit
20017000    20017000    00000af0   00000000    rw-
  20017000    20017000    00000800   00000000    rw- .sysmem
  20017800    20017800    00000248   00000000    rw- .bss
  20017a48    20017a48    000000a8   00000000    rw- .data
2002f800    2002f800    00000800   00000000    rw-
  2002f800    2002f800    00000800   00000000    rw- .stack


SECTION ALLOCATION MAP

 output                                  attributes/
section   page    origin      length       input sections
--------  ----  ----------  ----------   ----------------
.intvecs   0    20004000    00000400     
                  20004000    00000400     startup_ccs.obj (.intvecs)

.init_array 
*          0    20004000    00000000     UNINITIALIZED

.text      0    20004400    00007fd0     
                  20004400    00001122     rtsv7M4_T_le_eabi.lib : _printfi.obj (.text)
                  20005522    00000002     driverlib.a : interrupt.obj (.text:IntDefaultHandler)
                  20005524    00000fd8     main.obj (.text)
                  200064fc    00000590     simplelink.a : driver.obj (.text:_SlDrvMsgRead)
                  20006a8c    000003d0     rtsv7M4_T_le_eabi.lib : memory.obj (.text)
                  20006e5c    00000284     i2c_if.obj (.text)
                  200070e0    00000280     uart_if.obj (.text)
                  20007360    0000024c     simplelink.a : driver.obj (.text:_SlDrvRxHdrRead)
                  200075ac    000001f4     rtsv7M4_T_le_eabi.lib : ull_div_t2.obj (.text)
                  200077a0    000001d0     simplelink.a : driver.obj (.text:_SlDrvReleasePoolObj)
                  20007970    000001b6     rtsv7M4_T_le_eabi.lib : fd_add_t2.obj (.text)
                  20007b26    00000002                           : mpu_init.obj (.text)
                  20007b28    000001b4     simplelink.a : driver.obj (.text:_SlDrvDriverCBInit)
                  20007cdc    0000019c                  : driver.obj (.text:_SlDrvMsgWrite)
                  20007e78    00000190                  : driver.obj (.text:_SlDrvWaitForPoolObj)
                  20008008    00000178     driverlib.a : prcm.obj (.text:PRCMCC3200MCUInit)
                  20008180    00000170     simplelink.a : driver.obj (.text:_SlFindAndSetActiveObj)
                  200082f0    00000150                  : driver.obj (.text:_SlDrvDataWriteOp)
                  20008440    00000148                  : cc_pal.obj (.text:spi_Open)
                  20008588    00000144                  : driver.obj (.text:_SlDrvMsgReadCmdCtx)
                  200086cc    00000144                  : socket.obj (.text:sl_SendTo)
                  20008810    00000136     rtsv7M4_T_le_eabi.lib : fd_div_t2.obj (.text)
                  20008946    00000002                           : startup.obj (.text)
                  20008948    00000130     simplelink.a : driver.obj (.text:_SlDrvDriverCBDeinit)
                  20008a78    00000114     rtsv7M4_T_le_eabi.lib : strtoul.obj (.text)
                  20008b8c    00000104     simplelink.a : netapp.obj (.text:_SlDrvNetAppEventHandler)
                  20008c90    000000fc     rtsv7M4_T_le_eabi.lib : fd_mul_t2.obj (.text)
                  20008d8c    000000f0     simplelink.a : device.obj (.text:sl_Stop)
                  20008e7c    000000f0                  : cc_pal.obj (.text:spi_Read)
                  20008f6c    000000f0     driverlib.a : udma.obj (.text:uDMAChannelTransferSet)
                  2000905c    000000ec     simplelink.a : device.obj (.text:sl_Start)
                  20009148    000000e8                  : driver.obj (.text:_SlAsyncEventGenericHandler)
                  20009230    000000e8                  : driver.obj (.text:_SlDrvMsgReadSpawnCtx)
                  20009318    000000e4                  : netapp.obj (.text:sl_NetAppMDNSRegisterUnregisterService)
                  200093fc    000000dc                  : driver.obj (.text:_SlDrvClassifyRxMsg)
                  200094d8    000000d8                  : netcfg.obj (.text:sl_NetCfgGet)
                  200095b0    000000d4     pin_mux_config.obj (.text)
                  20009684    000000d0     rtsv7M4_T_le_eabi.lib : s_scalbn.obj (.text)
                  20009754    000000cc     simplelink.a : netapp.obj (.text:_sl_HandleAsync_DnsGetHostByService)
                  20009820    000000cc                  : device.obj (.text:sl_DevGet)
                  200098ec    000000c4                  : driver.obj (.text:_SlRemoveFromList)
                  200099b0    000000c0                  : driver.obj (.text:_SlDrvCmdOp)
                  20009a70    000000b0                  : nonos.obj (.text:_SlNonOsSemGet)
                  20009b20    000000a8     driverlib.a : interrupt.obj (.text:IntDisable)
                  20009bc8    000000a8                 : interrupt.obj (.text:IntEnable)
                  20009c70    000000a4     simplelink.a : driver.obj (.text:_SlDriverHandleError)
                  20009d14    000000a0     driverlib.a : spi.obj (.text:SPIConfigSetExpClk)
                  20009db4    0000009c     rtsv7M4_T_le_eabi.lib : memcpy_t2.obj (.text)
                  20009e50    0000009a     simplelink.a : device.obj (.text:_SlDrvDeviceEventHandler)
                  20009eea    00000002     --HOLE-- [fill = 0]
                  20009eec    00000098                  : netcfg.obj (.text:sl_NetCfgSet)
                  20009f84    00000098                  : wlan.obj (.text:sl_WlanSet)
                  2000a01c    00000098                  : cc_pal.obj (.text:spi_Write)
                  2000a0b4    00000094     driverlib.a : prcm.obj (.text:PRCMPeripheralClockGet)
                  2000a148    00000090     simplelink.a : netapp.obj (.text:_sl_HandleAsync_DnsGetHostByName)
                  2000a1d8    00000090                  : netapp.obj (.text:_sl_HandleAsync_PingResponse)
                  2000a268    00000090                  : wlan.obj (.text:sl_WlanPolicySet)
                  2000a2f8    0000008c                  : cc_pal.obj (.text:SetupDMAReceive)
                  2000a384    0000008c                  : cc_pal.obj (.text:SetupDMASend)
                  2000a410    0000008c                  : driver.obj (.text:_SlDrvIsTimeoutExpired)
                  2000a49c    0000008c                  : device.obj (.text:_sl_HandleAsync_InitComplete)
                  2000a528    0000008c                  : socket.obj (.text:sl_Socket)
                  2000a5b4    00000088     driverlib.a : pin.obj (.text:PinConfigSet)
                  2000a63c    00000088     rtsv7M4_T_le_eabi.lib : vsnprintf.obj (.text)
                  2000a6c4    00000086                           : fd_cmp_t2.obj (.text:__aeabi_cdcmple)
                  2000a74a    00000086                           : fd_cmp_t2.obj (.text:__aeabi_cdrcmple)
                  2000a7d0    00000084     driverlib.a : i2c.obj (.text:I2CMasterInitExpClk)
                  2000a854    00000084     simplelink.a : wlan.obj (.text:sl_WlanRxFilterSet)
                  2000a8d8    00000080                  : socket.obj (.text:_sl_HandleAsync_Connect)
                  2000a958    00000080                  : cc_pal.obj (.text:spi_Read_CPU)
                  2000a9d8    00000080                  : cc_pal.obj (.text:spi_Write_CPU)
                  2000aa58    0000007a     rtsv7M4_T_le_eabi.lib : memset_t2.obj (.text)
                  2000aad2    00000002     --HOLE-- [fill = 0]
                  2000aad4    00000078     simplelink.a : cc_pal.obj (.text:spi_Close)
                  2000ab4c    00000076     driverlib.a : uart.obj (.text:UARTConfigSetExpClk)
                  2000abc2    00000002     --HOLE-- [fill = 0]
                  2000abc4    00000074     simplelink.a : nonos.obj (.text:_SlNonOsMainLoopTask)
                  2000ac38    00000070     rtsv7M4_T_le_eabi.lib : autoinit.obj (.text)
                  2000aca8    0000006c     simplelink.a : driver.obj (.text:_SlDrvCmdSend)
                  2000ad14    0000006c                  : netapp.obj (.text:_sl_NetAppSendTokenValue)
                  2000ad80    00000068     rtsv7M4_T_le_eabi.lib : copy_decompress_lzss.obj (.text:decompress:lzss)
                  2000ade8    00000064     simplelink.a : nonos.obj (.text:_SlNonOsSpawn)
                  2000ae4c    00000064                  : socket.obj (.text:_sl_HandleAsync_Accept)
                  2000aeb0    00000064                  : netapp.obj (.text:sl_NetAppMDNSUnRegisterService)
                  2000af14    00000064     driverlib.a : udma.obj (.text:uDMAChannelAttributeDisable)
                  2000af78    00000064                 : udma.obj (.text:uDMAChannelAttributeEnable)
                  2000afdc    00000060     simplelink.a : socket.obj (.text:sl_Close)
                  2000b03c    00000060                  : wlan.obj (.text:sl_WlanProfileDel)
                  2000b09c    00000060                  : wlan.obj (.text:sl_WlanSetMode)
                  2000b0fc    0000005c     rtsv7M4_T_le_eabi.lib : s_frexp.obj (.text)
                  2000b158    00000058     driverlib.a : interrupt.obj (.text:IntPendClear)
                  2000b1b0    00000058                 : prcm.obj (.text:PRCMPeripheralReset)
                  2000b208    00000054                 : interrupt.obj (.text:IntPrioritySet)
                  2000b25c    00000054     simplelink.a : driver.obj (.text:_SlDrvRxIrqHandler)
                  2000b2b0    00000054                  : socket.obj (.text:_sl_HandleAsync_Select)
                  2000b304    00000054     rtsv7M4_T_le_eabi.lib : exit.obj (.text)
                  2000b358    00000054                           : ltoa.obj (.text)
                  2000b3ac    00000050     simplelink.a : device.obj (.text:_sl_HandleAsync_Stop)
                  2000b3fc    0000004c     driverlib.a : spi.obj (.text:SPIIntEnable)
                  2000b448    0000004c                 : spi.obj (.text:SPIIntNumberGet)
                  2000b494    0000004c     simplelink.a : driver.obj (.text:_SlDrvProtectAsyncRespSetting)
                  2000b4e0    0000004c                  : socket.obj (.text:_sl_BuildAddress)
                  2000b52c    0000004c     rtsv7M4_T_le_eabi.lib : atoi.obj (.text)
                  2000b578    0000004c                           : cpy_tbl.obj (.text)
                  2000b5c4    0000004c     driverlib.a : udma.obj (.text:uDMAChannelAssign)
                  2000b610    00000048                 : spi.obj (.text:SPIIntClear)
                  2000b658    00000048     simplelink.a : driver.obj (.text:_SlDrvBasicCmd)
                  2000b6a0    00000048     rtsv7M4_T_le_eabi.lib : fd_toi_t2.obj (.text)
                  2000b6e8    00000044     driverlib.a : spi.obj (.text:SPIDmaMaskGet)
                  2000b72c    00000044                 : timer.obj (.text:TimerConfigure)
                  2000b770    00000044     simplelink.a : driver.obj (.text:_SlDrvSyncObjWaitTimeout)
                  2000b7b4    00000044                  : cc_pal.obj (.text:cc_SetupTransfer)
                  2000b7f8    00000042                  : socket.obj (.text:sl_Htonl)
                  2000b83a    00000002     --HOLE-- [fill = 0]
                  2000b83c    00000040     driverlib.a : pin.obj (.text:PinModeSet)
                  2000b87c    00000040     simplelink.a : socket.obj (.text:_sl_TruncatePayloadByProtocol)
                  2000b8bc    00000040     rtsv7M4_T_le_eabi.lib : boot.obj (.text)
                  2000b8fc    00000040                           : strtok.obj (.text)
                  2000b93c    0000003e     simplelink.a : cc_pal.obj (.text:NwpRegisterInterruptHandler)
                  2000b97a    0000003c                  : netapp.obj (.text:CopyPingResultsToReport)
                  2000b9b6    00000002     --HOLE-- [fill = 0]
                  2000b9b8    0000003c     driverlib.a : prcm.obj (.text:PRCMPeripheralClkEnable)
                  2000b9f4    0000003c     simplelink.a : cc_pal.obj (.text:simplelink_timerA2_start)
                  2000ba30    0000003c                  : socket.obj (.text:sl_Htons)
                  2000ba6c    0000003c     driverlib.a : udma.obj (.text:uDMAChannelControlSet)
                  2000baa8    00000038     simplelink.a : cc_pal.obj (.text:NwpPowerOff)
                  2000bae0    00000038                  : wlan.obj (.text:sl_WlanDisconnect)
                  2000bb18    00000034     driverlib.a : prcm.obj (.text:PRCMPeripheralStatusGet)
                  2000bb4c    00000034                 : spi.obj (.text:SPIFIFOLevelSet)
                  2000bb80    00000030                 : uart.obj (.text:UARTDisable)
                  2000bbb0    0000002e     rtsv7M4_T_le_eabi.lib : i_tofd_t2.obj (.text)
                  2000bbde    0000002c     driverlib.a : i2c.obj (.text:I2CMasterErr)
                  2000bc0a    00000002     --HOLE-- [fill = 0]
                  2000bc0c    0000002c     simplelink.a : cc_pal.obj (.text:NwpPowerOn)
                  2000bc38    0000002c     driverlib.a : prcm.obj (.text:PRCMSysResetCauseGet)
                  2000bc64    0000002c     simplelink.a : driver.obj (.text:_SlDrvObjGlobalLockWaitForever)
                  2000bc90    0000002c                  : driver.obj (.text:_SlDrvProtectionObjLockWaitForever)
                  2000bcbc    0000002a     driverlib.a : timer.obj (.text:TimerLoadSet)
                  2000bce6    0000002a                 : timer.obj (.text:TimerPrescaleSet)
                  2000bd10    0000002a     rtsv7M4_T_le_eabi.lib : strspn.obj (.text)
                  2000bd3a    00000002     --HOLE-- [fill = 0]
                  2000bd3c    00000028     driverlib.a : prcm.obj (.text:PRCMPeripheralClkDisable)
                  2000bd64    00000028     simplelink.a : driver.obj (.text:_SlDrvGlobalObjUnLock)
                  2000bd8c    00000028                  : driver.obj (.text:_SlDrvProtectionObjUnLock)
                  2000bdb4    00000028                  : driver.obj (.text:_SlDrvSyncObjWaitForever)
                  2000bddc    00000026                  : driver.obj (.text:_SlDrvObjLockWaitForever)
                  2000be02    00000002     --HOLE-- [fill = 0]
                  2000be04    00000024                  : cc_pal.obj (.text:DmaSpiSwIntHandler)
                  2000be28    00000024     driverlib.a : interrupt.obj (.text:IntUnregister)
                  2000be4c    00000024                 : uart.obj (.text:UARTEnable)
                  2000be70    00000024     rtsv7M4_T_le_eabi.lib : memmov.obj (.text)
                  2000be94    00000024                           : strcspn.obj (.text)
                  2000beb8    00000022     driverlib.a : i2c.obj (.text:I2CMasterSlaveAddrSet)
                  2000beda    00000022                 : spi.obj (.text:SPIReset)
                  2000befc    00000022                 : spi.obj (.text:SPIWordCountSet)
                  2000bf1e    00000002     --HOLE-- [fill = 0]
                  2000bf20    00000020                 : interrupt.obj (.text:IntRegister)
                  2000bf40    00000020     simplelink.a : cc_pal.obj (.text:NwpPrePowerOffTimout0)
                  2000bf60    00000020                  : cc_pal.obj (.text:TimerGetCurrentTimestamp)
                  2000bf80    00000020                  : driver.obj (.text:_SlDrvObjUnLock)
                  2000bfa0    00000020                  : driver.obj (.text:_SlDrvSyncObjSignal)
                  2000bfc0    0000001e     driverlib.a : i2c.obj (.text:I2CMasterIntStatusEx)
                  2000bfde    0000001e                 : timer.obj (.text:TimerEnable)
                  2000bffc    0000001e                 : uart.obj (.text:UARTCharPut)
                  2000c01a    0000001e     simplelink.a : cc_pal.obj (.text:cc_UDMAChannelSelect)
                  2000c038    0000001c     driverlib.a : pin.obj (.text:PinTypeI2C)
                  2000c054    0000001c                 : timer.obj (.text:TimerValueGet)
                  2000c070    0000001c                 : uart.obj (.text:UARTCharGetNonBlocking)
                  2000c08c    0000001c     simplelink.a : driver.obj (.text:_SlDrvStartMeasureTimeout)
                  2000c0a8    0000001c     rtsv7M4_T_le_eabi.lib : memccpy.obj (.text)
                  2000c0c4    0000001c     driverlib.a : udma.obj (.text:uDMAChannelEnable)
                  2000c0e0    0000001a                 : pin.obj (.text:PinTypeUART)
                  2000c0fa    0000001a                 : spi.obj (.text:SPIDmaDisable)
                  2000c114    0000001a                 : spi.obj (.text:SPIDmaEnable)
                  2000c12e    0000001a                 : spi.obj (.text:SPIFIFODisable)
                  2000c148    0000001a                 : spi.obj (.text:SPIFIFOEnable)
                  2000c162    0000001a                 : spi.obj (.text:SPIIntUnregister)
                  2000c17c    00000018                 : spi.obj (.text:SPICSDisable)
                  2000c194    00000018                 : spi.obj (.text:SPICSEnable)
                  2000c1ac    00000018                 : spi.obj (.text:SPIDisable)
                  2000c1c4    00000018                 : spi.obj (.text:SPIEnable)
                  2000c1dc    00000018                 : uart.obj (.text:UARTCharsAvail)
                  2000c1f4    00000018     simplelink.a : nonos.obj (.text:_SlNonOsSemSet)
                  2000c20c    00000018                  : device.obj (.text:_sl_GetStartResponseConvert)
                  2000c224    00000018     rtsv7M4_T_le_eabi.lib : args_main.obj (.text)
                  2000c23c    00000016     driverlib.a : i2c.obj (.text:I2CMasterDataPut)
                  2000c252    00000016                 : i2c.obj (.text:I2CMasterEnable)
                  2000c268    00000016                 : prcm.obj (.text:PRCMHIBRegRead)
                  2000c27e    00000016                 : prcm.obj (.text:PRCMHIBRegWrite)
                  2000c294    00000016     simplelink.a : driver.obj (.text:_SlDrvMemZero)
                  2000c2aa    00000016     rtsv7M4_T_le_eabi.lib : strchr.obj (.text)
                  2000c2c0    00000014     driverlib.a : cpu.obj (.text:CPUcpsie)
                  2000c2d4    00000014                 : interrupt.obj (.text:IntVTableBaseSet)
                  2000c2e8    00000014     rtsv7M4_T_le_eabi.lib : _lock.obj (.text)
                  2000c2fc    00000014                           : strlen.obj (.text)
                  2000c310    00000012     driverlib.a : i2c.obj (.text:I2CMasterControl)
                  2000c322    00000012                 : i2c.obj (.text:I2CMasterIntClearEx)
                  2000c334    00000012                 : i2c.obj (.text:I2CMasterTimeoutSet)
                  2000c346    00000010     simplelink.a : driver.obj (.text:_SlDrvDispatchHttpServerEvents)
                  2000c356    0000000e     driverlib.a : i2c.obj (.text:I2CMasterDataGet)
                  2000c364    0000000e     simplelink.a : driver.obj (.text:_SlDrvResetCmdExt)
                  2000c372    0000000e     rtsv7M4_T_le_eabi.lib : copy_decompress_none.obj (.text:decompress:none)
                  2000c380    0000000e     startup_ccs.obj (.text)
                  2000c38e    00000002     --HOLE-- [fill = 0]
                  2000c390    0000000c     simplelink.a : cc_pal.obj (.text:NwpMaskInterrupt)
                  2000c39c    0000000c                  : cc_pal.obj (.text:NwpUnMaskInterrupt)
                  2000c3a8    0000000c     rtsv7M4_T_le_eabi.lib : copy_zero_init.obj (.text:decompress:ZI)
                  2000c3b4    0000000a     driverlib.a : interrupt.obj (.text:IntMasterEnable)
                  2000c3be    00000008     rtsv7M4_T_le_eabi.lib : s_copysign.obj (.text)
                  2000c3c6    00000006     driverlib.a : utils.obj (.text:UtilsDelay)
                  2000c3cc    00000004     rtsv7M4_T_le_eabi.lib : pre_init.obj (.text)

.const     0    2000c3d0    00000608     
                  2000c3d0    00000101     rtsv7M4_T_le_eabi.lib : ctype.obj (.const:.string:_ctypes_)
                  2000c4d1    00000003     --HOLE-- [fill = 0]
                  2000c4d4    00000100     driverlib.a : pin.obj (.const:g_ulPinToPadMap)
                  2000c5d4    000000d4                 : interrupt.obj (.const:g_pulRegs)
                  2000c6a8    000000a8                 : prcm.obj (.const:PRCM_PeriphRegsList)
                  2000c750    00000080                 : interrupt.obj (.const)
                  2000c7d0    0000003c     simplelink.a : driver.obj (.const:OpcodeTranslateTable)
                  2000c80c    00000038                  : driver.obj (.const:_SlActionLookupTable)
                  2000c844    0000002c     main.obj (.const:$P$T1$2)
                  2000c870    00000024     driverlib.a : spi.obj (.const:g_ppulSPIIntMap)
                  2000c894    00000022     main.obj (.const:.string:$P$T0$1)
                  2000c8b6    00000021     main.obj (.const:.string:$P$T5$6)
                  2000c8d7    00000001     --HOLE-- [fill = 0]
                  2000c8d8    00000020     simplelink.a : driver.obj (.const:RxMsgClassLUT)
                  2000c8f8    00000018     driverlib.a : spi.obj (.const)
                  2000c910    00000014     simplelink.a : driver.obj (.const:$P$T0$1)
                  2000c924    00000014                  : nonos.obj (.const:$P$T0$1)
                  2000c938    00000014     main.obj (.const:$P$T2$3)
                  2000c94c    00000010     main.obj (.const:$P$T6$7)
                  2000c95c    00000010     simplelink.a : socket.obj (.const:.string:_SlPayloadByProtocolLUT)
                  2000c96c    0000000e     main.obj (.const:.string:$P$T4$5)
                  2000c97a    0000000c     main.obj (.const:.string:$P$T3$4)
                  2000c986    00000008     simplelink.a : device.obj (.const:StartResponseLUT)
                  2000c98e    00000002     --HOLE-- [fill = 0]
                  2000c990    00000008                  : driver.obj (.const:g_H2NCnysPattern)
                  2000c998    00000008                  : driver.obj (.const:g_H2NSyncPattern)
                  2000c9a0    00000004                  : socket.obj (.const:$P$T1$2)
                  2000c9a4    00000004                  : device.obj (.const:_SlDeviceGetCmdCtrl)
                  2000c9a8    00000004                  : netapp.obj (.const:_SlNetAppSendTokenValueCmdCtrl)
                  2000c9ac    00000004                  : netcfg.obj (.const:_SlNetCfgGetCmdCtrl)
                  2000c9b0    00000004                  : netcfg.obj (.const:_SlNetCfgSetCmdCtrl)
                  2000c9b4    00000004                  : wlan.obj (.const:_SlPolicySetCmdCtrl)
                  2000c9b8    00000004                  : wlan.obj (.const:_SlProfileDelCmdCtrl)
                  2000c9bc    00000004                  : netapp.obj (.const:_SlRegisterServiceCtrl)
                  2000c9c0    00000004                  : wlan.obj (.const:_SlRxFilterSetCmdCtrl)
                  2000c9c4    00000004                  : socket.obj (.const:_SlSockCloseCmdCtrl)
                  2000c9c8    00000004                  : socket.obj (.const:_SlSockSocketCmdCtrl)
                  2000c9cc    00000004                  : device.obj (.const:_SlStopCmdCtrl)
                  2000c9d0    00000004                  : wlan.obj (.const:_SlWlanCfgSetCmdCtrl)
                  2000c9d4    00000004                  : wlan.obj (.const:_SlWlanSetModeCmdCtrl)

.cinit     0    2000c9d8    00000060     
                  2000c9d8    00000036     (.cinit..data.load) [load image, compression = lzss]
                  2000ca0e    00000002     --HOLE-- [fill = 0]
                  2000ca10    0000000c     (__TI_handler_table)
                  2000ca1c    00000004     --HOLE-- [fill = 0]
                  2000ca20    00000008     (.cinit..bss.load) [load image, compression = zero_init]
                  2000ca28    00000010     (__TI_cinit_table)

.sysmem    0    20017000    00000800     UNINITIALIZED
                  20017000    00000008     rtsv7M4_T_le_eabi.lib : memory.obj (.sysmem)
                  20017008    000007f8     --HOLE--

.bss       0    20017800    00000248     UNINITIALIZED
                  20017800    00000168     simplelink.a : driver.obj (.bss:g_StatMem)
                  20017968    00000080     (.common:g_cBsdBuf)
                  200179e8    00000050     (.common:g_ucDinDout)
                  20017a38    00000004     uart_if.obj (.bss)
                  20017a3c    00000004     (.common:iRetVal)
                  20017a40    00000004     (.common:temp)
                  20017a44    00000001     (.common:RxIrqCnt)
                  20017a45    00000001     (.common:g_bDeviceRestartIsRequired)
                  20017a46    00000001     (.common:g_cDummy)
                  20017a47    00000001     (.common:ucDHCP)

.data      0    20017a48    000000a8     UNINITIALIZED
                  20017a48    0000003c     simplelink.a : nonos.obj (.data:g__SlNonOsCB)
                  20017a84    00000024     main.obj (.data)
                  20017aa8    0000000d     simplelink.a : driver.obj (.data)
                  20017ab5    00000003     --HOLE--
                  20017ab8    0000000c     rtsv7M4_T_le_eabi.lib : exit.obj (.data:$O1$$)
                  20017ac4    0000000c                           : memory.obj (.data:$O1$$)
                  20017ad0    00000009     simplelink.a : cc_pal.obj (.data)
                  20017ad9    00000003     --HOLE--
                  20017adc    00000008     rtsv7M4_T_le_eabi.lib : _lock.obj (.data:$O1$$)
                  20017ae4    00000004                           : errno.obj (.data)
                  20017ae8    00000004                           : stkdepth_vars.obj (.data)
                  20017aec    00000004                           : strtok.obj (.data)

.stack     0    2002f800    00000800     UNINITIALIZED
                  2002f800    00000800     --HOLE--

MODULE SUMMARY

       Module                     code    ro data   rw data
       ------                     ----    -------   -------
    .\
       main.obj                   4056    173       173    
       startup_ccs.obj            14      1024      0      
       i2c_if.obj                 644     0         0      
       uart_if.obj                640     0         4      
       pin_mux_config.obj         212     0         0      
    +--+--------------------------+-------+---------+---------+
       Total:                     5566    1197      177    
                                                           
    C:/ti/CC3200SDK_1.3.0/cc3200-sdk/driverlib/ccs/Release/driverlib.a
       prcm.obj                   852     168       0      
       interrupt.obj              608     340       0      
       spi.obj                    798     60        0      
       udma.obj                   604     0         0      
       pin.obj                    254     256       0      
       i2c.obj                    352     0         0      
       uart.obj                   284     0         0      
       timer.obj                  210     0         0      
       cpu.obj                    20      0         0      
       utils.obj                  6       0         0      
    +--+--------------------------+-------+---------+---------+
       Total:                     3988    824       0      
                                                           
    C:/ti/CC3200SDK_1.3.0/cc3200-sdk/simplelink/ccs/NON_OS/simplelink.a
       driver.obj                 7230    184       375    
       cc_pal.obj                 1820    0         90     
       netapp.obj                 1248    8         0      
       socket.obj                 1138    28        0      
       device.obj                 1078    16        0      
       wlan.obj                   676     20        0      
       nonos.obj                  416     20        60     
       netcfg.obj                 368     8         0      
    +--+--------------------------+-------+---------+---------+
       Total:                     13974   284       525    
                                                           
    C:\ti\ccsv7\tools\compiler\ti-cgt-arm_16.9.4.LTS\lib\rtsv7M4_T_le_eabi.lib
       _printfi.obj               4386    0         0      
       memory.obj                 976     0         12     
       ull_div_t2.obj             500     0         0      
       fd_add_t2.obj              438     0         0      
       fd_div_t2.obj              310     0         0      
       strtoul.obj                276     0         0      
       fd_cmp_t2.obj              268     0         0      
       ctype.obj                  0       257       0      
       fd_mul_t2.obj              252     0         0      
       s_scalbn.obj               208     0         0      
       memcpy_t2.obj              156     0         0      
       vsnprintf.obj              136     0         0      
       memset_t2.obj              122     0         0      
       autoinit.obj               112     0         0      
       copy_decompress_lzss.obj   104     0         0      
       exit.obj                   84      0         12     
       s_frexp.obj                92      0         0      
       ltoa.obj                   84      0         0      
       atoi.obj                   76      0         0      
       cpy_tbl.obj                76      0         0      
       fd_toi_t2.obj              72      0         0      
       strtok.obj                 64      0         4      
       boot.obj                   64      0         0      
       i_tofd_t2.obj              46      0         0      
       strspn.obj                 42      0         0      
       memmov.obj                 36      0         0      
       strcspn.obj                36      0         0      
       _lock.obj                  20      0         8      
       memccpy.obj                28      0         0      
       args_main.obj              24      0         0      
       strchr.obj                 22      0         0      
       strlen.obj                 20      0         0      
       copy_decompress_none.obj   14      0         0      
       copy_zero_init.obj         12      0         0      
       s_copysign.obj             8       0         0      
       errno.obj                  0       0         4      
       pre_init.obj               4       0         0      
       stkdepth_vars.obj          0       0         4      
       mpu_init.obj               2       0         0      
       startup.obj                2       0         0      
    +--+--------------------------+-------+---------+---------+
       Total:                     9172    257       44     
                                                           
       Heap:                      0       0         2048   
       Stack:                     0       0         2048   
       Linker Generated:          0       90        0      
    +--+--------------------------+-------+---------+---------+
       Grand Total:               32700   2652      4842   


LINKER GENERATED COPY TABLES

__TI_cinit_table @ 2000ca28 records: 2, size/record: 8, table size: 16
	.data: load addr=2000c9d8, load size=00000036 bytes, run addr=20017a48, run size=000000a8 bytes, compression=lzss
	.bss: load addr=2000ca20, load size=00000008 bytes, run addr=20017800, run size=00000248 bytes, compression=zero_init


LINKER GENERATED HANDLER TABLE

__TI_handler_table @ 2000ca10 records: 3, size/record: 4, table size: 12
	index: 0, handler: __TI_decompress_lzss
	index: 1, handler: __TI_decompress_none
	index: 2, handler: __TI_zero_init


GLOBAL SYMBOLS: SORTED ALPHABETICALLY BY Name 

address   name                                  
-------   ----                                  
2000b305  C$$EXIT                               
2000c2c1  CPUcpsie                              
20007121  ClearTerm                             
20017a8c  DestIp                                
20005981  DisplayBuffer                         
20005525  DisplayPrompt                         
2000552f  DisplayUsage                          
2000be05  DmaSpiSwIntHandler                    
2000712b  Error                                 
20007163  GetCmd                                
2000c311  I2CMasterControl                      
2000c357  I2CMasterDataGet                      
2000c23d  I2CMasterDataPut                      
2000c253  I2CMasterEnable                       
2000bbdf  I2CMasterErr                          
2000a7d1  I2CMasterInitExpClk                   
2000c323  I2CMasterIntClearEx                   
2000bfc1  I2CMasterIntStatusEx                  
2000beb9  I2CMasterSlaveAddrSet                 
2000c335  I2CMasterTimeoutSet                   
200070cb  I2C_IF_Close                          
20007083  I2C_IF_Open                           
20006f81  I2C_IF_Read                           
2000703d  I2C_IF_ReadFrom                       
20006ed1  I2C_IF_Write                          
200070e1  InitTerm                              
20009b21  IntDisable                            
20009bc9  IntEnable                             
2000c3b5  IntMasterEnable                       
2000b159  IntPendClear                          
2000b209  IntPrioritySet                        
2000bf21  IntRegister                           
2000be29  IntUnregister                         
2000c2d5  IntVTableBaseSet                      
20005f41  IpAddressParser                       
200070ff  Message                               
2000c391  NwpMaskInterrupt                      
2000baa9  NwpPowerOff                           
2000bc0d  NwpPowerOn                            
2000bf41  NwpPrePowerOffTimout0                 
2000b93d  NwpRegisterInterruptHandler           
2000c39d  NwpUnMaskInterrupt                    
2000c7d0  OpcodeTranslateTable                  
20008009  PRCMCC3200MCUInit                     
2000c269  PRCMHIBRegRead                        
2000c27f  PRCMHIBRegWrite                       
2000bd3d  PRCMPeripheralClkDisable              
2000b9b9  PRCMPeripheralClkEnable               
2000a0b5  PRCMPeripheralClockGet                
2000b1b1  PRCMPeripheralReset                   
2000bb19  PRCMPeripheralStatusGet               
2000bc39  PRCMSysResetCauseGet                  
2000a5b5  PinConfigSet                          
2000b83d  PinModeSet                            
200095b1  PinMuxConfig                          
2000c039  PinTypeI2C                            
2000c0e1  PinTypeUART                           
200072a1  Report                                
2000c381  ResetISR                              
20017a44  RxIrqCnt                              
UNDEFED   SHT$$INIT_ARRAY$$Base                 
UNDEFED   SHT$$INIT_ARRAY$$Limit                
2000c17d  SPICSDisable                          
2000c195  SPICSEnable                           
20009d15  SPIConfigSetExpClk                    
2000c1ad  SPIDisable                            
2000c0fb  SPIDmaDisable                         
2000c115  SPIDmaEnable                          
2000c1c5  SPIEnable                             
2000c12f  SPIFIFODisable                        
2000c149  SPIFIFOEnable                         
2000bb4d  SPIFIFOLevelSet                       
2000b611  SPIIntClear                           
2000b3fd  SPIIntEnable                          
2000c163  SPIIntUnregister                      
2000bedb  SPIReset                              
2000befd  SPIWordCountSet                       
20005ae9  SimpleLinkGeneralEventHandler         
20005add  SimpleLinkHttpServerCallback          
20005a3d  SimpleLinkNetAppEventHandler          
20005b03  SimpleLinkSockEventHandler            
200059e1  SimpleLinkWlanEventHandler            
2000b72d  TimerConfigure                        
2000bfdf  TimerEnable                           
2000bf61  TimerGetCurrentTimestamp              
2000bcbd  TimerLoadSet                          
2000bce7  TimerPrescaleSet                      
2000c055  TimerValueGet                         
20007209  TrimSpace                             
2000c071  UARTCharGetNonBlocking                
2000bffd  UARTCharPut                           
2000c1dd  UARTCharsAvail                        
2000ab4d  UARTConfigSetExpClk                   
2000bb81  UARTDisable                           
2000be4d  UARTEnable                            
20006025  UDPTRANSMIT                           
2000c3c7  UtilsDelay                            
2000c80c  _SlActionLookupTable                  
20009c71  _SlDriverHandleError                  
2000b659  _SlDrvBasicCmd                        
200099b1  _SlDrvCmdOp                           
2000aca9  _SlDrvCmdSend                         
200082f1  _SlDrvDataWriteOp                     
20009e51  _SlDrvDeviceEventHandler              
2000c347  _SlDrvDispatchHttpServerEvents        
20008949  _SlDrvDriverCBDeinit                  
20007b29  _SlDrvDriverCBInit                    
2000bd65  _SlDrvGlobalObjUnLock                 
2000a411  _SlDrvIsTimeoutExpired                
2000c295  _SlDrvMemZero                         
20009231  _SlDrvMsgReadSpawnCtx                 
20008b8d  _SlDrvNetAppEventHandler              
2000bddd  _SlDrvObjLockWaitForever              
2000bf81  _SlDrvObjUnLock                       
2000b495  _SlDrvProtectAsyncRespSetting         
2000bc91  _SlDrvProtectionObjLockWaitForever    
2000bd8d  _SlDrvProtectionObjUnLock             
200077a1  _SlDrvReleasePoolObj                  
2000c365  _SlDrvResetCmdExt                     
2000b25d  _SlDrvRxIrqHandler                    
2000c08d  _SlDrvStartMeasureTimeout             
2000bfa1  _SlDrvSyncObjSignal                   
2000bdb5  _SlDrvSyncObjWaitForever              
2000b771  _SlDrvSyncObjWaitTimeout              
20007e79  _SlDrvWaitForPoolObj                  
2000c9a8  _SlNetAppSendTokenValueCmdCtrl        
2000abc5  _SlNonOsMainLoopTask                  
20009a71  _SlNonOsSemGet                        
2000c1f5  _SlNonOsSemSet                        
2000ade9  _SlNonOsSpawn                         
20030000  __STACK_END                           
00000800  __STACK_SIZE                          
00000800  __SYSMEM_SIZE                         
2000ca28  __TI_CINIT_Base                       
2000ca38  __TI_CINIT_Limit                      
2000ca10  __TI_Handler_Table_Base               
2000ca1c  __TI_Handler_Table_Limit              
2000ac39  __TI_auto_init                        
20017ab8  __TI_cleanup_ptr                      
2000ad81  __TI_decompress_lzss                  
2000c373  __TI_decompress_none                  
20017abc  __TI_dtors_ptr                        
20017ac0  __TI_enable_exit_profile_output       
ffffffff  __TI_pprof_out_hndl                   
20004c39  __TI_printfi                          
ffffffff  __TI_prof_data_size                   
ffffffff  __TI_prof_data_start                  
2000c9d8  __TI_static_base__                    
2000c3a9  __TI_zero_init                        
2000a6c5  __aeabi_cdcmpeq                       
2000a6c5  __aeabi_cdcmple                       
2000a74b  __aeabi_cdrcmple                      
2000b6a1  __aeabi_d2iz                          
2000797b  __aeabi_dadd                          
20008811  __aeabi_ddiv                          
20008c91  __aeabi_dmul                          
20007971  __aeabi_dsub                          
2000bbb1  __aeabi_i2d                           
2000aa59  __aeabi_memclr                        
2000aa59  __aeabi_memclr4                       
2000aa59  __aeabi_memclr8                       
20009db5  __aeabi_memcpy                        
20009db5  __aeabi_memcpy4                       
20009db5  __aeabi_memcpy8                       
2000aa5b  __aeabi_memset                        
2000aa5b  __aeabi_memset4                       
2000aa5b  __aeabi_memset8                       
200075ad  __aeabi_uldivmod                      
ffffffff  __binit__                             
ffffffff  __c_args__                            
20007b27  __mpu_init                            
2002f800  __stack                               
2000c225  _args_main                            
2000b8bd  _c_int00                              
2000c3d0  _ctypes_                              
20017adc  _lock                                 
2000c2f7  _nop                                  
2000c2ef  _register_lock                        
2000c2e9  _register_unlock                      
2000ae4d  _sl_HandleAsync_Accept                
2000a8d9  _sl_HandleAsync_Connect               
2000a149  _sl_HandleAsync_DnsGetHostByName      
20009755  _sl_HandleAsync_DnsGetHostByService   
2000a49d  _sl_HandleAsync_InitComplete          
2000a1d9  _sl_HandleAsync_PingResponse          
2000b2b1  _sl_HandleAsync_Select                
2000b3ad  _sl_HandleAsync_Stop                  
2000ad15  _sl_NetAppSendTokenValue              
20017000  _sys_memory                           
20008947  _system_post_cinit                    
2000c3cd  _system_pre_init                      
20017ae0  _unlock                               
2000b309  abort                                 
2000b52d  atoi                                  
ffffffff  binit                                 
20006e2d  calloc                                
2000b579  copy_in                               
2000c3bf  copysign                              
2000c3bf  copysignl                             
20017ae4  errno                                 
2000b311  exit                                  
20006b77  free                                  
2000b0fd  frexp                                 
2000b0fd  frexpl                                
20017aa8  g_SlDeviceStatus                      
20017ad0  g_SpiFd                               
20017a48  g__SlNonOsCB                          
20017a45  g_bDeviceRestartIsRequired            
20017968  g_cBsdBuf                             
20017a46  g_cDummy                              
20017aac  g_pCB                                 
20017ad4  g_pHostIntHdl                         
20004000  g_pfnVectors                          
20017ad8  g_ucDMAEnabled                        
200179e8  g_ucDinDout                           
20017a9c  g_ucSimplelinkstarted                 
20017a94  g_uiPortNum                           
20017a90  g_ulDestinationIp                     
20017a88  g_ulGatewayIP                         
20017aa0  g_ulIpAddr                            
20017a98  g_ulPacketCount                       
20017a84  g_ulStatus                            
20017a3c  iRetVal                               
20017aa4  lRetVal                               
20009685  ldexp                                 
20009685  ldexpl                                
2000b359  ltoa                                  
20006259  main                                  
20017ae8  main_func_sp                          
20006b0d  malloc                                
20006d41  memalign                              
2000c0a9  memccpy                               
20009db5  memcpy                                
2000be71  memmove                               
2000aa61  memset                                
20006a8d  minit                                 
20017ab0  pPingCallBackFunc                     
20006c39  realloc                               
20009685  scalbn                                
20009685  scalbnl                               
2000b9f5  simplelink_timerA2_start              
2000afdd  sl_Close                              
20009821  sl_DevGet                             
2000b7f9  sl_Htonl                              
2000ba31  sl_Htons                              
20009319  sl_NetAppMDNSRegisterUnregisterService
2000aeb1  sl_NetAppMDNSUnRegisterService        
200094d9  sl_NetCfgGet                          
20009eed  sl_NetCfgSet                          
200086cd  sl_SendTo                             
2000a529  sl_Socket                             
2000905d  sl_Start                              
20008d8d  sl_Stop                               
2000bae1  sl_WlanDisconnect                     
2000a269  sl_WlanPolicySet                      
2000b03d  sl_WlanProfileDel                     
2000a855  sl_WlanRxFilterSet                    
20009f85  sl_WlanSet                            
2000b09d  sl_WlanSetMode                        
2000aad5  spi_Close                             
20008441  spi_Open                              
20008e7d  spi_Read                              
2000a01d  spi_Write                             
2000c2ab  strchr                                
2000be95  strcspn                               
2000c2fd  strlen                                
2000bd11  strspn                                
2000b8fd  strtok                                
20008a79  strtoul                               
20017a40  temp                                  
2000b5c5  uDMAChannelAssign                     
2000af15  uDMAChannelAttributeDisable           
2000af79  uDMAChannelAttributeEnable            
2000ba6d  uDMAChannelControlSet                 
2000c0c5  uDMAChannelEnable                     
20008f6d  uDMAChannelTransferSet                
20017a47  ucDHCP                                
2000a63d  vsnprintf                             


GLOBAL SYMBOLS: SORTED BY Symbol Address 

address   name                                  
-------   ----                                  
00000800  __STACK_SIZE                          
00000800  __SYSMEM_SIZE                         
20004000  g_pfnVectors                          
20004c39  __TI_printfi                          
20005525  DisplayPrompt                         
2000552f  DisplayUsage                          
20005981  DisplayBuffer                         
200059e1  SimpleLinkWlanEventHandler            
20005a3d  SimpleLinkNetAppEventHandler          
20005add  SimpleLinkHttpServerCallback          
20005ae9  SimpleLinkGeneralEventHandler         
20005b03  SimpleLinkSockEventHandler            
20005f41  IpAddressParser                       
20006025  UDPTRANSMIT                           
20006259  main                                  
20006a8d  minit                                 
20006b0d  malloc                                
20006b77  free                                  
20006c39  realloc                               
20006d41  memalign                              
20006e2d  calloc                                
20006ed1  I2C_IF_Write                          
20006f81  I2C_IF_Read                           
2000703d  I2C_IF_ReadFrom                       
20007083  I2C_IF_Open                           
200070cb  I2C_IF_Close                          
200070e1  InitTerm                              
200070ff  Message                               
20007121  ClearTerm                             
2000712b  Error                                 
20007163  GetCmd                                
20007209  TrimSpace                             
200072a1  Report                                
200075ad  __aeabi_uldivmod                      
200077a1  _SlDrvReleasePoolObj                  
20007971  __aeabi_dsub                          
2000797b  __aeabi_dadd                          
20007b27  __mpu_init                            
20007b29  _SlDrvDriverCBInit                    
20007e79  _SlDrvWaitForPoolObj                  
20008009  PRCMCC3200MCUInit                     
200082f1  _SlDrvDataWriteOp                     
20008441  spi_Open                              
200086cd  sl_SendTo                             
20008811  __aeabi_ddiv                          
20008947  _system_post_cinit                    
20008949  _SlDrvDriverCBDeinit                  
20008a79  strtoul                               
20008b8d  _SlDrvNetAppEventHandler              
20008c91  __aeabi_dmul                          
20008d8d  sl_Stop                               
20008e7d  spi_Read                              
20008f6d  uDMAChannelTransferSet                
2000905d  sl_Start                              
20009231  _SlDrvMsgReadSpawnCtx                 
20009319  sl_NetAppMDNSRegisterUnregisterService
200094d9  sl_NetCfgGet                          
200095b1  PinMuxConfig                          
20009685  ldexp                                 
20009685  ldexpl                                
20009685  scalbn                                
20009685  scalbnl                               
20009755  _sl_HandleAsync_DnsGetHostByService   
20009821  sl_DevGet                             
200099b1  _SlDrvCmdOp                           
20009a71  _SlNonOsSemGet                        
20009b21  IntDisable                            
20009bc9  IntEnable                             
20009c71  _SlDriverHandleError                  
20009d15  SPIConfigSetExpClk                    
20009db5  __aeabi_memcpy                        
20009db5  __aeabi_memcpy4                       
20009db5  __aeabi_memcpy8                       
20009db5  memcpy                                
20009e51  _SlDrvDeviceEventHandler              
20009eed  sl_NetCfgSet                          
20009f85  sl_WlanSet                            
2000a01d  spi_Write                             
2000a0b5  PRCMPeripheralClockGet                
2000a149  _sl_HandleAsync_DnsGetHostByName      
2000a1d9  _sl_HandleAsync_PingResponse          
2000a269  sl_WlanPolicySet                      
2000a411  _SlDrvIsTimeoutExpired                
2000a49d  _sl_HandleAsync_InitComplete          
2000a529  sl_Socket                             
2000a5b5  PinConfigSet                          
2000a63d  vsnprintf                             
2000a6c5  __aeabi_cdcmpeq                       
2000a6c5  __aeabi_cdcmple                       
2000a74b  __aeabi_cdrcmple                      
2000a7d1  I2CMasterInitExpClk                   
2000a855  sl_WlanRxFilterSet                    
2000a8d9  _sl_HandleAsync_Connect               
2000aa59  __aeabi_memclr                        
2000aa59  __aeabi_memclr4                       
2000aa59  __aeabi_memclr8                       
2000aa5b  __aeabi_memset                        
2000aa5b  __aeabi_memset4                       
2000aa5b  __aeabi_memset8                       
2000aa61  memset                                
2000aad5  spi_Close                             
2000ab4d  UARTConfigSetExpClk                   
2000abc5  _SlNonOsMainLoopTask                  
2000ac39  __TI_auto_init                        
2000aca9  _SlDrvCmdSend                         
2000ad15  _sl_NetAppSendTokenValue              
2000ad81  __TI_decompress_lzss                  
2000ade9  _SlNonOsSpawn                         
2000ae4d  _sl_HandleAsync_Accept                
2000aeb1  sl_NetAppMDNSUnRegisterService        
2000af15  uDMAChannelAttributeDisable           
2000af79  uDMAChannelAttributeEnable            
2000afdd  sl_Close                              
2000b03d  sl_WlanProfileDel                     
2000b09d  sl_WlanSetMode                        
2000b0fd  frexp                                 
2000b0fd  frexpl                                
2000b159  IntPendClear                          
2000b1b1  PRCMPeripheralReset                   
2000b209  IntPrioritySet                        
2000b25d  _SlDrvRxIrqHandler                    
2000b2b1  _sl_HandleAsync_Select                
2000b305  C$$EXIT                               
2000b309  abort                                 
2000b311  exit                                  
2000b359  ltoa                                  
2000b3ad  _sl_HandleAsync_Stop                  
2000b3fd  SPIIntEnable                          
2000b495  _SlDrvProtectAsyncRespSetting         
2000b52d  atoi                                  
2000b579  copy_in                               
2000b5c5  uDMAChannelAssign                     
2000b611  SPIIntClear                           
2000b659  _SlDrvBasicCmd                        
2000b6a1  __aeabi_d2iz                          
2000b72d  TimerConfigure                        
2000b771  _SlDrvSyncObjWaitTimeout              
2000b7f9  sl_Htonl                              
2000b83d  PinModeSet                            
2000b8bd  _c_int00                              
2000b8fd  strtok                                
2000b93d  NwpRegisterInterruptHandler           
2000b9b9  PRCMPeripheralClkEnable               
2000b9f5  simplelink_timerA2_start              
2000ba31  sl_Htons                              
2000ba6d  uDMAChannelControlSet                 
2000baa9  NwpPowerOff                           
2000bae1  sl_WlanDisconnect                     
2000bb19  PRCMPeripheralStatusGet               
2000bb4d  SPIFIFOLevelSet                       
2000bb81  UARTDisable                           
2000bbb1  __aeabi_i2d                           
2000bbdf  I2CMasterErr                          
2000bc0d  NwpPowerOn                            
2000bc39  PRCMSysResetCauseGet                  
2000bc91  _SlDrvProtectionObjLockWaitForever    
2000bcbd  TimerLoadSet                          
2000bce7  TimerPrescaleSet                      
2000bd11  strspn                                
2000bd3d  PRCMPeripheralClkDisable              
2000bd65  _SlDrvGlobalObjUnLock                 
2000bd8d  _SlDrvProtectionObjUnLock             
2000bdb5  _SlDrvSyncObjWaitForever              
2000bddd  _SlDrvObjLockWaitForever              
2000be05  DmaSpiSwIntHandler                    
2000be29  IntUnregister                         
2000be4d  UARTEnable                            
2000be71  memmove                               
2000be95  strcspn                               
2000beb9  I2CMasterSlaveAddrSet                 
2000bedb  SPIReset                              
2000befd  SPIWordCountSet                       
2000bf21  IntRegister                           
2000bf41  NwpPrePowerOffTimout0                 
2000bf61  TimerGetCurrentTimestamp              
2000bf81  _SlDrvObjUnLock                       
2000bfa1  _SlDrvSyncObjSignal                   
2000bfc1  I2CMasterIntStatusEx                  
2000bfdf  TimerEnable                           
2000bffd  UARTCharPut                           
2000c039  PinTypeI2C                            
2000c055  TimerValueGet                         
2000c071  UARTCharGetNonBlocking                
2000c08d  _SlDrvStartMeasureTimeout             
2000c0a9  memccpy                               
2000c0c5  uDMAChannelEnable                     
2000c0e1  PinTypeUART                           
2000c0fb  SPIDmaDisable                         
2000c115  SPIDmaEnable                          
2000c12f  SPIFIFODisable                        
2000c149  SPIFIFOEnable                         
2000c163  SPIIntUnregister                      
2000c17d  SPICSDisable                          
2000c195  SPICSEnable                           
2000c1ad  SPIDisable                            
2000c1c5  SPIEnable                             
2000c1dd  UARTCharsAvail                        
2000c1f5  _SlNonOsSemSet                        
2000c225  _args_main                            
2000c23d  I2CMasterDataPut                      
2000c253  I2CMasterEnable                       
2000c269  PRCMHIBRegRead                        
2000c27f  PRCMHIBRegWrite                       
2000c295  _SlDrvMemZero                         
2000c2ab  strchr                                
2000c2c1  CPUcpsie                              
2000c2d5  IntVTableBaseSet                      
2000c2e9  _register_unlock                      
2000c2ef  _register_lock                        
2000c2f7  _nop                                  
2000c2fd  strlen                                
2000c311  I2CMasterControl                      
2000c323  I2CMasterIntClearEx                   
2000c335  I2CMasterTimeoutSet                   
2000c347  _SlDrvDispatchHttpServerEvents        
2000c357  I2CMasterDataGet                      
2000c365  _SlDrvResetCmdExt                     
2000c373  __TI_decompress_none                  
2000c381  ResetISR                              
2000c391  NwpMaskInterrupt                      
2000c39d  NwpUnMaskInterrupt                    
2000c3a9  __TI_zero_init                        
2000c3b5  IntMasterEnable                       
2000c3bf  copysign                              
2000c3bf  copysignl                             
2000c3c7  UtilsDelay                            
2000c3cd  _system_pre_init                      
2000c3d0  _ctypes_                              
2000c7d0  OpcodeTranslateTable                  
2000c80c  _SlActionLookupTable                  
2000c9a8  _SlNetAppSendTokenValueCmdCtrl        
2000c9d8  __TI_static_base__                    
2000ca10  __TI_Handler_Table_Base               
2000ca1c  __TI_Handler_Table_Limit              
2000ca28  __TI_CINIT_Base                       
2000ca38  __TI_CINIT_Limit                      
20017000  _sys_memory                           
20017968  g_cBsdBuf                             
200179e8  g_ucDinDout                           
20017a3c  iRetVal                               
20017a40  temp                                  
20017a44  RxIrqCnt                              
20017a45  g_bDeviceRestartIsRequired            
20017a46  g_cDummy                              
20017a47  ucDHCP                                
20017a48  g__SlNonOsCB                          
20017a84  g_ulStatus                            
20017a88  g_ulGatewayIP                         
20017a8c  DestIp                                
20017a90  g_ulDestinationIp                     
20017a94  g_uiPortNum                           
20017a98  g_ulPacketCount                       
20017a9c  g_ucSimplelinkstarted                 
20017aa0  g_ulIpAddr                            
20017aa4  lRetVal                               
20017aa8  g_SlDeviceStatus                      
20017aac  g_pCB                                 
20017ab0  pPingCallBackFunc                     
20017ab8  __TI_cleanup_ptr                      
20017abc  __TI_dtors_ptr                        
20017ac0  __TI_enable_exit_profile_output       
20017ad0  g_SpiFd                               
20017ad4  g_pHostIntHdl                         
20017ad8  g_ucDMAEnabled                        
20017adc  _lock                                 
20017ae0  _unlock                               
20017ae4  errno                                 
20017ae8  main_func_sp                          
2002f800  __stack                               
20030000  __STACK_END                           
ffffffff  __TI_pprof_out_hndl                   
ffffffff  __TI_prof_data_size                   
ffffffff  __TI_prof_data_start                  
ffffffff  __binit__                             
ffffffff  __c_args__                            
ffffffff  binit                                 
UNDEFED   SHT$$INIT_ARRAY$$Base                 
UNDEFED   SHT$$INIT_ARRAY$$Limit                

[278 symbols]
